 dtadk

 Timestamp is 5475d913 (Wed Nov 26 14:43:47 2014)

 Preferred load address is 00000000

 Start         Length     Name                   Class
 0001:00000000 0002edb2H .text                   CODE
 0002:00000000 000002acH .idata$5                DATA
 0002:000002ac 00000004H .CRT$XCA                DATA
 0002:000002b0 00000004H .CRT$XCZ                DATA
 0002:000002b4 00000004H .CRT$XIA                DATA
 0002:000002b8 00000014H .CRT$XIC                DATA
 0002:000002cc 00000004H .CRT$XIZ                DATA
 0002:000002d0 00000004H .CRT$XPA                DATA
 0002:000002d4 00000004H .CRT$XPX                DATA
 0002:000002d8 00000004H .CRT$XPXA               DATA
 0002:000002dc 00000004H .CRT$XPZ                DATA
 0002:000002e0 00000004H .CRT$XTA                DATA
 0002:000002e4 00000004H .CRT$XTZ                DATA
 0002:000002f0 00004298H .rdata                  DATA
 0002:00004588 0000009aH .rdata$debug            DATA
 0002:00004630 0000000cH .rdata$sxdata           DATA
 0002:0000463c 00000004H .rtc$IAA                DATA
 0002:00004640 00000004H .rtc$IZZ                DATA
 0002:00004644 00000004H .rtc$TAA                DATA
 0002:00004648 00000004H .rtc$TZZ                DATA
 0002:00004650 00000764H .xdata$x                DATA
 0002:00004db4 0000003cH .idata$2                DATA
 0002:00004df0 00000014H .idata$3                DATA
 0002:00004e04 000002acH .idata$4                DATA
 0002:000050b0 00000b6eH .idata$6                DATA
 0002:00005c20 00000584H .edata                  DATA
 0003:00000000 0000152cH .data                   DATA
 0003:00001540 000026c4H .bss                    DATA

  Address         Publics by Value              Rva+Base       Lib:Object

 0000:00000000       __except_list              00000000     <absolute>
 0000:00000003       ___safe_se_handler_count   00000003     <absolute>
 0000:00000000       ___ImageBase               00000000     <linker-defined>
 0001:00000130       _dynatrace_set             00001130 f   dynatrace_adk.obj
 0001:00000200       _dynatrace_initialize      00001200 f   dynatrace_adk.obj
 0001:00000c10       _dynatrace_reinitialize    00001c10 f   dynatrace_adk.obj
 0001:00000e00       _dynatrace_uninitialize    00001e00 f   dynatrace_adk.obj
 0001:00001050       _dynatrace_get_method_id   00002050 f   dynatrace_adk.obj
 0001:00001090       _dynatrace_get_method_id_with_charset 00002090 f   dynatrace_adk.obj
 0001:000010e0       _dynatrace_get_serial_no   000020e0 f   dynatrace_adk.obj
 0001:00001110       _dynatrace_enter           00002110 f   dynatrace_adk.obj
 0001:00001140       _dynatrace_exit            00002140 f   dynatrace_adk.obj
 0001:00001170       _dynatrace_exit_exception  00002170 f   dynatrace_adk.obj
 0001:000011a0       _dynatrace_capture_bool    000021a0 f   dynatrace_adk.obj
 0001:000011e0       _dynatrace_capture_char    000021e0 f   dynatrace_adk.obj
 0001:00001220       _dynatrace_capture_double  00002220 f   dynatrace_adk.obj
 0001:00001260       _dynatrace_capture_float   00002260 f   dynatrace_adk.obj
 0001:000012a0       _dynatrace_capture_int16   000022a0 f   dynatrace_adk.obj
 0001:000012e0       _dynatrace_capture_int32   000022e0 f   dynatrace_adk.obj
 0001:00001320       _dynatrace_capture_int64   00002320 f   dynatrace_adk.obj
 0001:00001360       _dynatrace_capture_string_with_charset 00002360 f   dynatrace_adk.obj
 0001:000013b0       _dynatrace_capture_string  000023b0 f   dynatrace_adk.obj
 0001:000013f0       _dynatrace_exception_throw 000023f0 f   dynatrace_adk.obj
 0001:00001420       _dynatrace_exception_throw_with_charset 00002420 f   dynatrace_adk.obj
 0001:00001460       _dynatrace_custom_log      00002460 f   dynatrace_adk.obj
 0001:00001490       _dynatrace_custom_log_with_charset 00002490 f   dynatrace_adk.obj
 0001:000014d0       _dynatrace_link_client_purepath 000024d0 f   dynatrace_adk.obj
 0001:00001500       _dynatrace_link_client_purepath_by_string 00002500 f   dynatrace_adk.obj
 0001:00001530       _dynatrace_link_client_purepath_by_customtag 00002530 f   dynatrace_adk.obj
 0001:00001570       _dynatrace_start_server_purepath 00002570 f   dynatrace_adk.obj
 0001:00001590       _dynatrace_end_server_purepath 00002590 f   dynatrace_adk.obj
 0001:000015b0       _dynatrace_get_tag_as_string 000025b0 f   dynatrace_adk.obj
 0001:000015f0       _dynatrace_set_tag_from_string 000025f0 f   dynatrace_adk.obj
 0001:00001620       _dynatrace_get_tag         00002620 f   dynatrace_adk.obj
 0001:00001660       _dynatrace_set_tag         00002660 f   dynatrace_adk.obj
 0001:00001690       _dynatrace_set_customtag   00002690 f   dynatrace_adk.obj
 0001:000016c0       _dynatrace_get_tag_size    000026c0 f   dynatrace_adk.obj
 0001:000016e0       _dynatrace_tag_to_string   000026e0 f   dynatrace_adk.obj
 0001:00001720       _dynatrace_string_to_tag   00002720 f   dynatrace_adk.obj
 0001:00001760       _dynatrace_is_tag_valid    00002760 f   dynatrace_adk.obj
 0001:00001790       _dynatrace_agent_log       00002790 f   dynatrace_adk.obj
 0001:000017f0       _apr_threadattr_create@8   000027f0 f   apr-1:thread.obj
 0001:00001830       _apr_threadattr_detach_set@8 00002830 f   apr-1:thread.obj
 0001:00001850       _apr_threadattr_detach_get@4 00002850 f   apr-1:thread.obj
 0001:00001870       _apr_threadattr_stacksize_set@8 00002870 f   apr-1:thread.obj
 0001:00001890       _apr_threadattr_guardsize_set@8 00002890 f   apr-1:thread.obj
 0001:000018d0       _apr_thread_create@20      000028d0 f   apr-1:thread.obj
 0001:00001990       _apr_thread_exit@8         00002990 f   apr-1:thread.obj
 0001:000019c0       _apr_thread_join@8         000029c0 f   apr-1:thread.obj
 0001:00001a40       _apr_thread_detach@4       00002a40 f   apr-1:thread.obj
 0001:00001a80       _apr_thread_yield@0        00002a80 f   apr-1:thread.obj
 0001:00001ac0       _apr_thread_data_get@12    00002ac0 f   apr-1:thread.obj
 0001:00001ae0       _apr_thread_data_set@16    00002ae0 f   apr-1:thread.obj
 0001:00001b00       _apr_os_thread_current@0   00002b00 f   apr-1:thread.obj
 0001:00001b60       _apr_os_thread_get@8       00002b60 f   apr-1:thread.obj
 0001:00001b90       _apr_os_thread_put@12      00002b90 f   apr-1:thread.obj
 0001:00001bd0       _apr_thread_once_init@8    00002bd0 f   apr-1:thread.obj
 0001:00001c00       _apr_thread_once@8         00002c00 f   apr-1:thread.obj
 0001:00001c20       _apr_os_thread_equal@8     00002c20 f   apr-1:thread.obj
 0001:00001c40       _apr_thread_pool_get@4     00002c40 f   apr-1:thread.obj
 0001:00001e00       _apr_time_ansi_put@12      00002e00 f   apr-1:time.obj
 0001:00001e30       _apr_time_now@0            00002e30 f   apr-1:time.obj
 0001:00001e70       _apr_time_exp_gmt@12       00002e70 f   apr-1:time.obj
 0001:00001f10       _apr_time_exp_tz@16        00002f10 f   apr-1:time.obj
 0001:00001fc0       _apr_time_exp_lt@12        00002fc0 f   apr-1:time.obj
 0001:000021d0       _apr_time_exp_get@8        000031d0 f   apr-1:time.obj
 0001:00002320       _apr_time_exp_gmt_get@8    00003320 f   apr-1:time.obj
 0001:00002360       _apr_os_imp_time_get@8     00003360 f   apr-1:time.obj
 0001:000023b0       _apr_os_exp_time_get@8     000033b0 f   apr-1:time.obj
 0001:00002430       _apr_os_imp_time_put@12    00003430 f   apr-1:time.obj
 0001:00002490       _apr_os_exp_time_put@12    00003490 f   apr-1:time.obj
 0001:000024b0       _apr_sleep@8               000034b0 f   apr-1:time.obj
 0001:00002530       _apr_time_clock_hires@4    00003530 f   apr-1:time.obj
 0001:00002590       _apr_os_dso_handle_put@12  00003590 f   apr-1:dso.obj
 0001:000025c0       _apr_os_dso_handle_get@8   000035c0 f   apr-1:dso.obj
 0001:00002620       _apr_dso_load@12           00003620 f   apr-1:dso.obj
 0001:00002810       _apr_dso_unload@4          00003810 f   apr-1:dso.obj
 0001:00002830       _apr_dso_sym@12            00003830 f   apr-1:dso.obj
 0001:00002880       _apr_dso_error@12          00003880 f   apr-1:dso.obj
 0001:000028a0       _apr_cpystrn@12            000038a0 f   apr-1:apr_cpystrn.obj
 0001:000028e0       _apr_tokenize_to_argv@12   000038e0 f   apr-1:apr_cpystrn.obj
 0001:00002ad0       _apr_filepath_name_get@4   00003ad0 f   apr-1:apr_cpystrn.obj
 0001:00002b20       _apr_collapse_spaces@8     00003b20 f   apr-1:apr_cpystrn.obj
 0001:00003490       _apr_vformatter@16         00004490 f   apr-1:apr_snprintf.obj
 0001:000044e0       _apr_snprintf              000054e0 f   apr-1:apr_snprintf.obj
 0001:00004530       _apr_vsnprintf@16          00005530 f   apr-1:apr_snprintf.obj
 0001:00004590       _apr_allocator_create@4    00005590 f   apr-1:apr_pools.obj
 0001:000045e0       _apr_allocator_destroy@4   000055e0 f   apr-1:apr_pools.obj
 0001:00004620       _apr_allocator_mutex_set@8 00005620 f   apr-1:apr_pools.obj
 0001:00004630       _apr_allocator_mutex_get@4 00005630 f   apr-1:apr_pools.obj
 0001:00004640       _apr_allocator_owner_set@8 00005640 f   apr-1:apr_pools.obj
 0001:00004650       _apr_allocator_owner_get@4 00005650 f   apr-1:apr_pools.obj
 0001:00004660       _apr_allocator_max_free_set@8 00005660 f   apr-1:apr_pools.obj
 0001:000048a0       _apr_allocator_alloc@8     000058a0 f   apr-1:apr_pools.obj
 0001:000048c0       _apr_allocator_free@8      000058c0 f   apr-1:apr_pools.obj
 0001:000048e0       _apr_palloc@8              000058e0 f   apr-1:apr_pools.obj
 0001:000049e0       _apr_pcalloc@8             000059e0 f   apr-1:apr_pools.obj
 0001:00004a10       _apr_pool_create_ex@16     00005a10 f   apr-1:apr_pools.obj
 0001:00004b10       _apr_pool_create_unmanaged_ex@12 00005b10 f   apr-1:apr_pools.obj
 0001:00004cf0       _apr_pvsprintf@12          00005cf0 f   apr-1:apr_pools.obj
 0001:00004e00       _apr_psprintf              00005e00 f   apr-1:apr_pools.obj
 0001:00004e20       _apr_pool_abort_set@8      00005e20 f   apr-1:apr_pools.obj
 0001:00004e30       _apr_pool_abort_get@4      00005e30 f   apr-1:apr_pools.obj
 0001:00004e40       _apr_pool_parent_get@4     00005e40 f   apr-1:apr_pools.obj
 0001:00004e50       _apr_pool_allocator_get@4  00005e50 f   apr-1:apr_pools.obj
 0001:00004e60       _apr_pool_is_ancestor@8    00005e60 f   apr-1:apr_pools.obj
 0001:00004e90       _apr_pool_tag@8            00005e90 f   apr-1:apr_pools.obj
 0001:00004ea0       _apr_pool_userdata_get@12  00005ea0 f   apr-1:apr_pools.obj
 0001:00004ed0       _apr_pool_cleanup_register@16 00005ed0 f   apr-1:apr_pools.obj
 0001:00004f10       _apr_pool_pre_cleanup_register@12 00005f10 f   apr-1:apr_pools.obj
 0001:00004f50       _apr_pool_cleanup_kill@12  00005f50 f   apr-1:apr_pools.obj
 0001:00004fd0       _apr_pool_child_cleanup_set@16 00005fd0 f   apr-1:apr_pools.obj
 0001:00005010       _apr_pool_cleanup_run@12   00006010 f   apr-1:apr_pools.obj
 0001:00005060       _apr_pool_cleanup_for_exec@0 00006060 f   apr-1:apr_pools.obj
 0001:00005070       _apr_pool_cleanup_null     00006070 f   apr-1:apr_pools.obj
 0001:00005080       _apr_pool_note_subprocess@12 00006080 f   apr-1:apr_pools.obj
 0001:000051d0       _apr_palloc_debug@12       000061d0 f   apr-1:apr_pools.obj
 0001:000051f0       _apr_pcalloc_debug@12      000061f0 f   apr-1:apr_pools.obj
 0001:00005210       _apr_pool_create_ex_debug@20 00006210 f   apr-1:apr_pools.obj
 0001:00005230       _apr_pool_create_core_ex_debug@16 00006230 f   apr-1:apr_pools.obj
 0001:00005250       _apr_pool_create_unmanaged_ex_debug@16 00006250 f   apr-1:apr_pools.obj
 0001:00005270       _apr_pool_initialize@0     00006270 f   apr-1:apr_pools.obj
 0001:00005350       _apr_pool_destroy@4        00006350 f   apr-1:apr_pools.obj
 0001:00005420       _apr_pool_create_core_ex@12 00006420 f   apr-1:apr_pools.obj
 0001:00005430       _apr_pool_userdata_set@16  00006430 f   apr-1:apr_pools.obj
 0001:000054a0       _apr_pool_userdata_setn@16 000064a0 f   apr-1:apr_pools.obj
 0001:000054f0       _apr_pool_destroy_debug@8  000064f0 f   apr-1:apr_pools.obj
 0001:00005500       _apr_pool_terminate@0      00006500 f   apr-1:apr_pools.obj
 0001:00005540       _apr_pool_clear@4          00006540 f   apr-1:apr_pools.obj
 0001:000055c0       _apr_pool_clear_debug@8    000065c0 f   apr-1:apr_pools.obj
 0001:00005890       _apr_strerror@12           00006890 f   apr-1:errorcodes.obj
 0001:00005a30       _apr_initialize@0          00006a30 f   apr-1:start.obj
 0001:00005b30       _apr_terminate             00006b30 f   apr-1:start.obj
 0001:00005b50       _apr_terminate2@0          00006b50 f   apr-1:start.obj
 0001:00005b60       _apr_app_initialize@12     00006b60 f   apr-1:start.obj
 0001:00005e90       _apr_strnatcmp@8           00006e90 f   apr-1:apr_strnatcmp.obj
 0001:00005eb0       _apr_strnatcasecmp@8       00006eb0 f   apr-1:apr_strnatcmp.obj
 0001:00005ed0       _apr_get_oslevel           00006ed0 f   apr-1:misc.obj
 0001:00006090       _apr_load_dll_func         00007090 f   apr-1:misc.obj
 0001:000060f0       _apr_dbg_log               000070f0 f   apr-1:misc.obj
 0001:00006360       _utf8_to_unicode_path      00007360 f   apr-1:open.obj
 0001:00006470       _unicode_to_utf8_path      00007470 f   apr-1:open.obj
 0001:00006510       _res_name_from_filename    00007510 f   apr-1:open.obj
 0001:000067e0       _file_cleanup              000077e0 f   apr-1:open.obj
 0001:000068a0       _apr_file_open@20          000078a0 f   apr-1:open.obj
 0001:00006bf0       _apr_file_close@4          00007bf0 f   apr-1:open.obj
 0001:00006c30       _apr_file_remove@8         00007c30 f   apr-1:open.obj
 0001:00006cf0       _apr_file_rename@12        00007cf0 f   apr-1:open.obj
 0001:00006e00       _apr_os_file_get@8         00007e00 f   apr-1:open.obj
 0001:00006e20       _apr_os_file_put@16        00007e20 f   apr-1:open.obj
 0001:00006f00       _apr_file_eof@4            00007f00 f   apr-1:open.obj
 0001:00006f20       _apr_file_open_flags_stderr@12 00007f20 f   apr-1:open.obj
 0001:00006f70       _apr_file_open_flags_stdout@12 00007f70 f   apr-1:open.obj
 0001:00006fc0       _apr_file_open_flags_stdin@12 00007fc0 f   apr-1:open.obj
 0001:00007010       _apr_file_open_stderr@8    00008010 f   apr-1:open.obj
 0001:00007030       _apr_file_open_stdout@8    00008030 f   apr-1:open.obj
 0001:00007050       _apr_file_open_stdin@8     00008050 f   apr-1:open.obj
 0001:00007070       _apr_file_pool_get@4       00008070 f   apr-1:open.obj
 0001:00007080       _apr_file_inherit_set@4    00008080 f   apr-1:open.obj
 0001:000070f0       _apr_file_inherit_unset@4  000080f0 f   apr-1:open.obj
 0001:00007220       _apr_sockaddr_ip_getbuf@12 00008220 f   apr-1:sockaddr.obj
 0001:00007260       _apr_sockaddr_ip_get@8     00008260 f   apr-1:sockaddr.obj
 0001:00007290       _apr_sockaddr_vars_set     00008290 f   apr-1:sockaddr.obj
 0001:000072e0       _apr_socket_addr_get@12    000082e0 f   apr-1:sockaddr.obj
 0001:00007350       _apr_parse_addr_port@20    00008350 f   apr-1:sockaddr.obj
 0001:00007580       _apr_sockaddr_info_get@24  00008580 f   apr-1:sockaddr.obj
 0001:000075e0       _apr_getnameinfo@12        000085e0 f   apr-1:sockaddr.obj
 0001:00007640       _apr_getservbyname@8       00008640 f   apr-1:sockaddr.obj
 0001:000076a0       _apr_sockaddr_equal@8      000086a0 f   apr-1:sockaddr.obj
 0001:000078f0       _apr_ipsubnet_create@16    000088f0 f   apr-1:sockaddr.obj
 0001:000079d0       _apr_ipsubnet_test@8       000089d0 f   apr-1:sockaddr.obj
 0001:000079f0       _apr_pstrdup@8             000089f0 f   apr-1:apr_strings.obj
 0001:00007a40       _apr_pstrndup@12           00008a40 f   apr-1:apr_strings.obj
 0001:00007aa0       _apr_pstrmemdup@12         00008aa0 f   apr-1:apr_strings.obj
 0001:00007ae0       _apr_pmemdup@12            00008ae0 f   apr-1:apr_strings.obj
 0001:00007b20       _apr_pstrcat               00008b20 f   apr-1:apr_strings.obj
 0001:00007bf0       _apr_pstrcatv@16           00008bf0 f   apr-1:apr_strings.obj
 0001:00007c60       _apr_strtoff@16            00008c60 f   apr-1:apr_strings.obj
 0001:00007cb0       _apr_strtoi64@12           00008cb0 f   apr-1:apr_strings.obj
 0001:00007ce0       _apr_atoi64@4              00008ce0 f   apr-1:apr_strings.obj
 0001:00007d00       _apr_itoa@8                00008d00 f   apr-1:apr_strings.obj
 0001:00007d80       _apr_ltoa@8                00008d80 f   apr-1:apr_strings.obj
 0001:00007e00       _apr_off_t_toa@12          00008e00 f   apr-1:apr_strings.obj
 0001:00007e90       _apr_strfsize@12           00008e90 f   apr-1:apr_strings.obj
 0001:00008090       _apr_thread_mutex_create@12 00009090 f   apr-1:thread_mutex.obj
 0001:00008130       _apr_thread_mutex_lock@4   00009130 f   apr-1:thread_mutex.obj
 0001:000081a0       _apr_thread_mutex_trylock@4 000091a0 f   apr-1:thread_mutex.obj
 0001:00008240       _apr_thread_mutex_unlock@4 00009240 f   apr-1:thread_mutex.obj
 0001:000082a0       _apr_thread_mutex_destroy@4 000092a0 f   apr-1:thread_mutex.obj
 0001:000082c0       _apr_thread_mutex_pool_get@4 000092c0 f   apr-1:thread_mutex.obj
 0001:00008300       _apr_hash_next@4           00009300 f   apr-1:apr_hash.obj
 0001:00008340       _apr_hash_first@8          00009340 f   apr-1:apr_hash.obj
 0001:00008380       _apr_hash_this@16          00009380 f   apr-1:apr_hash.obj
 0001:00008430       _apr_hashfunc_default      00009430 f   apr-1:apr_hash.obj
 0001:00008580       _apr_hash_copy@8           00009580 f   apr-1:apr_hash.obj
 0001:00008650       _apr_hash_get@12           00009650 f   apr-1:apr_hash.obj
 0001:00008680       _apr_hash_set@16           00009680 f   apr-1:apr_hash.obj
 0001:000086e0       _apr_hash_count@4          000096e0 f   apr-1:apr_hash.obj
 0001:000086f0       _apr_hash_clear@4          000096f0 f   apr-1:apr_hash.obj
 0001:00008730       _apr_hash_merge@20         00009730 f   apr-1:apr_hash.obj
 0001:00008960       _apr_hash_pool_get@4       00009960 f   apr-1:apr_hash.obj
 0001:00008970       _apr_hash_make@4           00009970 f   apr-1:apr_hash.obj
 0001:000089b0       _apr_hash_make_custom@8    000099b0 f   apr-1:apr_hash.obj
 0001:000089d0       _apr_hash_overlay@12       000099d0 f   apr-1:apr_hash.obj
 0001:000089f0       _apr_proc_kill@8           000099f0 f   apr-1:signals.obj
 0001:00008a40       _apr_signal_init           00009a40 f   apr-1:signals.obj
 0001:00008a50       _apr_signal_description_get 00009a50 f   apr-1:signals.obj
 0001:00008a60       _apr_signal_block@4        00009a60 f   apr-1:signals.obj
 0001:00008a70       _apr_signal_unblock@4      00009a70 f   apr-1:signals.obj
 0001:00008b40       _apr_procattr_create@8     00009b40 f   apr-1:proc.obj
 0001:00008b80       _apr_procattr_io_set@16    00009b80 f   apr-1:proc.obj
 0001:00008c60       _apr_procattr_child_in_set@12 00009c60 f   apr-1:proc.obj
 0001:00008ce0       _apr_procattr_child_out_set@12 00009ce0 f   apr-1:proc.obj
 0001:00008d60       _apr_procattr_child_err_set@12 00009d60 f   apr-1:proc.obj
 0001:00008de0       _apr_procattr_dir_set@8    00009de0 f   apr-1:proc.obj
 0001:00008e00       _apr_procattr_cmdtype_set@8 00009e00 f   apr-1:proc.obj
 0001:00008e20       _apr_procattr_detach_set@8 00009e20 f   apr-1:proc.obj
 0001:00008e60       _apr_procattr_user_set@12  00009e60 f   apr-1:proc.obj
 0001:000090e0       _apr_procattr_group_set@8  0000a0e0 f   apr-1:proc.obj
 0001:00009190       _apr_procattr_child_errfn_set@8 0000a190 f   apr-1:proc.obj
 0001:000091b0       _apr_procattr_error_check_set@8 0000a1b0 f   apr-1:proc.obj
 0001:000091d0       _apr_procattr_addrspace_set@8 0000a1d0 f   apr-1:proc.obj
 0001:000091f0       _apr_threadproc_init       0000a1f0 f   apr-1:proc.obj
 0001:00009230       _apr_proc_create@24        0000a230 f   apr-1:proc.obj
 0001:00009cd0       _apr_proc_wait_all_procs@20 0000acd0 f   apr-1:proc.obj
 0001:0000a070       _apr_proc_wait@16          0000b070 f   apr-1:proc.obj
 0001:0000a110       _apr_proc_detach@4         0000b110 f   apr-1:proc.obj
 0001:0000a120       _apr_atomic_init@4         0000b120 f   apr-1:apr_atomic.obj
 0001:0000a130       _apr_atomic_add32@8        0000b130 f   apr-1:apr_atomic.obj
 0001:0000a140       _apr_atomic_sub32@8        0000b140 f   apr-1:apr_atomic.obj
 0001:0000a160       _apr_atomic_inc32@4        0000b160 f   apr-1:apr_atomic.obj
 0001:0000a180       _apr_atomic_dec32@4        0000b180 f   apr-1:apr_atomic.obj
 0001:0000a190       _apr_atomic_set32@8        0000b190 f   apr-1:apr_atomic.obj
 0001:0000a1a0       _apr_atomic_read32@4       0000b1a0 f   apr-1:apr_atomic.obj
 0001:0000a1b0       _apr_atomic_cas32@12       0000b1b0 f   apr-1:apr_atomic.obj
 0001:0000a1c0       _apr_atomic_casptr@12      0000b1c0 f   apr-1:apr_atomic.obj
 0001:0000a1d0       _apr_atomic_xchg32@8       0000b1d0 f   apr-1:apr_atomic.obj
 0001:0000a1e0       _apr_atomic_xchgptr@8      0000b1e0 f   apr-1:apr_atomic.obj
 0001:0000a1f0       _apr_atomic_inc32_noreturn@4 0000b1f0 f   apr-1:apr_atomic.obj
 0001:0000a200       _apr_atomic_dec32_noreturn@4 0000b200 f   apr-1:apr_atomic.obj
 0001:0000a210       _apr_atomic_tas32@4        0000b210 f   apr-1:apr_atomic.obj
 0001:0000a230       _apr_conv_utf8_to_ucs2@16  0000b230 f   apr-1:utf8.obj
 0001:0000a460       _apr_conv_ucs2_to_utf8@16  0000b460 f   apr-1:utf8.obj
 0001:0000a5e0       _apr_wastrtoastr           0000b5e0 f   apr-1:internal.obj
 0001:0000a980       _apr_file_ungetc@8         0000b980 f   apr-1:readwrite.obj
 0001:0000a9a0       _apr_file_flush@4          0000b9a0 f   apr-1:readwrite.obj
 0001:0000aa80       _apr_file_printf           0000ba80 f   apr-1:readwrite.obj
 0001:0000aaf0       _apr_file_read@12          0000baf0 f   apr-1:readwrite.obj
 0001:0000acd0       _apr_file_write@12         0000bcd0 f   apr-1:readwrite.obj
 0001:0000b010       _apr_file_writev@16        0000c010 f   apr-1:readwrite.obj
 0001:0000b060       _apr_file_putc@8           0000c060 f   apr-1:readwrite.obj
 0001:0000b090       _apr_file_getc@8           0000c090 f   apr-1:readwrite.obj
 0001:0000b0e0       _apr_file_puts@8           0000c0e0 f   apr-1:readwrite.obj
 0001:0000b110       _apr_file_gets@12          0000c110 f   apr-1:readwrite.obj
 0001:0000b190       _apr_poll@20               0000c190 f   apr-1:select.obj
 0001:0000b4a0       _apr_pollset_create@16     0000c4a0 f   apr-1:select.obj
 0001:0000b550       _apr_pollset_destroy@4     0000c550 f   apr-1:select.obj
 0001:0000b560       _apr_pollset_add@8         0000c560 f   apr-1:select.obj
 0001:0000b690       _apr_pollset_remove@8      0000c690 f   apr-1:select.obj
 0001:0000b860       _apr_pollset_poll@20       0000c860 f   apr-1:select.obj
 0001:0000bb30       _apr_pollcb_create@16      0000cb30 f   apr-1:select.obj
 0001:0000bb40       _apr_pollcb_add@8          0000cb40 f   apr-1:select.obj
 0001:0000bb50       _apr_pollcb_remove@8       0000cb50 f   apr-1:select.obj
 0001:0000bb60       _apr_pollcb_poll@20        0000cb60 f   apr-1:select.obj
 0001:0000bc00       _apr_inet_ntop             0000cc00 f   apr-1:inet_ntop.obj
 0001:0000bce0       _apr_inet_pton             0000cce0 f   apr-1:inet_pton.obj
 0001:0000bd10       _apr_file_pipe_timeout_set@12 0000cd10 f   apr-1:pipe.obj
 0001:0000bd70       _apr_file_pipe_timeout_get@8 0000cd70 f   apr-1:pipe.obj
 0001:0000bd90       _apr_file_pipe_create_ex@16 0000cd90 f   apr-1:pipe.obj
 0001:0000c040       _apr_file_namedpipe_create@12 0000d040 f   apr-1:pipe.obj
 0001:0000c050       _apr_os_pipe_put_ex@16     0000d050 f   apr-1:pipe.obj
 0001:0000c0d0       _apr_os_pipe_put@12        0000d0d0 f   apr-1:pipe.obj
 0001:0000c0f0       _apr_file_pipe_create@12   0000d0f0 f   apr-1:pipe.obj
 0001:0000c110       _apr_file_dup@12           0000d110 f   apr-1:filedup.obj
 0001:0000c200       _apr_file_dup2@12          0000d200 f   apr-1:filedup.obj
 0001:0000c470       _apr_file_setaside@12      0000d470 f   apr-1:filedup.obj
 0001:0000c570       _apr_filepath_root@16      0000d570 f   apr-1:filepath.obj
 0001:0000c9a0       _apr_filepath_merge@20     0000d9a0 f   apr-1:filepath.obj
 0001:0000d700       _apr_filepath_list_split@12 0000e700 f   apr-1:filepath.obj
 0001:0000d720       _apr_filepath_list_merge@12 0000e720 f   apr-1:filepath.obj
 0001:0000d740       _apr_filepath_encoding@8   0000e740 f   apr-1:filepath.obj
 0001:0000d770       _filepath_root_test        0000e770 f   apr-1:filesys.obj
 0001:0000d7f0       _filepath_drive_get        0000e7f0 f   apr-1:filesys.obj
 0001:0000d950       _filepath_root_case        0000e950 f   apr-1:filesys.obj
 0001:0000da50       _apr_filepath_get@12       0000ea50 f   apr-1:filesys.obj
 0001:0000db50       _apr_filepath_set@8        0000eb50 f   apr-1:filesys.obj
 0001:0000dbe0       _apr_file_read_full@16     0000ebe0 f   apr-1:fullrw.obj
 0001:0000dc30       _apr_file_write_full@16    0000ec30 f   apr-1:fullrw.obj
 0001:0000dc80       _apr_file_writev_full@16   0000ec80 f   apr-1:fullrw.obj
 0001:0000dd80       _apr_file_lock@8           0000ed80 f   apr-1:flock.obj
 0001:0000de60       _apr_file_unlock@4         0000ee60 f   apr-1:flock.obj
 0001:0000df90       _apr_file_seek@12          0000ef90 f   apr-1:seek.obj
 0001:0000e170       _apr_file_trunc@12         0000f170 f   apr-1:seek.obj
 0001:0000e860       _more_finfo                0000f860 f   apr-1:filestat.obj
 0001:0000eb80       _fillin_fileinfo           0000fb80 f   apr-1:filestat.obj
 0001:0000ed00       _apr_file_info_get@12      0000fd00 f   apr-1:filestat.obj
 0001:0000ee30       _apr_file_perms_set@8      0000fe30 f   apr-1:filestat.obj
 0001:0000ee40       _apr_file_attrs_set@16     0000fe40 f   apr-1:filestat.obj
 0001:0000ef30       _apr_file_mtime_set@16     0000ff30 f   apr-1:filestat.obj
 0001:0000f150       _apr_stat@16               00010150 f   apr-1:filestat.obj
 0001:0000f600       _apr_filepath_list_split_impl 00010600 f   apr-1:filepath_util.obj
 0001:0000f6b0       _apr_filepath_list_merge_impl 000106b0 f   apr-1:filepath_util.obj
 0001:0000f7e0       _apr_is_empty_array@4      000107e0 f   apr-1:apr_tables.obj
 0001:0000f800       _apr_array_make@12         00010800 f   apr-1:apr_tables.obj
 0001:0000f830       _apr_array_clear@4         00010830 f   apr-1:apr_tables.obj
 0001:0000f850       _apr_array_pop@4           00010850 f   apr-1:apr_tables.obj
 0001:0000f880       _apr_array_push@4          00010880 f   apr-1:apr_tables.obj
 0001:0000f960       _apr_array_cat@8           00010960 f   apr-1:apr_tables.obj
 0001:0000fa00       _apr_array_copy@8          00010a00 f   apr-1:apr_tables.obj
 0001:0000fa90       _apr_array_copy_hdr@8      00010a90 f   apr-1:apr_tables.obj
 0001:0000fad0       _apr_array_append@12       00010ad0 f   apr-1:apr_tables.obj
 0001:0000fb00       _apr_array_pstrcat@12      00010b00 f   apr-1:apr_tables.obj
 0001:0000fbf0       _apr_table_elts@4          00010bf0 f   apr-1:apr_tables.obj
 0001:0000fc00       _apr_is_empty_table@4      00010c00 f   apr-1:apr_tables.obj
 0001:0000fc20       _apr_table_make@8          00010c20 f   apr-1:apr_tables.obj
 0001:0000fc60       _apr_table_copy@8          00010c60 f   apr-1:apr_tables.obj
 0001:0000fd30       _apr_table_clear@4         00010d30 f   apr-1:apr_tables.obj
 0001:0000fd50       _apr_table_get@8           00010d50 f   apr-1:apr_tables.obj
 0001:0000fe10       _apr_table_set@12          00010e10 f   apr-1:apr_tables.obj
 0001:0000ffd0       _apr_table_setn@12         00010fd0 f   apr-1:apr_tables.obj
 0001:00010170       _apr_table_unset@8         00011170 f   apr-1:apr_tables.obj
 0001:000102b0       _apr_table_merge@12        000112b0 f   apr-1:apr_tables.obj
 0001:000103c0       _apr_table_mergen@12       000113c0 f   apr-1:apr_tables.obj
 0001:000104c0       _apr_table_add@12          000114c0 f   apr-1:apr_tables.obj
 0001:00010560       _apr_table_addn@12         00011560 f   apr-1:apr_tables.obj
 0001:000105f0       _apr_table_overlay@12      000115f0 f   apr-1:apr_tables.obj
 0001:00010640       _apr_table_vdo@16          00011640 f   apr-1:apr_tables.obj
 0001:00010930       _apr_table_compress@8      00011930 f   apr-1:apr_tables.obj
 0001:00010c30       _apr_table_overlap@12      00011c30 f   apr-1:apr_tables.obj
 0001:00010c60       _apr_table_clone@8         00011c60 f   apr-1:apr_tables.obj
 0001:00010cb0       _apr_table_do              00011cb0 f   apr-1:apr_tables.obj
 0001:00010cd0       _apr_strtok@12             00011cd0 f   apr-1:apr_strtok.obj
 0001:00010d62       _ntohl@4                   00011d62 f   wsock32:WSOCK32.dll
 0001:00010d68       _WSACleanup@0              00011d68 f   wsock32:WSOCK32.dll
 0001:00010d6e       _WSAStartup@8              00011d6e f   wsock32:WSOCK32.dll
 0001:00010d74       _ntohs@4                   00011d74 f   wsock32:WSOCK32.dll
 0001:00010d7a       _WSAGetLastError@0         00011d7a f   wsock32:WSOCK32.dll
 0001:00010d80       _getsockname@12            00011d80 f   wsock32:WSOCK32.dll
 0001:00010d86       _getpeername@12            00011d86 f   wsock32:WSOCK32.dll
 0001:00010d8c       _htons@4                   00011d8c f   wsock32:WSOCK32.dll
 0001:00010d92       _gethostbyname@4           00011d92 f   wsock32:WSOCK32.dll
 0001:00010d98       _inet_addr@4               00011d98 f   wsock32:WSOCK32.dll
 0001:00010d9e       _gethostbyaddr@12          00011d9e f   wsock32:WSOCK32.dll
 0001:00010da4       _getservbyname@8           00011da4 f   wsock32:WSOCK32.dll
 0001:00010daa       _htonl@4                   00011daa f   wsock32:WSOCK32.dll
 0001:00010db0       ___WSAFDIsSet@8            00011db0 f   wsock32:WSOCK32.dll
 0001:00010db6       _select@20                 00011db6 f   wsock32:WSOCK32.dll
 0001:00010dbc       _SetLastError@4            00011dbc f   kernel32:KERNEL32.dll
 0001:00010dc2       _TlsSetValue@8             00011dc2 f   kernel32:KERNEL32.dll
 0001:00010dc8       _CloseHandle@4             00011dc8 f   kernel32:KERNEL32.dll
 0001:00010dce       _GetLastError@0            00011dce f   kernel32:KERNEL32.dll
 0001:00010dd4       _WaitForSingleObject@8     00011dd4 f   kernel32:KERNEL32.dll
 0001:00010dda       _DuplicateHandle@28        00011dda f   kernel32:KERNEL32.dll
 0001:00010de0       _GetCurrentThread@0        00011de0 f   kernel32:KERNEL32.dll
 0001:00010de6       _GetCurrentProcess@0       00011de6 f   kernel32:KERNEL32.dll
 0001:00010dec       _TlsGetValue@4             00011dec f   kernel32:KERNEL32.dll
 0001:00010df2       _InterlockedExchange@8     00011df2 f   kernel32:KERNEL32.dll
 0001:00010df8       _GetTimeZoneInformation@4  00011df8 f   kernel32:KERNEL32.dll
 0001:00010dfe       _GetSystemTimeAsFileTime@4 00011dfe f   kernel32:KERNEL32.dll
 0001:00010e04       _FileTimeToSystemTime@8    00011e04 f   kernel32:KERNEL32.dll
 0001:00010e0a       _FileTimeToLocalFileTime@8 00011e0a f   kernel32:KERNEL32.dll
 0001:00010e10       _SystemTimeToFileTime@8    00011e10 f   kernel32:KERNEL32.dll
 0001:00010e16       _SystemTimeToTzSpecificLocalTime@12 00011e16 f   kernel32:KERNEL32.dll
 0001:00010e1c       _Sleep@4                   00011e1c f   kernel32:KERNEL32.dll
 0001:00010e22       _FreeLibrary@4             00011e22 f   kernel32:KERNEL32.dll
 0001:00010e28       _LoadLibraryExA@12         00011e28 f   kernel32:KERNEL32.dll
 0001:00010e2e       _LoadLibraryExW@12         00011e2e f   kernel32:KERNEL32.dll
 0001:00010e34       _SetErrorMode@4            00011e34 f   kernel32:KERNEL32.dll
 0001:00010e3a       _GetProcAddress@8          00011e3a f   kernel32:KERNEL32.dll
 0001:00010e40       _FormatMessageA@28         00011e40 f   kernel32:KERNEL32.dll
 0001:00010e46       _TlsAlloc@0                00011e46 f   kernel32:KERNEL32.dll
 0001:00010e4c       _TlsFree@4                 00011e4c f   kernel32:KERNEL32.dll
 0001:00010e52       _FreeEnvironmentStringsW@4 00011e52 f   kernel32:KERNEL32.dll
 0001:00010e58       _GetEnvironmentStringsW@0  00011e58 f   kernel32:KERNEL32.dll
 0001:00010e5e       _GlobalFree@4              00011e5e f   kernel32:KERNEL32.dll
 0001:00010e64       _GetCommandLineW@0         00011e64 f   kernel32:KERNEL32.dll
 0001:00010e6a       _GetVersionExA@4           00011e6a f   kernel32:KERNEL32.dll
 0001:00010e70       _LoadLibraryA@4            00011e70 f   kernel32:KERNEL32.dll
 0001:00010e76       _LeaveCriticalSection@4    00011e76 f   kernel32:KERNEL32.dll
 0001:00010e7c       _WriteFile@20              00011e7c f   kernel32:KERNEL32.dll
 0001:00010e82       _EnterCriticalSection@4    00011e82 f   kernel32:KERNEL32.dll
 0001:00010e88       _GetCurrentThreadId@0      00011e88 f   kernel32:KERNEL32.dll
 0001:00010e8e       _InitializeCriticalSection@4 00011e8e f   kernel32:KERNEL32.dll
 0001:00010e94       _CreateFileA@28            00011e94 f   kernel32:KERNEL32.dll
 0001:00010e9a       _GetCurrentProcessId@0     00011e9a f   kernel32:KERNEL32.dll
 0001:00010ea0       _GetModuleFileNameA@12     00011ea0 f   kernel32:KERNEL32.dll
 0001:00010ea6       _InterlockedIncrement@4    00011ea6 f   kernel32:KERNEL32.dll
 0001:00010eac       _GetOverlappedResult@16    00011eac f   kernel32:KERNEL32.dll
 0001:00010eb2       _DeviceIoControl@32        00011eb2 f   kernel32:KERNEL32.dll
 0001:00010eb8       _GetFileInformationByHandle@8 00011eb8 f   kernel32:KERNEL32.dll
 0001:00010ebe       _SetStdHandle@8            00011ebe f   kernel32:KERNEL32.dll
 0001:00010ec4       _SetFilePointer@16         00011ec4 f   kernel32:KERNEL32.dll
 0001:00010eca       _CreateFileW@28            00011eca f   kernel32:KERNEL32.dll
 0001:00010ed0       _DeleteFileA@4             00011ed0 f   kernel32:KERNEL32.dll
 0001:00010ed6       _DeleteFileW@4             00011ed6 f   kernel32:KERNEL32.dll
 0001:00010edc       _MoveFileA@8               00011edc f   kernel32:KERNEL32.dll
 0001:00010ee2       _MoveFileExW@12            00011ee2 f   kernel32:KERNEL32.dll
 0001:00010ee8       _GetStdHandle@4            00011ee8 f   kernel32:KERNEL32.dll
 0001:00010eee       _DeleteCriticalSection@4   00011eee f   kernel32:KERNEL32.dll
 0001:00010ef4       _CreateMutexA@12           00011ef4 f   kernel32:KERNEL32.dll
 0001:00010efa       _CreateEventA@16           00011efa f   kernel32:KERNEL32.dll
 0001:00010f00       _ReleaseMutex@4            00011f00 f   kernel32:KERNEL32.dll
 0001:00010f06       _SetEvent@4                00011f06 f   kernel32:KERNEL32.dll
 0001:00010f0c       _TerminateProcess@8        00011f0c f   kernel32:KERNEL32.dll
 0001:00010f12       _CreateProcessA@40         00011f12 f   kernel32:KERNEL32.dll
 0001:00010f18       _CreateProcessW@40         00011f18 f   kernel32:KERNEL32.dll
 0001:00010f1e       _SetHandleInformation@12   00011f1e f   kernel32:KERNEL32.dll
 0001:00010f24       _GetHandleInformation@8    00011f24 f   kernel32:KERNEL32.dll
 0001:00010f2a       _WaitForMultipleObjects@16 00011f2a f   kernel32:KERNEL32.dll
 0001:00010f30       _GetExitCodeProcess@8      00011f30 f   kernel32:KERNEL32.dll
 0001:00010f36       _OpenProcess@12            00011f36 f   kernel32:KERNEL32.dll
 0001:00010f3c       _InterlockedExchangeAdd@8  00011f3c f   kernel32:KERNEL32.dll
 0001:00010f42       _InterlockedDecrement@4    00011f42 f   kernel32:KERNEL32.dll
 0001:00010f48       _InterlockedCompareExchange@12 00011f48 f   kernel32:KERNEL32.dll
 0001:00010f4e       _ReadFile@20               00011f4e f   kernel32:KERNEL32.dll
 0001:00010f54       _PeekNamedPipe@24          00011f54 f   kernel32:KERNEL32.dll
 0001:00010f5a       _CreatePipe@16             00011f5a f   kernel32:KERNEL32.dll
 0001:00010f60       _CreateNamedPipeA@32       00011f60 f   kernel32:KERNEL32.dll
 0001:00010f66       _GetDriveTypeA@4           00011f66 f   kernel32:KERNEL32.dll
 0001:00010f6c       _GetDriveTypeW@4           00011f6c f   kernel32:KERNEL32.dll
 0001:00010f72       _GetFullPathNameA@16       00011f72 f   kernel32:KERNEL32.dll
 0001:00010f78       _GetFullPathNameW@16       00011f78 f   kernel32:KERNEL32.dll
 0001:00010f7e       _GetCurrentDirectoryA@8    00011f7e f   kernel32:KERNEL32.dll
 0001:00010f84       _GetCurrentDirectoryW@8    00011f84 f   kernel32:KERNEL32.dll
 0001:00010f8a       _SetCurrentDirectoryA@4    00011f8a f   kernel32:KERNEL32.dll
 0001:00010f90       _SetCurrentDirectoryW@4    00011f90 f   kernel32:KERNEL32.dll
 0001:00010f96       _LockFile@20               00011f96 f   kernel32:KERNEL32.dll
 0001:00010f9c       _LockFileEx@24             00011f9c f   kernel32:KERNEL32.dll
 0001:00010fa2       _UnlockFile@20             00011fa2 f   kernel32:KERNEL32.dll
 0001:00010fa8       _UnlockFileEx@20           00011fa8 f   kernel32:KERNEL32.dll
 0001:00010fae       _SetEndOfFile@4            00011fae f   kernel32:KERNEL32.dll
 0001:00010fb4       _LocalFree@4               00011fb4 f   kernel32:KERNEL32.dll
 0001:00010fba       _GetFileType@4             00011fba f   kernel32:KERNEL32.dll
 0001:00010fc0       _SetFileAttributesA@8      00011fc0 f   kernel32:KERNEL32.dll
 0001:00010fc6       _SetFileAttributesW@8      00011fc6 f   kernel32:KERNEL32.dll
 0001:00010fcc       _GetFileAttributesA@4      00011fcc f   kernel32:KERNEL32.dll
 0001:00010fd2       _GetFileAttributesW@4      00011fd2 f   kernel32:KERNEL32.dll
 0001:00010fd8       _SetFileTime@16            00011fd8 f   kernel32:KERNEL32.dll
 0001:00010fde       _GetFileTime@16            00011fde f   kernel32:KERNEL32.dll
 0001:00010fe4       _FindFirstFileA@8          00011fe4 f   kernel32:KERNEL32.dll
 0001:00010fea       _FindClose@4               00011fea f   kernel32:KERNEL32.dll
 0001:00010ff0       _FindFirstFileW@8          00011ff0 f   kernel32:KERNEL32.dll
 0001:00010ff6       _SetSecurityDescriptorDacl@16 00011ff6 f   advapi32:ADVAPI32.dll
 0001:00010ffe       _InitializeSecurityDescriptor@8 00011ffe f   advapi32:ADVAPI32.dll
 0001:00011004       _DuplicateTokenEx@24       00012004 f   advapi32:ADVAPI32.dll
 0001:0001100a       _LogonUserW@24             0001200a f   advapi32:ADVAPI32.dll
 0001:00011010       _RevertToSelf@0            00012010 f   advapi32:ADVAPI32.dll
 0001:00011016       _CreateProcessAsUserW@44   00012016 f   advapi32:ADVAPI32.dll
 0001:0001101c       _ImpersonateLoggedOnUser@4 0001201c f   advapi32:ADVAPI32.dll
 0001:00011022       _FreeSid@4                 00012022 f   advapi32:ADVAPI32.dll
 0001:00011028       _AllocateAndInitializeSid@44 00012028 f   advapi32:ADVAPI32.dll
 0001:00011108       __stat64i32                00012108 f   LIBCMT:stati32.obj
 0001:0001155f       @__security_check_cookie@4 0001255f f   LIBCMT:secchk.obj
 0001:00011580       _strchr                    00012580 f   LIBCMT:strchr.obj
 0001:00011586       ___from_strstr_to_strchr   00012586     LIBCMT:strchr.obj
 0001:00011640       _memset                    00012640 f   LIBCMT:memset.obj
 0001:000116ba       _fprintf                   000126ba f   LIBCMT:fprintf.obj
 0001:000117c6       __fprintf_l                000127c6 f   LIBCMT:fprintf.obj
 0001:000117e2       __fprintf_s_l              000127e2 f   LIBCMT:fprintf.obj
 0001:000117fe       _fprintf_s                 000127fe f   LIBCMT:fprintf.obj
 0001:00011819       __fprintf_p_l              00012819 f   LIBCMT:fprintf.obj
 0001:00011835       __fprintf_p                00012835 f   LIBCMT:fprintf.obj
 0001:00011850       ___iob_func                00012850 f   LIBCMT:_file.obj
 0001:00011856       ___initstdio               00012856 f   LIBCMT:_file.obj
 0001:00011907       ___endstdio                00012907 f   LIBCMT:_file.obj
 0001:00011927       __lock_file                00012927 f   LIBCMT:_file.obj
 0001:00011968       __lock_file2               00012968 f   LIBCMT:_file.obj
 0001:0001199a       __unlock_file              0001299a f   LIBCMT:_file.obj
 0001:000119d6       __unlock_file2             000129d6 f   LIBCMT:_file.obj
 0001:00011a05       _realloc                   00012a05 f   LIBCMT:realloc.obj
 0001:00011ab2       _free                      00012ab2 f   LIBCMT:free.obj
 0001:00011af0       _strstr                    00012af0 f   LIBCMT:strstr.obj
 0001:00011b76       __invoke_watson_if_error   00012b76 f i LIBCMT:getenv.obj
 0001:00011b97       __getenv_helper_nolock     00012b97 f   LIBCMT:getenv.obj
 0001:00011d45       _getenv                    00012d45 f   LIBCMT:getenv.obj
 0001:00011dbf       _getenv_s                  00012dbf f   LIBCMT:getenv.obj
 0001:00011e8c       __dupenv_s                 00012e8c f   LIBCMT:getenv.obj
 0001:00011f70       _memmove                   00012f70 f   LIBCMT:memmove.obj
 0001:000122d1       _strncmp                   000132d1 f   LIBCMT:strncmp.obj
 0001:00012391       __heap_alloc               00013391 f i LIBCMT:malloc.obj
 0001:000123d0       _malloc                    000133d0 f   LIBCMT:malloc.obj
 0001:00012464       __cfltcvt_init             00013464 f   LIBCMT:_fpinit_.obj
 0001:000124c4       ___setfflag                000134c4 f   LIBCMT:_fpinit_.obj
 0001:000124d9       __fpmath                   000134d9 f   LIBCMT:_fpinit_.obj
 0001:000124f2       __CRT_INIT@12              000134f2 f   LIBCMT:dllcrt0.obj
 0001:0001274c       __DllMainCRTStartup@12     0001374c f   LIBCMT:dllcrt0.obj
 0001:0001276f       __get_errno_from_oserr     0001376f f   LIBCMT:dosmap.obj
 0001:000127b1       __errno                    000137b1 f   LIBCMT:dosmap.obj
 0001:000127c4       ___doserrno                000137c4 f   LIBCMT:dosmap.obj
 0001:000127d7       __dosmaperr                000137d7 f   LIBCMT:dosmap.obj
 0001:000127fa       __set_errno                000137fa f   LIBCMT:dosmap.obj
 0001:0001281b       __get_errno                0001381b f   LIBCMT:dosmap.obj
 0001:00012840       __set_doserrno             00013840 f   LIBCMT:dosmap.obj
 0001:00012861       __get_doserrno             00013861 f   LIBCMT:dosmap.obj
 0001:00012886       __endthreadex              00013886 f   LIBCMT:threadex.obj
 0001:0001294b       __beginthreadex            0001394b f   LIBCMT:threadex.obj
 0001:000129f0       __alldiv                   000139f0 f   LIBCMT:lldiv.obj
 0001:00012aa0       __allshl                   00013aa0 f   LIBCMT:llshl.obj
 0001:00012ac0       __allmul                   00013ac0 f   LIBCMT:llmul.obj
 0001:00012b00       __alloca_probe             00013b00     LIBCMT:chkstk.obj
 0001:00012b00       __chkstk                   00013b00 f   LIBCMT:chkstk.obj
 0001:00012b30       _strrchr                   00013b30 f   LIBCMT:strrchr.obj
 0001:00012b5d       ??0_LocaleUpdate@@QAE@PAUlocaleinfo_struct@@@Z 00013b5d f i LIBCMT:_ctype.obj
 0001:00012be4       ??1_LocaleUpdate@@QAE@XZ   00013be4 f i LIBCMT:_ctype.obj
 0001:00012bf2       ?GetLocaleT@_LocaleUpdate@@QAEPAUlocaleinfo_struct@@XZ 00013bf2 f i LIBCMT:_ctype.obj
 0001:00012bf5       __isalpha_l                00013bf5 f i LIBCMT:_ctype.obj
 0001:00012c4b       _isalpha                   00013c4b f i LIBCMT:_ctype.obj
 0001:00012c7b       __isupper_l                00013c7b f i LIBCMT:_ctype.obj
 0001:00012ccc       _isupper                   00013ccc f i LIBCMT:_ctype.obj
 0001:00012cfa       __islower_l                00013cfa f i LIBCMT:_ctype.obj
 0001:00012d4b       _islower                   00013d4b f i LIBCMT:_ctype.obj
 0001:00012d79       __isdigit_l                00013d79 f i LIBCMT:_ctype.obj
 0001:00012dca       _isdigit                   00013dca f i LIBCMT:_ctype.obj
 0001:00012df8       __isxdigit_l               00013df8 f i LIBCMT:_ctype.obj
 0001:00012e4e       _isxdigit                  00013e4e f i LIBCMT:_ctype.obj
 0001:00012e7e       __isspace_l                00013e7e f i LIBCMT:_ctype.obj
 0001:00012ecf       _isspace                   00013ecf f i LIBCMT:_ctype.obj
 0001:00012efd       __ispunct_l                00013efd f i LIBCMT:_ctype.obj
 0001:00012f4e       _ispunct                   00013f4e f i LIBCMT:_ctype.obj
 0001:00012f7c       __isalnum_l                00013f7c f i LIBCMT:_ctype.obj
 0001:00012fd2       _isalnum                   00013fd2 f i LIBCMT:_ctype.obj
 0001:00013002       __isprint_l                00014002 f i LIBCMT:_ctype.obj
 0001:00013058       _isprint                   00014058 f i LIBCMT:_ctype.obj
 0001:00013088       __isgraph_l                00014088 f i LIBCMT:_ctype.obj
 0001:000130de       _isgraph                   000140de f i LIBCMT:_ctype.obj
 0001:0001310e       __iscntrl_l                0001410e f i LIBCMT:_ctype.obj
 0001:0001315f       _iscntrl                   0001415f f i LIBCMT:_ctype.obj
 0001:0001318d       ___isascii                 0001418d f i LIBCMT:_ctype.obj
 0001:0001319f       ___toascii                 0001419f f i LIBCMT:_ctype.obj
 0001:000131ac       __iscsymf_l                000141ac f i LIBCMT:_ctype.obj
 0001:000131cf       ___iscsymf                 000141cf f i LIBCMT:_ctype.obj
 0001:000131ee       __iscsym_l                 000141ee f i LIBCMT:_ctype.obj
 0001:00013211       ___iscsym                  00014211 f i LIBCMT:_ctype.obj
 0001:00013240       _modf                      00014240 f   LIBCMT:_modf_pentium4_.obj
 0001:00013280       __modf_pentium4            00014280 f   LIBCMT:_modf_pentium4_.obj
 0001:00013390       __ftol2_sse                00014390 f   LIBCMT:ftol2.obj
 0001:00013399       __ftol2_pentium4           00014399 f   LIBCMT:ftol2.obj
 0001:000133ac       __ftol2_sse_excpt          000143ac f   LIBCMT:ftol2.obj
 0001:000133c6       __ftol2                    000143c6 f   LIBCMT:ftol2.obj
 0001:00013440       __aulldiv                  00014440 f   LIBCMT:ulldiv.obj
 0001:000134b0       _memcpy                    000144b0 f   LIBCMT:memcpy.obj
 0001:00013820       __aullshr                  00014820 f   LIBCMT:ullshr.obj
 0001:0001383f       __get_sys_err_msg          0001483f f i LIBCMT:strerror.obj
 0001:00013867       _strerror                  00014867 f   LIBCMT:strerror.obj
 0001:000138d1       _strerror_s                000148d1 f   LIBCMT:strerror.obj
 0001:00013924       ___crtCorExitProcess       00014924 f   LIBCMT:crt0dat.obj
 0001:0001394f       ___crtExitProcess          0001494f f   LIBCMT:crt0dat.obj
 0001:00013967       __lockexit                 00014967 f   LIBCMT:crt0dat.obj
 0001:00013970       __unlockexit               00014970 f   LIBCMT:crt0dat.obj
 0001:00013979       __init_pointers            00014979 f   LIBCMT:crt0dat.obj
 0001:000139c9       __initterm_e               000149c9 f   LIBCMT:crt0dat.obj
 0001:000139ed       __get_wpgmptr              000149ed f   LIBCMT:crt0dat.obj
 0001:00013a1d       __get_pgmptr               00014a1d f   LIBCMT:crt0dat.obj
 0001:00013a4d       __cinit                    00014a4d f   LIBCMT:crt0dat.obj
 0001:00013c24       _exit                      00014c24 f   LIBCMT:crt0dat.obj
 0001:00013c3a       __exit                     00014c3a f   LIBCMT:crt0dat.obj
 0001:00013c50       __cexit                    00014c50 f   LIBCMT:crt0dat.obj
 0001:00013c5f       __c_exit                   00014c5f f   LIBCMT:crt0dat.obj
 0001:00013c6e       __amsg_exit                00014c6e f   LIBCMT:crt0dat.obj
 0001:00013c8c       __toupper                  00014c8c f   LIBCMT:toupper.obj
 0001:00013c99       __toupper_l                00014c99 f   LIBCMT:toupper.obj
 0001:00013daf       _toupper                   00014daf f   LIBCMT:toupper.obj
 0001:00013ddb       _atol                      00014ddb f   LIBCMT:atox.obj
 0001:00013df1       __atol_l                   00014df1 f   LIBCMT:atox.obj
 0001:00013e0a       _atoi                      00014e0a f   LIBCMT:atox.obj
 0001:00013e15       __atoi_l                   00014e15 f   LIBCMT:atox.obj
 0001:00013e20       __atoi64                   00014e20 f   LIBCMT:atox.obj
 0001:00013e36       __atoi64_l                 00014e36 f   LIBCMT:atox.obj
 0001:00013e4f       _sprintf                   00014e4f f   LIBCMT:sprintf.obj
 0001:00013ed3       __sprintf_l                00014ed3 f   LIBCMT:sprintf.obj
 0001:00013eef       _sprintf_s                 00014eef f   LIBCMT:sprintf.obj
 0001:00013f0d       __sprintf_s_l              00014f0d f   LIBCMT:sprintf.obj
 0001:00013f2c       __snprintf_s               00014f2c f   LIBCMT:sprintf.obj
 0001:00013f4d       __snprintf_s_l             00014f4d f   LIBCMT:sprintf.obj
 0001:00013f6f       __sprintf_p                00014f6f f   LIBCMT:sprintf.obj
 0001:00013f8d       __sprintf_p_l              00014f8d f   LIBCMT:sprintf.obj
 0001:00013fac       __scprintf                 00014fac f   LIBCMT:sprintf.obj
 0001:00013fc1       __scprintf_p               00014fc1 f   LIBCMT:sprintf.obj
 0001:00013fd6       __scprintf_l               00014fd6 f   LIBCMT:sprintf.obj
 0001:00013fef       __scprintf_p_l             00014fef f   LIBCMT:sprintf.obj
 0001:00014008       __close_nolock             00015008 f   LIBCMT:close.obj
 0001:000140a4       __close                    000150a4 f   LIBCMT:close.obj
 0001:00014170       _strspn                    00015170 f   LIBCMT:strspn.obj
 0001:000143e1       _strtol                    000153e1 f   LIBCMT:strtol.obj
 0001:0001440c       __strtol_l                 0001540c f   LIBCMT:strtol.obj
 0001:00014429       _strtoul                   00015429 f   LIBCMT:strtol.obj
 0001:00014455       __strtoul_l                00015455 f   LIBCMT:strtol.obj
 0001:00014480       _memchr                    00015480 f   LIBCMT:memchr.obj
 0001:000147ca       __strtoi64                 000157ca f   LIBCMT:strtoq.obj
 0001:000147f5       __strtoi64_l               000157f5 f   LIBCMT:strtoq.obj
 0001:00014812       __strtoui64                00015812 f   LIBCMT:strtoq.obj
 0001:0001483e       __strtoui64_l              0001583e f   LIBCMT:strtoq.obj
 0001:0001485b       _wcschr                    0001585b f   LIBCMT:wcschr.obj
 0001:00014890       __allshr                   00015890 f   LIBCMT:llshr.obj
 0001:000148b1       __set_osfhnd               000158b1 f   LIBCMT:osfinfo.obj
 0001:00014932       __free_osfhnd              00015932 f   LIBCMT:osfinfo.obj
 0001:000149b8       __get_osfhandle            000159b8 f   LIBCMT:osfinfo.obj
 0001:00014a21       ___lock_fhandle            00015a21 f   LIBCMT:osfinfo.obj
 0001:00014ac0       __unlock_fhandle           00015ac0 f   LIBCMT:osfinfo.obj
 0001:00014ae7       __alloc_osfhnd             00015ae7 f   LIBCMT:osfinfo.obj
 0001:00014c80       __open_osfhandle           00015c80 f   LIBCMT:osfinfo.obj
 0001:00014d96       __setmode_nolock           00015d96 f   LIBCMT:setmode.obj
 0001:00014e51       __set_fmode                00015e51 f   LIBCMT:setmode.obj
 0001:00014e93       __get_fmode                00015e93 f   LIBCMT:setmode.obj
 0001:00014ec0       __setmode                  00015ec0 f   LIBCMT:setmode.obj
 0001:00015129       __dup2                     00016129 f   LIBCMT:dup2.obj
 0001:0001522e       __commit                   0001622e f   LIBCMT:commit.obj
 0001:00015307       _setvbuf                   00016307 f   LIBCMT:setvbuf.obj
 0001:000153fd       __flush                    000163fd f   LIBCMT:fflush.obj
 0001:00015465       __fflush_nolock            00016465 f   LIBCMT:fflush.obj
 0001:00015587       _fflush                    00016587 f   LIBCMT:fflush.obj
 0001:000155da       __flushall                 000165da f   LIBCMT:fflush.obj
 0001:00015699       ___onexitinit              00016699 f   LIBCMT:onexit.obj
 0001:000156ca       __onexit                   000166ca f   LIBCMT:onexit.obj
 0001:00015706       _atexit                    00016706 f   LIBCMT:onexit.obj
 0001:0001571d       _wcsncmp                   0001671d f   LIBCMT:wcsncmp.obj
 0001:00015760       _strlen                    00016760 f   LIBCMT:strlen.obj
 0001:000157eb       __fullpath                 000167eb f   LIBCMT:fullpath.obj
 0001:000158e2       ___dtoxmode                000168e2 f   LIBCMT:stat.obj
 0001:00015a79       __stat32                   00016a79 f   LIBCMT:stat.obj
 0001:00015ea3       __fstat64i32               00016ea3 f   LIBCMT:fstati32.obj
 0001:00016929       __open                     00017929 f   LIBCMT:open.obj
 0001:000169d7       __sopen_helper             000179d7 f   LIBCMT:open.obj
 0001:00016a9b       __sopen                    00017a9b f   LIBCMT:open.obj
 0001:00016acd       __sopen_s                  00017acd f   LIBCMT:open.obj
 0001:00016aed       ___loctotime64_t           00017aed f   LIBCMT:dtoxtm64.obj
 0001:00016d54       __getdrive                 00017d54 f   LIBCMT:drive.obj
 0001:00016e22       __chdrive                  00017e22 f   LIBCMT:drive.obj
 0001:00016ebe       __mbctolower_l             00017ebe f   LIBCMT:mbtolwr.obj
 0001:00016f64       __mbctolower               00017f64 f   LIBCMT:mbtolwr.obj
 0001:00016f77       __mbspbrk_l                00017f77 f   LIBCMT:mbspbrk.obj
 0001:0001703c       __mbspbrk                  0001803c f   LIBCMT:mbspbrk.obj
 0001:00017053       __initp_misc_invarg        00018053 f   LIBCMT:invarg.obj
 0001:00017062       __call_reportfault         00018062 f   LIBCMT:invarg.obj
 0001:0001718b       __set_invalid_parameter_handler 0001818b f   LIBCMT:invarg.obj
 0001:000171b2       __get_invalid_parameter_handler 000181b2 f   LIBCMT:invarg.obj
 0001:000171bf       __invoke_watson            000181bf f   LIBCMT:invarg.obj
 0001:000171e4       ?_invoke_watson@@YAXPBG00II@Z 000181e4 f   LIBCMT:invarg.obj
 0001:000171fe       __invalid_parameter        000181fe f   LIBCMT:invarg.obj
 0001:0001722b       __invalid_parameter_noinfo 0001822b f   LIBCMT:invarg.obj
 0001:0001723b       __invalid_parameter_noinfo_noreturn 0001823b f   LIBCMT:invarg.obj
 0001:00017269       ?_invalid_parameter@@YAXPBG00II@Z 00018269 f   LIBCMT:invarg.obj
 0001:00017274       ___report_gsfailure        00018274 f   LIBCMT:gs_report.obj
 0001:0001737a       __VEC_memzero              0001837a f   LIBCMT:p4_memset.obj
 0001:00017434       ___sse2_available_init     00018434 f   LIBCMT:cpu_disp.obj
 0001:00017444       __stbuf                    00018444 f   LIBCMT:_sftbuf.obj
 0001:000174e0       __ftbuf                    000184e0 f   LIBCMT:_sftbuf.obj
 0001:000175cf       _get_int_arg               000185cf f i LIBCMT:output.obj
 0001:000175e1       _get_int64_arg             000185e1 f i LIBCMT:output.obj
 0001:000175f6       _get_short_arg             000185f6 f i LIBCMT:output.obj
 0001:00017609       __output_l                 00018609 f   LIBCMT:output.obj
 0001:00018211       __ioinit                   00019211 f   LIBCMT:ioinit.obj
 0001:00018456       __ioterm                   00019456 f   LIBCMT:ioinit.obj
 0001:000184a9       __fileno                   000194a9 f   LIBCMT:fileno.obj
 0001:000184d0       __SEH_prolog4              000194d0 f   LIBCMT:sehprolg4.obj
 0001:00018515       __SEH_epilog4              00019515 f   LIBCMT:sehprolg4.obj
 0001:00018560       __except_handler4          00019560 f   LIBCMT:chandler4.obj
 0001:000186ef       _vfprintf_helper           000196ef f   LIBCMT:vfprintf.obj
 0001:000187fa       __vfprintf_l               000197fa f   LIBCMT:vfprintf.obj
 0001:0001881a       __vfprintf_s_l             0001981a f   LIBCMT:vfprintf.obj
 0001:0001883a       __vfprintf_p_l             0001983a f   LIBCMT:vfprintf.obj
 0001:0001885a       _vfprintf                  0001985a f   LIBCMT:vfprintf.obj
 0001:00018879       _vfprintf_s                00019879 f   LIBCMT:vfprintf.obj
 0001:00018898       __vfprintf_p               00019898 f   LIBCMT:vfprintf.obj
 0001:000188b7       _wait_a_bit                000198b7 f i LIBCMT:crtheap.obj
 0001:000188dd       __set_malloc_crt_max_wait  000198dd f   LIBCMT:crtheap.obj
 0001:000188f2       __malloc_crt               000198f2 f   LIBCMT:crtheap.obj
 0001:00018937       __calloc_crt               00019937 f   LIBCMT:crtheap.obj
 0001:00018983       __realloc_crt              00019983 f   LIBCMT:crtheap.obj
 0001:000189d1       __recalloc_crt             000199d1 f   LIBCMT:crtheap.obj
 0001:00018a23       __fcloseall                00019a23 f   LIBCMT:closeall.obj
 0001:00018abf       __mtinitlocks              00019abf f   LIBCMT:mlock.obj
 0001:00018b09       __mtdeletelocks            00019b09 f   LIBCMT:mlock.obj
 0001:00018b60       __unlock                   00019b60 f   LIBCMT:mlock.obj
 0001:00018b77       __lockerr_exit             00019b77 f   LIBCMT:mlock.obj
 0001:00018b8f       __mtinitlocknum            00019b8f f   LIBCMT:mlock.obj
 0001:00018c51       __lock                     00019c51 f   LIBCMT:mlock.obj
 0001:00018c84       __initp_heap_handler       00019c84 f   LIBCMT:handler.obj
 0001:00018c93       ?_set_new_handler@@YAP6AHI@ZP6AHI@Z@Z 00019c93 f   LIBCMT:handler.obj
 0001:00018cca       ?_set_new_handler@@YAP6AHI@ZH@Z 00019cca f   LIBCMT:handler.obj
 0001:00018cd3       ?_query_new_handler@@YAP6AHI@ZXZ 00019cd3 f   LIBCMT:handler.obj
 0001:00018ce0       __callnewh                 00019ce0 f   LIBCMT:handler.obj
 0001:00018d08       __heap_init                00019d08 f   LIBCMT:heapinit.obj
 0001:00018d26       __heap_term                00019d26 f   LIBCMT:heapinit.obj
 0001:00018d3a       __get_heap_handle          00019d3a f   LIBCMT:heapinit.obj
 0001:00018d40       __mbsnbicoll_l             00019d40 f   LIBCMT:mbsnbico.obj
 0001:00018e1e       __mbsnbicoll               00019e1e f   LIBCMT:mbsnbico.obj
 0001:00018e38       ___wtomb_environ           00019e38 f   LIBCMT:wtombenv.obj
 0001:00018ecf       _strcpy_s                  00019ecf f   LIBCMT:strcpy_s.obj
 0001:00018f2e       _calloc                    00019f2e f   LIBCMT:calloc.obj
 0001:00018f6e       _strnlen                   00019f6e f   LIBCMT:strlen_s.obj
 0001:00018f8b       __VEC_memcpy               00019f8b f   LIBCMT:p4_memcpy.obj
 0001:0001908e       __GET_RTERRMSG             0001a08e f   LIBCMT:crt0msg.obj
 0001:000190b4       __NMSG_WRITE               0001a0b4 f   LIBCMT:crt0msg.obj
 0001:00019263       __FF_MSGBANNER             0001a263 f   LIBCMT:crt0msg.obj
 0001:0001929c       ?strrchr@@YAPADPADH@Z      0001a29c f i LIBCMT:cvt.obj
 0001:000192a7       __forcdecpt_l              0001a2a7 f   LIBCMT:cvt.obj
 0001:0001931b       __cropzeros_l              0001a31b f   LIBCMT:cvt.obj
 0001:0001939d       __positive                 0001a39d f   LIBCMT:cvt.obj
 0001:000193b9       __fassign_l                0001a3b9 f   LIBCMT:cvt.obj
 0001:000193fb       __fassign                  0001a3fb f   LIBCMT:cvt.obj
 0001:00019434       __forcdecpt                0001a434 f   LIBCMT:cvt.obj
 0001:00019447       __cropzeros                0001a447 f   LIBCMT:cvt.obj
 0001:000195bb       __cftoe_l                  0001a5bb f   LIBCMT:cvt.obj
 0001:00019682       __cftoe                    0001a682 f   LIBCMT:cvt.obj
 0001:000196a2       __cftoa_l                  0001a6a2 f   LIBCMT:cvt.obj
 0001:00019a18       __cftoa                    0001aa18 f   LIBCMT:cvt.obj
 0001:00019b3b       __cftof_l                  0001ab3b f   LIBCMT:cvt.obj
 0001:00019bfc       __cftof                    0001abfc f   LIBCMT:cvt.obj
 0001:00019c19       __cftog_l                  0001ac19 f   LIBCMT:cvt.obj
 0001:00019d06       __cftog                    0001ad06 f   LIBCMT:cvt.obj
 0001:00019d26       __cfltcvt_l                0001ad26 f   LIBCMT:cvt.obj
 0001:00019dae       __cfltcvt                  0001adae f   LIBCMT:cvt.obj
 0001:00019dd1       __initp_misc_cfltcvt_tab   0001add1 f   LIBCMT:cmiscdat.obj
 0001:00019df4       __setdefaultprecision      0001adf4 f   LIBCMT:fp8.obj
 0001:00019e1c       __encoded_null             0001ae1c f   LIBCMT:tidtable.obj
 0001:00019e25       ___crtTlsAlloc@4           0001ae25 f   LIBCMT:tidtable.obj
 0001:00019e2e       ___fls_getvalue@4          0001ae2e f   LIBCMT:tidtable.obj
 0001:00019e48       ___get_flsindex            0001ae48 f   LIBCMT:tidtable.obj
 0001:00019e4e       ___set_flsgetvalue         0001ae4e f   LIBCMT:tidtable.obj
 0001:00019e82       ___fls_setvalue@8          0001ae82 f   LIBCMT:tidtable.obj
 0001:00019e9f       __mtterm                   0001ae9f f   LIBCMT:tidtable.obj
 0001:00019edc       __initptd                  0001aedc f   LIBCMT:tidtable.obj
 0001:00019f90       __getptd_noexit            0001af90 f   LIBCMT:tidtable.obj
 0001:0001a009       __getptd                   0001b009 f   LIBCMT:tidtable.obj
 0001:0001a023       __freefls@4                0001b023 f   LIBCMT:tidtable.obj
 0001:0001a152       __freeptd                  0001b152 f   LIBCMT:tidtable.obj
 0001:0001a1c0       ___threadid                0001b1c0 f   LIBCMT:tidtable.obj
 0001:0001a1c6       ___threadhandle            0001b1c6 f   LIBCMT:tidtable.obj
 0001:0001a1cc       __mtinit                   0001b1cc f   LIBCMT:tidtable.obj
 0001:0001a347       __setenvp                  0001b347 f   LIBCMT:stdenvp.obj
 0001:0001a423       __set_pgmptr               0001b423 f i LIBCMT:stdargv.obj
 0001:0001a5cc       __setargv                  0001b5cc f   LIBCMT:stdargv.obj
 0001:0001a687       ___crtGetEnvironmentStringsA 0001b687 f   LIBCMT:a_env.obj
 0001:0001a71e       __RTC_Initialize           0001b71e f   LIBCMT:_initsect_.obj
 0001:0001a744       __RTC_Terminate            0001b744 f   LIBCMT:_initsect_.obj
 0001:0001a790       __XcptFilter               0001b790 f   LIBCMT:winxfltr.obj
 0001:0001a8da       ___CppXcptFilter           0001b8da f   LIBCMT:winxfltr.obj
 0001:0001a8fa       _DllMain@12                0001b8fa f   LIBCMT:dllmain.obj
 0001:0001a900       ___security_init_cookie    0001b900 f   LIBCMT:gs_support.obj
 0001:0001abbe       ___updatetmbcinfo          0001bbbe f   LIBCMT:mbctype.obj
 0001:0001acde       __setmbcp_nolock           0001bcde f   LIBCMT:mbctype.obj
 0001:0001aec7       __getmbcp                  0001bec7 f   LIBCMT:mbctype.obj
 0001:0001af05       __setmbcp                  0001bf05 f   LIBCMT:mbctype.obj
 0001:0001b09f       ___initmbctable            0001c09f f   LIBCMT:mbctype.obj
 0001:0001b0bd       ___addlocaleref            0001c0bd f   LIBCMT:localref.obj
 0001:0001b14c       ___removelocaleref         0001c14c f   LIBCMT:localref.obj
 0001:0001b1e5       ___freetlocinfo            0001c1e5 f   LIBCMT:localref.obj
 0001:0001b330       __updatetlocinfoEx_nolock  0001c330 f   LIBCMT:localref.obj
 0001:0001b37d       ___updatetlocinfo          0001c37d f   LIBCMT:localref.obj
 0001:0001b3f6       __isctype_l                0001c3f6 f   LIBCMT:isctype.obj
 0001:0001b4ae       __isctype                  0001c4ae f   LIBCMT:isctype.obj
 0001:0001b4e0       ____setlc_active_func      0001c4e0 f   LIBCMT:setlocal.obj
 0001:0001b4e6       ____unguarded_readlc_active_add_func 0001c4e6 f   LIBCMT:setlocal.obj
 0001:0001b512       __configthreadlocale       0001c512 f   LIBCMT:setlocal.obj
 0001:0001b599       __free_locale              0001c599 f   LIBCMT:setlocal.obj
 0001:0001b65b       ___free_locale             0001c65b f   LIBCMT:setlocal.obj
 0001:0001b666       __get_current_locale       0001c666 f   LIBCMT:setlocal.obj
 0001:0001b715       ___get_current_locale      0001c715 f   LIBCMT:setlocal.obj
 0001:0001b71a       ___init_dummy              0001c71a f   LIBCMT:setlocal.obj
 0001:0001b71d       __strcats                  0001c71d f   LIBCMT:setlocal.obj
 0001:0001b75e       ___lc_strtolc              0001c75e f   LIBCMT:setlocal.obj
 0001:0001b87d       ___lc_lctostr              0001c87d f   LIBCMT:setlocal.obj
 0001:0001ba4d       __expandlocale             0001ca4d f   LIBCMT:setlocal.obj
 0001:0001c1c4       __create_locale            0001d1c4 f   LIBCMT:setlocal.obj
 0001:0001c2b9       ___create_locale           0001d2b9 f   LIBCMT:setlocal.obj
 0001:0001c2c4       _setlocale                 0001d2c4 f   LIBCMT:setlocal.obj
 0001:0001c438       __set_SSE2_enable          0001d438 f   LIBCMT:_mathfcns_.obj
 0001:0001c451       __sse2_mathfcns_init       0001d451 f   LIBCMT:_mathfcns_.obj
 0001:0001c461       __modf_default             0001d461 f   LIBCMT:_modf_.obj
 0001:0001c576       ___libm_setusermatherr     0001d576 f   LIBCMT:_libm_error_.obj
 0001:0001c5a4       ___libm_error_support      0001d5a4 f   LIBCMT:_libm_error_.obj
 0001:0001c870       ___sys_nerr                0001d870 f   LIBCMT:syserr.obj
 0001:0001c876       ___sys_errlist             0001d876 f   LIBCMT:syserr.obj
 0001:0001c87c       _strncpy_s                 0001d87c f   LIBCMT:strncpy_s.obj
 0001:0001c931       ?terminate@@YAXXZ          0001d931 f   LIBCMT:hooks.obj
 0001:0001c96a       ?unexpected@@YAXXZ         0001d96a f   LIBCMT:hooks.obj
 0001:0001c97d       ?_inconsistency@@YAXXZ     0001d97d f   LIBCMT:hooks.obj
 0001:0001c9b5       __initp_eh_hooks           0001d9b5 f   LIBCMT:hooks.obj
 0001:0001c9c6       __initp_misc_winsig        0001d9c6 f   LIBCMT:winsig.obj
 0001:0001cab7       ___get_sigabrt             0001dab7 f   LIBCMT:winsig.obj
 0001:0001cac4       ___fpecode                 0001dac4 f   LIBCMT:winsig.obj
 0001:0001cacd       ___pxcptinfoptrs           0001dacd f   LIBCMT:winsig.obj
 0001:0001cad6       _signal                    0001dad6 f   LIBCMT:winsig.obj
 0001:0001cd16       _raise                     0001dd16 f   LIBCMT:winsig.obj
 0001:0001ceb9       __initp_misc_rand_s        0001deb9 f   LIBCMT:rand_s.obj
 0001:0001cec8       _rand_s                    0001dec8 f   LIBCMT:rand_s.obj
 0001:0001cfb8       ___getlocaleinfo           0001dfb8 f   LIBCMT:inithelp.obj
 0001:0001d164       __initp_misc_purevirt      0001e164 f   LIBCMT:inithelp.obj
 0001:0001d180       __ValidateImageBase        0001e180 f   LIBCMT:pesect.obj
 0001:0001d1c0       __FindPESection            0001e1c0 f   LIBCMT:pesect.obj
 0001:0001d210       __IsNonwritableInCurrentImage 0001e210 f   LIBCMT:pesect.obj
 0001:0001d2cc       __MarkAllocaS              0001e2cc f i LIBCMT:a_map.obj
 0001:0001d2e2       __freea                    0001e2e2 f i LIBCMT:a_map.obj
 0001:0001d507       ___crtLCMapStringA         0001e507 f   LIBCMT:a_map.obj
 0001:0001d54d       __isleadbyte_l             0001e54d f i LIBCMT:_wctype.obj
 0001:0001d585       _isleadbyte                0001e585 f i LIBCMT:_wctype.obj
 0001:0001d598       __iswalpha_l               0001e598 f i LIBCMT:_wctype.obj
 0001:0001d5ae       _iswalpha                  0001e5ae f i LIBCMT:_wctype.obj
 0001:0001d5c4       __iswupper_l               0001e5c4 f i LIBCMT:_wctype.obj
 0001:0001d5d7       _iswupper                  0001e5d7 f i LIBCMT:_wctype.obj
 0001:0001d5ea       __iswlower_l               0001e5ea f i LIBCMT:_wctype.obj
 0001:0001d5fd       _iswlower                  0001e5fd f i LIBCMT:_wctype.obj
 0001:0001d610       __iswdigit_l               0001e610 f i LIBCMT:_wctype.obj
 0001:0001d623       _iswdigit                  0001e623 f i LIBCMT:_wctype.obj
 0001:0001d636       __iswxdigit_l              0001e636 f i LIBCMT:_wctype.obj
 0001:0001d64c       _iswxdigit                 0001e64c f i LIBCMT:_wctype.obj
 0001:0001d662       __iswspace_l               0001e662 f i LIBCMT:_wctype.obj
 0001:0001d675       _iswspace                  0001e675 f i LIBCMT:_wctype.obj
 0001:0001d688       __iswpunct_l               0001e688 f i LIBCMT:_wctype.obj
 0001:0001d69b       _iswpunct                  0001e69b f i LIBCMT:_wctype.obj
 0001:0001d6ae       __iswalnum_l               0001e6ae f i LIBCMT:_wctype.obj
 0001:0001d6c4       _iswalnum                  0001e6c4 f i LIBCMT:_wctype.obj
 0001:0001d6da       __iswprint_l               0001e6da f i LIBCMT:_wctype.obj
 0001:0001d6f0       _iswprint                  0001e6f0 f i LIBCMT:_wctype.obj
 0001:0001d706       __iswgraph_l               0001e706 f i LIBCMT:_wctype.obj
 0001:0001d71c       _iswgraph                  0001e71c f i LIBCMT:_wctype.obj
 0001:0001d732       __iswcntrl_l               0001e732 f i LIBCMT:_wctype.obj
 0001:0001d745       _iswcntrl                  0001e745 f i LIBCMT:_wctype.obj
 0001:0001d758       _iswascii                  0001e758 f i LIBCMT:_wctype.obj
 0001:0001d76c       __iswcsym_l                0001e76c f i LIBCMT:_wctype.obj
 0001:0001d792       ___iswcsym                 0001e792 f i LIBCMT:_wctype.obj
 0001:0001d7b8       __iswcsymf_l               0001e7b8 f i LIBCMT:_wctype.obj
 0001:0001d7de       ___iswcsymf                0001e7de f i LIBCMT:_wctype.obj
 0001:0001d804       __flsbuf                   0001e804 f   LIBCMT:_flsbuf.obj
 0001:0001d968       __vsprintf_l               0001e968 f   LIBCMT:vsprintf.obj
 0001:0001d9ec       _vsprintf                  0001e9ec f   LIBCMT:vsprintf.obj
 0001:0001da06       __vscprintf_helper         0001ea06 f   LIBCMT:vsprintf.obj
 0001:0001da62       __vscprintf                0001ea62 f   LIBCMT:vsprintf.obj
 0001:0001da7e       __vscprintf_l              0001ea7e f   LIBCMT:vsprintf.obj
 0001:0001da9b       __vscprintf_p              0001ea9b f   LIBCMT:vsprintf.obj
 0001:0001dab7       __vscprintf_p_l            0001eab7 f   LIBCMT:vsprintf.obj
 0001:0001dad4       __vsnprintf_helper         0001ead4 f   LIBCMT:vsnprnc.obj
 0001:0001db9e       __vsnprintf_c              0001eb9e f   LIBCMT:vsnprnc.obj
 0001:0001dbc7       __vsnprintf_c_l            0001ebc7 f   LIBCMT:vsnprnc.obj
 0001:0001dbf1       __vsprintf_s_l             0001ebf1 f   LIBCMT:vsnprnc.obj
 0001:0001dc68       _vsprintf_s                0001ec68 f   LIBCMT:vsnprnc.obj
 0001:0001dc85       __vsnprintf_s_l            0001ec85 f   LIBCMT:vsnprnc.obj
 0001:0001dd71       __vsnprintf_s              0001ed71 f   LIBCMT:vsnprnc.obj
 0001:0001dd91       __vsprintf_p               0001ed91 f   LIBCMT:vsnprnc.obj
 0001:0001ddba       __vsprintf_p_l             0001edba f   LIBCMT:vsnprnc.obj
 0001:0001ddf0       __aulldvrm                 0001edf0 f   LIBCMT:ulldvrm.obj
 0001:0001de85       __freebuf                  0001ee85 f   LIBCMT:_freebuf.obj
 0001:0001deb6       __write_nolock             0001eeb6 f   LIBCMT:write.obj
 0001:0001e5b3       __write                    0001f5b3 f   LIBCMT:write.obj
 0001:0001e687       __msize                    0001f687 f   LIBCMT:msize.obj
 0001:0001e6ba       __validdrive               0001f6ba f   LIBCMT:getcwd.obj
 0001:0001e714       __getdcwd_nolock           0001f714 f   LIBCMT:getcwd.obj
 0001:0001e838       __getcwd                   0001f838 f   LIBCMT:getcwd.obj
 0001:0001e881       __getdcwd                  0001f881 f   LIBCMT:getcwd.obj
 0001:0001e8cb       __mbsicmp_l                0001f8cb f   LIBCMT:mbsicmp.obj
 0001:0001eac2       __mbsicmp                  0001fac2 f   LIBCMT:mbsicmp.obj
 0001:0001ead9       __mbsrchr_l                0001fad9 f   LIBCMT:mbsrchr.obj
 0001:0001eb83       __mbsrchr                  0001fb83 f   LIBCMT:mbsrchr.obj
 0001:0001eb9a       __fstat32                  0001fb9a f   LIBCMT:fstat.obj
 0001:0001eec6       ___loctotime32_t           0001fec6 f   LIBCMT:dtoxtime.obj
 0001:0001f0d0       __SEH_prolog4_GS           000200d0 f   LIBCMT:sehprolg4gs.obj
 0001:0001f118       __SEH_epilog4_GS           00020118 f   LIBCMT:sehprolg4gs.obj
 0001:0001f127       __lseeki64_nolock          00020127 f   LIBCMT:lseeki64.obj
 0001:0001f1ac       __lseeki64                 000201ac f   LIBCMT:lseeki64.obj
 0001:0001f296       __chsize_nolock            00020296 f   LIBCMT:chsize.obj
 0001:0001f44c       __chsize_s                 0002044c f   LIBCMT:chsize.obj
 0001:0001f533       __chsize                   00020533 f   LIBCMT:chsize.obj
 0001:0001f54f       __read_nolock              0002054f f   LIBCMT:read.obj
 0001:0001fb06       __read                     00020b06 f   LIBCMT:read.obj
 0001:0001fbfc       __lseek_nolock             00020bfc f   LIBCMT:lseek.obj
 0001:0001fc71       __lseek                    00020c71 f   LIBCMT:lseek.obj
 0001:0001fd45       __set_daylight             00020d45 f i LIBCMT:tzset.obj
 0001:0001fd56       __set_dstbias              00020d56 f i LIBCMT:tzset.obj
 0001:0001fd67       __set_timezone             00020d67 f i LIBCMT:tzset.obj
 0001:00020459       ___tzset                   00021459 f   LIBCMT:tzset.obj
 0001:000204a8       __tzset                    000214a8 f   LIBCMT:tzset.obj
 0001:000204e0       __isindst                  000214e0 f   LIBCMT:tzset.obj
 0001:00020521       __get_daylight             00021521 f   LIBCMT:timeset.obj
 0001:0002054e       __get_dstbias              0002154e f   LIBCMT:timeset.obj
 0001:0002057b       __get_timezone             0002157b f   LIBCMT:timeset.obj
 0001:000205a8       __get_tzname               000215a8 f   LIBCMT:timeset.obj
 0001:0002063a       ___daylight                0002163a f   LIBCMT:timeset.obj
 0001:00020640       ___dstbias                 00021640 f   LIBCMT:timeset.obj
 0001:00020646       ___timezone                00021646 f   LIBCMT:timeset.obj
 0001:0002064c       ___tzname                  0002164c f   LIBCMT:timeset.obj
 0001:00020660       _strpbrk                   00021660 f   LIBCMT:strpbrk.obj
 0001:000206a0       __crt_debugger_hook        000216a0 f   LIBCMT:dbghook.obj
 0001:000206a8       __isatty                   000216a8 f   LIBCMT:isatty.obj
 0001:000206fe       _printf                    000216fe f   LIBCMT:printf.obj
 0001:000207a5       __printf_l                 000217a5 f   LIBCMT:printf.obj
 0001:000207be       __printf_s_l               000217be f   LIBCMT:printf.obj
 0001:000207d7       _printf_s                  000217d7 f   LIBCMT:printf.obj
 0001:000207ef       __printf_p_l               000217ef f   LIBCMT:printf.obj
 0001:00020808       __printf_p                 00021808 f   LIBCMT:printf.obj
 0001:00020820       __set_printf_count_output  00021820 f   LIBCMT:printf.obj
 0001:0002084a       __get_printf_count_output  0002184a f   LIBCMT:printf.obj
 0001:00020860       __wctomb_s_l               00021860 f   LIBCMT:wctomb.obj
 0001:000209b5       _wctomb_s                  000219b5 f   LIBCMT:wctomb.obj
 0001:000209d2       __wctomb_l                 000219d2 f   LIBCMT:wctomb.obj
 0001:00020a23       _wctomb                    00021a23 f   LIBCMT:wctomb.obj
 0001:00020a60       __local_unwind4            00021a60 f   LIBCMT:exsup4.obj
 0001:00020b36       __seh_longjmp_unwind4@4    00021b36 f   LIBCMT:exsup4.obj
 0001:00020b52       @_EH4_CallFilterFunc@8     00021b52 f   LIBCMT:exsup4.obj
 0001:00020b69       @_EH4_TransferToHandler@8  00021b69 f   LIBCMT:exsup4.obj
 0001:00020b82       @_EH4_GlobalUnwind2@8      00021b82 f   LIBCMT:exsup4.obj
 0001:00020b9b       @_EH4_LocalUnwind@16       00021b9b f   LIBCMT:exsup4.obj
 0001:00020c6d       __output_s_l               00021c6d f   LIBCMT:outputs.obj
 0001:000218a1       __validate_param_reuseA    000228a1 f   LIBCMT:outputp.obj
 0001:00021a87       _get_crtdouble_arg         00022a87 f i LIBCMT:outputp.obj
 0001:00021a9c       __output_p_l               00022a9c f   LIBCMT:outputp.obj
 0001:00022dc0       __calloc_impl              00023dc0 f   LIBCMT:calloc_impl.obj
 0001:00022e42       __recalloc                 00023e42 f   LIBCMT:recalloc.obj
 0001:00022eb0       __fclose_nolock            00023eb0 f   LIBCMT:fclose.obj
 0001:00022f1d       _fclose                    00023f1d f   LIBCMT:fclose.obj
 0001:0002321d       ___crtCompareStringA       0002421d f   LIBCMT:a_cmp.obj
 0001:0002325f       __strnicoll_l              0002425f f   LIBCMT:strnicol.obj
 0001:00023349       __strnicoll                00024349 f   LIBCMT:strnicol.obj
 0001:00023424       ___crtsetenv               00024424 f   LIBCMT:setenv.obj
 0001:00023666       ___crtMessageBoxW          00024666 f   LIBCMT:crtmboxw.obj
 0001:000237d2       _wcscat_s                  000247d2 f   LIBCMT:wcscat_s.obj
 0001:00023847       _wcsncpy_s                 00024847 f   LIBCMT:wcsncpy_s.obj
 0001:00023914       _wcslen                    00024914 f   LIBCMT:wcslen.obj
 0001:0002392f       _wcscpy_s                  0002492f f   LIBCMT:wcscpy_s.obj
 0001:00023992       __set_error_mode           00024992 f   LIBCMT:errmode.obj
 0001:000239d1       ___set_app_type            000249d1 f   LIBCMT:errmode.obj
 0001:000239e0       __tolower                  000249e0 f   LIBCMT:tolower.obj
 0001:000239ed       __tolower_l                000249ed f   LIBCMT:tolower.obj
 0001:00023b02       _tolower                   00024b02 f   LIBCMT:tolower.obj
 0001:00023b2e       __atodbl_l                 00024b2e f   LIBCMT:atodbl.obj
 0001:00023bd6       __atodbl                   00024bd6 f   LIBCMT:atodbl.obj
 0001:00023bed       __atoldbl_l                00024bed f   LIBCMT:atodbl.obj
 0001:00023c96       __atoldbl                  00024c96 f   LIBCMT:atodbl.obj
 0001:00023cad       __atoflt_l                 00024cad f   LIBCMT:atodbl.obj
 0001:00023d55       __atoflt                   00024d55 f   LIBCMT:atodbl.obj
 0001:00023d6c       __set_output_format        00024d6c f   LIBCMT:outputformat.obj
 0001:00023d9e       __get_output_format        00024d9e f   LIBCMT:outputformat.obj
 0001:00023da4       __fptostr                  00024da4 f   LIBCMT:_fptostr.obj
 0001:00023e57       ___dtold                   00024e57 f   LIBCMT:_cfout_.obj
 0001:00023f0a       __fltout2                  00024f0a f   LIBCMT:_cfout_.obj
 0001:00023fa0       __alldvrm                  00024fa0 f   LIBCMT:lldvrm.obj
 0001:0002407f       __fptrap                   0002507f f   LIBCMT:crt0fp.obj
 0001:00024088       __controlfp_s              00025088 f   LIBCMT:_contrlfp_.obj
 0001:0002413a       __ismbbkalnum_l            0002513a f   LIBCMT:ismbbyte.obj
 0001:00024153       __ismbbkalnum              00025153 f   LIBCMT:ismbbyte.obj
 0001:0002416b       __ismbbkprint_l            0002516b f   LIBCMT:ismbbyte.obj
 0001:00024184       __ismbbkprint              00025184 f   LIBCMT:ismbbyte.obj
 0001:0002419c       __ismbbkpunct_l            0002519c f   LIBCMT:ismbbyte.obj
 0001:000241b5       __ismbbkpunct              000251b5 f   LIBCMT:ismbbyte.obj
 0001:000241cd       __ismbbalnum_l             000251cd f   LIBCMT:ismbbyte.obj
 0001:000241e9       __ismbbalnum               000251e9 f   LIBCMT:ismbbyte.obj
 0001:00024204       __ismbbalpha_l             00025204 f   LIBCMT:ismbbyte.obj
 0001:00024220       __ismbbalpha               00025220 f   LIBCMT:ismbbyte.obj
 0001:0002423b       __ismbbgraph_l             0002523b f   LIBCMT:ismbbyte.obj
 0001:00024257       __ismbbgraph               00025257 f   LIBCMT:ismbbyte.obj
 0001:00024272       __ismbbprint_l             00025272 f   LIBCMT:ismbbyte.obj
 0001:0002428e       __ismbbprint               0002528e f   LIBCMT:ismbbyte.obj
 0001:000242a9       __ismbbpunct_l             000252a9 f   LIBCMT:ismbbyte.obj
 0001:000242c2       __ismbbpunct               000252c2 f   LIBCMT:ismbbyte.obj
 0001:000242da       __ismbblead_l              000252da f   LIBCMT:ismbbyte.obj
 0001:000242f3       __ismbblead                000252f3 f   LIBCMT:ismbbyte.obj
 0001:0002430b       __ismbbtrail_l             0002530b f   LIBCMT:ismbbyte.obj
 0001:00024324       __ismbbtrail               00025324 f   LIBCMT:ismbbyte.obj
 0001:0002433c       __ismbbkana_l              0002533c f   LIBCMT:ismbbyte.obj
 0001:00024391       __ismbbkana                00025391 f   LIBCMT:ismbbyte.obj
 0001:0002448b       ___crtGetStringTypeA       0002548b f   LIBCMT:a_str.obj
 0001:00024cca       ___free_lc_time            00025cca f   LIBCMT:inittime.obj
 0001:00025041       ___init_time               00026041 f   LIBCMT:inittime.obj
 0001:000250ee       ___free_lconv_num          000260ee f   LIBCMT:initnum.obj
 0001:00025157       ___init_numeric            00026157 f   LIBCMT:initnum.obj
 0001:00025377       ___free_lconv_mon          00026377 f   LIBCMT:initmon.obj
 0001:00025475       ___init_monetary           00026475 f   LIBCMT:initmon.obj
 0001:000257d5       _localeconv                000267d5 f   LIBCMT:lconv.obj
 0001:000257fb       ___pwctype_func            000267fb f   LIBCMT:ctype.obj
 0001:00025801       ___pctype_func             00026801 f   LIBCMT:ctype.obj
 0001:0002582a       ___init_ctype              0002682a f   LIBCMT:initctyp.obj
 0001:00025bd1       ____mb_cur_max_func        00026bd1 f   LIBCMT:initctyp.obj
 0001:00025bfa       ____mb_cur_max_l_func      00026bfa f   LIBCMT:initctyp.obj
 0001:00025c16       ____lc_codepage_func       00026c16 f   LIBCMT:initctyp.obj
[...]
 0003:00002be8       ___onexitend               00039be8     <common>
 0003:00002bec       ___onexitbegin             00039bec     <common>
 0003:00002bf0       ___mbctype_initialized     00039bf0     <common>
 0003:00002bf4       ___dyn_tls_init_callback   00039bf4     <common>
 0003:00002bf8       __acmdln                   00039bf8     <common>
 0003:00002bfc       ___piob                    00039bfc     <common>
 0003:00002c00       __bufin                    00039c00     <common>
 0003:00003c00       __nstream                  0003ac00     <common>

 entry point at        0001:0001274c

 Static symbols

 0001:00000000       _stat                      00001000 f   dynatrace_adk.obj
 0001:00000010       _remove_quotes             00001010 f   dynatrace_adk.obj
 0001:00000060       _file_exists               00001060 f   dynatrace_adk.obj
 0001:000000a0       _str_trimright             000010a0 f   dynatrace_adk.obj
 0001:000000d0       _init_dummytag             000010d0 f   dynatrace_adk.obj
 0001:00000100       _init_dummytagstring       00001100 f   dynatrace_adk.obj
 0001:00000120       __get_threadid             00001120 f   dynatrace_adk.obj
 0001:000017c0       _apr_winapi_SwitchToThread 000027c0 f   apr-1:thread.obj
 0001:000018a0       _dummy_worker              000028a0 f   apr-1:thread.obj
 0001:00001c50       _FileTimeToAprTime         00002c50 f   apr-1:time.obj
 0001:00001c90       _AprTimeToFileTime         00002c90 f   apr-1:time.obj
 0001:00001cd0       _apr_winapi_NtSetTimerResolution 00002cd0 f   apr-1:time.obj
 0001:00001d20       _get_local_timezone        00002d20 f   apr-1:time.obj
 0001:00001d60       _SystemTimeToAprExpTime    00002d60 f   apr-1:time.obj
 0001:000024e0       _clock_restore             000034e0 f   apr-1:time.obj
 0001:000025e0       _dso_cleanup               000035e0 f   apr-1:dso.obj
 0001:00002b70       _apr_cvt                   00003b70 f   apr-1:apr_snprintf.obj
 0001:00002d60       _apr_ecvt                  00003d60 f   apr-1:apr_snprintf.obj
 0001:00002d80       _apr_fcvt                  00003d80 f   apr-1:apr_snprintf.obj
 0001:00002da0       _apr_gcvt                  00003da0 f   apr-1:apr_snprintf.obj
 0001:00002f60       _conv_10                   00003f60 f   apr-1:apr_snprintf.obj
 0001:00002fd0       _conv_10_quad              00003fd0 f   apr-1:apr_snprintf.obj
 0001:000030b0       _conv_in_addr              000040b0 f   apr-1:apr_snprintf.obj
 0001:00003140       _conv_apr_sockaddr         00004140 f   apr-1:apr_snprintf.obj
 0001:000031d0       _conv_os_thread_t          000041d0 f   apr-1:apr_snprintf.obj
 0001:000031f0       _conv_fp                   000041f0 f   apr-1:apr_snprintf.obj
 0001:000033a0       _conv_p2                   000043a0 f   apr-1:apr_snprintf.obj
 0001:000033f0       _conv_p2_quad              000043f0 f   apr-1:apr_snprintf.obj
 0001:00003470       _conv_os_thread_t_hex      00004470 f   apr-1:apr_snprintf.obj
 0001:000044d0       _snprintf_flush            000054d0 f   apr-1:apr_snprintf.obj
 0001:000046b0       _allocator_alloc           000056b0 f   apr-1:apr_pools.obj
 0001:000047f0       _allocator_free            000057f0 f   apr-1:apr_pools.obj
 0001:00004be0       _psprintf_flush            00005be0 f   apr-1:apr_pools.obj
 0001:00005040       _run_cleanups              00006040 f   apr-1:apr_pools.obj
 0001:000050b0       _free_proc_chain           000060b0 f   apr-1:apr_pools.obj
 0001:000055d0       _stuffbuffer               000065d0 f   apr-1:errorcodes.obj
 0001:000055e0       _apr_error_string          000065e0 f   apr-1:errorcodes.obj
 0001:000057e0       _apr_os_strerror           000067e0 f   apr-1:errorcodes.obj
 0001:00005870       _native_strerror           00006870 f   apr-1:errorcodes.obj
 0001:00005910       _apr_malloc_dbg            00006910 f   apr-1:start.obj
 0001:00005920       _apr_realloc_dbg           00006920 f   apr-1:start.obj
 0001:00005930       _apr_winapi_CommandLineToArgvW 00006930 f   apr-1:start.obj
 0001:00005970       _warrsztoastr              00006970 f   apr-1:start.obj
 0001:00005c40       _compare_right             00006c40 f   apr-1:apr_strnatcmp.obj
 0001:00005ce0       _compare_left              00006ce0 f   apr-1:apr_strnatcmp.obj
 0001:00005d60       _strnatcmp0                00006d60 f   apr-1:apr_strnatcmp.obj
 0001:00006320       _apr_winapi_CancelIo       00007320 f   apr-1:open.obj
 0001:00006690       _make_sparse_file          00007690 f   apr-1:open.obj
 0001:00007160       _get_local_addr            00008160 f   apr-1:sockaddr.obj
 0001:000071c0       _get_remote_addr           000081c0 f   apr-1:sockaddr.obj
 0001:00007440       _find_addresses            00008440 f   apr-1:sockaddr.obj
 0001:00007710       _parse_network             00008710 f   apr-1:sockaddr.obj
 0001:00007850       _parse_ip                  00008850 f   apr-1:sockaddr.obj
 0001:00007890       _looks_like_ip             00008890 f   apr-1:sockaddr.obj
 0001:000078e0       _fix_subnet                000088e0 f   apr-1:sockaddr.obj
 0001:00008000       _apr_winapi_TryEnterCriticalSection 00009000 f   apr-1:thread_mutex.obj
 0001:00008040       _thread_mutex_cleanup      00009040 f   apr-1:thread_mutex.obj
 0001:000082d0       _alloc_array               000092d0 f   apr-1:apr_hash.obj
 0001:000083c0       _expand_array              000093c0 f   apr-1:apr_hash.obj
 0001:00008490       _find_entry                00009490 f   apr-1:apr_hash.obj
 0001:00008a80       _apr_winapi_CreateToolhelp32Snapshot 00009a80 f   apr-1:proc.obj
 0001:00008ac0       _apr_winapi_Process32FirstW 00009ac0 f   apr-1:proc.obj
 0001:00008b00       _apr_winapi_Process32NextW 00009b00 f   apr-1:proc.obj
 0001:00008e40       _attr_cleanup              00009e40 f   apr-1:proc.obj
 0001:000090f0       _has_space                 0000a0f0 f   apr-1:proc.obj
 0001:00009120       _apr_caret_escape_args     0000a120 f   apr-1:proc.obj
 0001:000091e0       _threadproc_global_cleanup 0000a1e0 f   apr-1:proc.obj
 0001:00009ca0       _why_from_exit_code        0000aca0 f   apr-1:proc.obj
 0001:0000a5c0       _apr_malloc_dbg            0000b5c0 f   apr-1:internal.obj
 0001:0000a5d0       _apr_realloc_dbg           0000b5d0 f   apr-1:internal.obj
 0001:0000a740       _apr_winapi_CancelIo       0000b740 f   apr-1:readwrite.obj
 0001:0000a780       _read_with_timeout         0000b780 f   apr-1:readwrite.obj
 0001:0000aa50       _file_printf_flush         0000ba50 f   apr-1:readwrite.obj
 0001:0000bb70       _inet_ntop4                0000cb70 f   apr-1:inet_ntop.obj
 0001:0000bc30       _inet_pton4                0000cc30 f   apr-1:inet_pton.obj
 0001:0000dee0       _setptr                    0000eee0 f   apr-1:seek.obj
 0001:0000e200       _apr_winapi_GetFileAttributesExA 0000f200 f   apr-1:filestat.obj
 0001:0000e240       _apr_winapi_GetFileAttributesExW 0000f240 f   apr-1:filestat.obj
 0001:0000e280       _apr_winapi_GetEffectiveRightsFromAclW 0000f280 f   apr-1:filestat.obj
 0001:0000e2d0       _apr_winapi_GetNamedSecurityInfoW 0000f2d0 f   apr-1:filestat.obj
 0001:0000e330       _apr_winapi_GetNamedSecurityInfoA 0000f330 f   apr-1:filestat.obj
 0001:0000e390       _apr_winapi_GetSecurityInfo 0000f390 f   apr-1:filestat.obj
 0001:0000e3f0       _apr_winapi_GetCompressedFileSizeA 0000f3f0 f   apr-1:filestat.obj
 0001:0000e430       _apr_winapi_GetCompressedFileSizeW 0000f430 f   apr-1:filestat.obj
 0001:0000e470       _apr_winapi_ZwQueryInformationFile 0000f470 f   apr-1:filestat.obj
 0001:0000e4c0       _FileTimeToAprTime         0000f4c0 f   apr-1:filestat.obj
 0001:0000e500       _AprTimeToFileTime         0000f500 f   apr-1:filestat.obj
 0001:0000e540       _test_safe_name            0000f540 f   apr-1:filestat.obj
 0001:0000e5b0       _free_localheap            0000f5b0 f   apr-1:filestat.obj
 0001:0000e5d0       _free_world                0000f5d0 f   apr-1:filestat.obj
 0001:0000e5f0       _convert_prot              0000f5f0 f   apr-1:filestat.obj
 0001:0000e620       _resolve_prot              0000f620 f   apr-1:filestat.obj
 0001:0000e810       _guess_protection_bits     0000f810 f   apr-1:filestat.obj
 0001:0000f010       _resolve_ident             00010010 f   apr-1:filestat.obj
 0001:0000f780       _make_array_core           00010780 f   apr-1:apr_tables.obj
 0001:0000f900       _apr_array_push_noclear    00010900 f   apr-1:apr_tables.obj
 0001:0000fa70       _copy_array_hdr_core       00010a70 f   apr-1:apr_tables.obj
 0001:0000fcf0       _table_reindex             00010cf0 f   apr-1:apr_tables.obj
 0001:000107a0       _table_mergesort           000117a0 f   apr-1:apr_tables.obj
 0001:00010b20       _apr_table_cat             00011b20 f   apr-1:apr_tables.obj
 0001:0001102e       _IsRootUNCName             0001202e f   LIBCMT:stati32.obj
 0001:000110a8       __fullpath_helper          000120a8 f   LIBCMT:stati32.obj
 0001:00011c1e       __getenv_s_helper          00012c1e f   LIBCMT:getenv.obj
 0001:00011ca9       __dupenv_s_helper          00012ca9 f   LIBCMT:getenv.obj
 0001:00012656       ___DllMainCRTStartup       00013656 f   LIBCMT:dllcrt0.obj
 0001:000128a5       __callthreadstartex        000138a5 f   LIBCMT:threadex.obj
 0001:000128e6       __threadstartex@4          000138e6 f   LIBCMT:threadex.obj
 0001:000139ac       __initterm                 000149ac f   LIBCMT:crt0dat.obj
 0001:00013ae4       _doexit                    00014ae4 f   LIBCMT:crt0dat.obj
 0001:000141b6       ?strtoxl@@YAKPAUlocaleinfo_struct@@PBDPAPBDHH@Z 000151b6 f   LIBCMT:strtol.obj
 0001:0001452d       ?strtoxq@@YA_KPAUlocaleinfo_struct@@PBDPAPBDHH@Z 0001552d f   LIBCMT:strtoq.obj
 0001:00014fab       __dup2_nolock              00015fab f   LIBCMT:dup2.obj
 0001:000150bb       _extend_ioinfo_arrays      000160bb f   LIBCMT:dup2.obj
 0001:000154ad       _flsall                    000164ad f   LIBCMT:fflush.obj
 0001:000155e3       __onexit_nolock            000165e3 f   LIBCMT:onexit.obj
 0001:0001599f       _IsRootUNCName             0001699f f   LIBCMT:stat.obj
 0001:00015a19       __fullpath_helper          00016a19 f   LIBCMT:stat.obj
 0001:000161f5       __tsopen_nolock            000171f5 f   LIBCMT:open.obj
 0001:00017514       _write_char                00018514 f   LIBCMT:output.obj
 0001:00017547       _write_multi_char          00018547 f   LIBCMT:output.obj
 0001:0001756d       _write_string              0001856d f   LIBCMT:output.obj
 0001:00018530       _ValidateLocalCookies      00019530 f   LIBCMT:chandler4.obj
 0001:00019415       __shift                    0001a415 f   LIBCMT:cvt.obj
 0001:0001945a       __cftoe2_l                 0001a45a f   LIBCMT:cvt.obj
 0001:00019a38       __cftof2_l                 0001aa38 f   LIBCMT:cvt.obj
 0001:0001a432       _parse_cmdline             0001b432 f   LIBCMT:stdargv.obj
 0001:0001a76a       _xcptlookup                0001b76a f   LIBCMT:winxfltr.obj
 0001:0001a99b       ?CPtoLCID@@YAHH@Z          0001b99b f   LIBCMT:mbctype.obj
 0001:0001a9ca       ?setSBCS@@YAXPAUthreadmbcinfostruct@@@Z 0001b9ca f   LIBCMT:mbctype.obj
 0001:0001aa2e       ?setSBUpLow@@YAXPAUthreadmbcinfostruct@@@Z 0001ba2e f   LIBCMT:mbctype.obj
 0001:0001ac62       ?getSystemCP@@YAHH@Z       0001bc62 f   LIBCMT:mbctype.obj
 0001:0001b4ec       __copytlocinfo_nolock      0001c4ec f   LIBCMT:setlocal.obj
 0001:0001b570       _sync_legacy_variables_lk  0001c570 f   LIBCMT:setlocal.obj
 0001:0001b8e8       __setlocale_get_all        0001c8e8 f   LIBCMT:setlocal.obj
 0001:0001bc6e       __setlocale_set_cat        0001cc6e f   LIBCMT:setlocal.obj
 0001:0001bfa8       __setlocale_nolock         0001cfa8 f   LIBCMT:setlocal.obj
 0001:0001c9e4       _ctrlevent_capture@4       0001d9e4 f   LIBCMT:winsig.obj
 0001:0001ca80       _siglookup                 0001da80 f   LIBCMT:winsig.obj
 0001:0001d302       ?strncnt@@YAHPBDH@Z        0001e302 f   LIBCMT:a_map.obj
 0001:0001d320       ?__crtLCMapStringA_stat@@YAHPAUlocaleinfo_struct@@KKPBDHPADHHH@Z 0001e320 f   LIBCMT:a_map.obj
 0001:0001fd78       __tzset_nolock             00020d78 f   LIBCMT:tzset.obj
 0001:0002008b       _cvtdate                   0002108b f   LIBCMT:tzset.obj
 0001:00020282       __isindst_nolock           00021282 f   LIBCMT:tzset.obj
 0001:00020af0       __unwind_handler4          00021af0 f   LIBCMT:exsup4.obj
 0001:00020bb2       _write_char                00021bb2 f   LIBCMT:outputs.obj
 0001:00020be5       _write_multi_char          00021be5 f   LIBCMT:outputs.obj
 0001:00020c0b       _write_string              00021c0b f   LIBCMT:outputs.obj
 0001:000219cc       _write_char                000229cc f   LIBCMT:outputp.obj
 0001:000219ff       _write_multi_char          000229ff f   LIBCMT:outputp.obj
 0001:00021a25       _write_string              00022a25 f   LIBCMT:outputp.obj
 0001:00022f91       ?strncnt@@YAHPBDH@Z        00023f91 f   LIBCMT:a_cmp.obj
 0001:00022faf       ?__crtCompareStringA_stat@@YAHPAUlocaleinfo_struct@@KKPBDH1HH@Z 00023faf f   LIBCMT:a_cmp.obj
 0001:00023372       _findenv                   00024372 f   LIBCMT:setenv.obj
 0001:000233c4       _copy_environ              000243c4 f   LIBCMT:setenv.obj
 0001:000240e7       ?x_ismbbtype_l@@YAHPAUlocaleinfo_struct@@IHH@Z 000250e7 f   LIBCMT:ismbbyte.obj
 0001:000243a4       ?__crtGetStringTypeA_stat@@YAHPAUlocaleinfo_struct@@KPBDHPAGHHH@Z 000253a4 f   LIBCMT:a_str.obj
 0001:000244cb       __get_lc_time              000254cb f   LIBCMT:inittime.obj
 0001:000250be       _fix_grouping              000260be f   LIBCMT:initnum.obj
 0001:00025347       _fix_grouping              00026347 f   LIBCMT:initmon.obj
 0001:00025dd8       _TranslateName             00026dd8 f   LIBCMT:getqloc.obj
 0001:00025e3a       _GetLcidFromDefault        00026e3a f   LIBCMT:getqloc.obj
 0001:00025e4e       _ProcessCodePage           00026e4e f   LIBCMT:getqloc.obj
 0001:00025ed2       _TestDefaultCountry        00026ed2 f   LIBCMT:getqloc.obj
 0001:00025ef7       _LcidFromHexString         00026ef7 f   LIBCMT:getqloc.obj
 0001:00025f28       _GetPrimaryLen             00026f28 f   LIBCMT:getqloc.obj
 0001:00025f43       _CountryEnumProc@4         00026f43 f   LIBCMT:getqloc.obj
 0001:00025fea       _TestDefaultLanguage       00026fea f   LIBCMT:getqloc.obj
 0001:00026045       _LangCountryEnumProc@4     00027045 f   LIBCMT:getqloc.obj
 0001:00026216       _LanguageEnumProc@4        00027216 f   LIBCMT:getqloc.obj
 0001:000262d6       _GetLcidFromCountry        000272d6 f   LIBCMT:getqloc.obj
 0001:00026302       _GetLcidFromLangCountry    00027302 f   LIBCMT:getqloc.obj
 0001:00026369       _GetLcidFromLanguage       00027369 f   LIBCMT:getqloc.obj
 0001:00026596       _cmpResult                 00027596 f   LIBCMT:memcmp.obj
 0001:000265a6       _cmpBYTE                   000275a6 f   LIBCMT:memcmp.obj
 0001:000265bc       _cmpWORD                   000275bc f   LIBCMT:memcmp.obj
 0001:000265f8       _cmpDWORD                  000275f8 f   LIBCMT:memcmp.obj
 0001:00026668       _unaligned_memcmp          00027668 f   LIBCMT:memcmp.obj
 0001:0002954b       __get_fname                0002a54b f   LIBCMT:_fpexcept_.obj
 0001:0002a184       ?__crtGetLocaleInfoA_stat@@YAHPAUlocaleinfo_struct@@KKPADH@Z 0002b184 f   LIBCMT:a_loc.obj
 0001:0002a7e0       __unwind_handler           0002b7e0 f   LIBCMT:exsup.obj
 0001:0002d5b2       __abstract_cw              0002e5b2 f   LIBCMT:_ieee87_.obj
 0001:0002d651       __hw_cw                    0002e651 f   LIBCMT:_ieee87_.obj
 0001:0002d6df       __abstract_sw              0002e6df f   LIBCMT:_ieee87_.obj
 0001:0002d722       ___abstract_cw_sse2        0002e722 f   LIBCMT:_ieee87_.obj
 0001:0002d7c2       ___hw_cw_sse2              0002e7c2 f   LIBCMT:_ieee87_.obj
 0001:0002d862       ___abstract_sw_sse2        0002e862 f   LIBCMT:_ieee87_.obj
 0001:0002d8a5       ___fpreset_sse2            0002e8a5 f   LIBCMT:_ieee87_.obj
 0001:0002d97b       ___statusfp_sse2           0002e97b f   LIBCMT:_ieee87_.obj
 0001:0002d9b6       ___clearfp_sse2            0002e9b6 f   LIBCMT:_ieee87_.obj
 0001:0002da06       ___control87_sse2          0002ea06 f   LIBCMT:_ieee87_.obj
 0001:0002e5ed       _xtoa_s@20                 0002f5ed f   LIBCMT:xtoas.obj
 0001:0002e712       @x64toa_s@24               0002f712 f   LIBCMT:xtoas.obj

 Exports

  ordinal    name

        1    _dynatrace_agent_log
               exported name: dynatrace_agent_log
        2    _dynatrace_capture_bool
               exported name: dynatrace_capture_bool
        3    _dynatrace_capture_char
               exported name: dynatrace_capture_char
        4    _dynatrace_capture_double
               exported name: dynatrace_capture_double
        5    _dynatrace_capture_float
               exported name: dynatrace_capture_float
        6    _dynatrace_capture_int16
               exported name: dynatrace_capture_int16
        7    _dynatrace_capture_int32
               exported name: dynatrace_capture_int32
        8    _dynatrace_capture_int64
               exported name: dynatrace_capture_int64
        9    _dynatrace_capture_string
               exported name: dynatrace_capture_string
       10    _dynatrace_capture_string_with_charset
               exported name: dynatrace_capture_string_with_charset
       11    _dynatrace_custom_log
               exported name: dynatrace_custom_log
       12    _dynatrace_custom_log_with_charset
               exported name: dynatrace_custom_log_with_charset
       13    _dynatrace_end_server_purepath
               exported name: dynatrace_end_server_purepath
       14    _dynatrace_enter
               exported name: dynatrace_enter
       15    _dynatrace_exception_throw
               exported name: dynatrace_exception_throw
       16    _dynatrace_exception_throw_with_charset
               exported name: dynatrace_exception_throw_with_charset
       17    _dynatrace_exit
               exported name: dynatrace_exit
       18    _dynatrace_exit_exception
               exported name: dynatrace_exit_exception
       19    _dynatrace_get_method_id
               exported name: dynatrace_get_method_id
       20    _dynatrace_get_method_id_with_charset
               exported name: dynatrace_get_method_id_with_charset
       21    _dynatrace_get_serial_no
               exported name: dynatrace_get_serial_no
       22    _dynatrace_get_tag
               exported name: dynatrace_get_tag
       23    _dynatrace_get_tag_as_string
               exported name: dynatrace_get_tag_as_string
       24    _dynatrace_get_tag_size
               exported name: dynatrace_get_tag_size
       25    _dynatrace_initialize
               exported name: dynatrace_initialize
       26    _dynatrace_is_tag_valid
               exported name: dynatrace_is_tag_valid
       27    _dynatrace_link_client_purepath
               exported name: dynatrace_link_client_purepath
       28    _dynatrace_link_client_purepath_by_customtag
               exported name: dynatrace_link_client_purepath_by_customtag
       29    _dynatrace_link_client_purepath_by_string
               exported name: dynatrace_link_client_purepath_by_string
       30    _dynatrace_reinitialize
               exported name: dynatrace_reinitialize
       31    _dynatrace_set
               exported name: dynatrace_set
       32    _dynatrace_set_customtag
               exported name: dynatrace_set_customtag
       33    _dynatrace_set_tag
               exported name: dynatrace_set_tag
       34    _dynatrace_set_tag_from_string
               exported name: dynatrace_set_tag_from_string
       35    _dynatrace_start_server_purepath
               exported name: dynatrace_start_server_purepath
       36    _dynatrace_string_to_tag
               exported name: dynatrace_string_to_tag
       37    _dynatrace_tag_to_string
               exported name: dynatrace_tag_to_string
       38    _dynatrace_uninitialize
               exported name: dynatrace_uninitialize
