 dtadk

 Timestamp is 5475d912 (Wed Nov 26 14:43:46 2014)

 Preferred load address is 0000000180000000

 Start         Length     Name                   Class
 0001:00000000 0002e4efH .text                   CODE
 0001:0002e4f0 00000770H .text$x                 CODE
 0002:00000000 00000568H .idata$5                DATA
 0002:00000568 00000008H .CRT$XCA                DATA
 0002:00000570 00000008H .CRT$XCZ                DATA
 0002:00000578 00000008H .CRT$XIA                DATA
 0002:00000580 00000018H .CRT$XIC                DATA
 0002:00000598 00000008H .CRT$XIZ                DATA
 0002:000005a0 00000008H .CRT$XPA                DATA
 0002:000005a8 00000008H .CRT$XPX                DATA
 0002:000005b0 00000008H .CRT$XPXA               DATA
 0002:000005b8 00000008H .CRT$XPZ                DATA
 0002:000005c0 00000008H .CRT$XTA                DATA
 0002:000005c8 00000008H .CRT$XTZ                DATA
 0002:000005d0 000048d8H .rdata                  DATA
 0002:00004ea8 00000098H .rdata$debug            DATA
 0002:00004f40 00000008H .rtc$IAA                DATA
 0002:00004f48 00000008H .rtc$IZZ                DATA
 0002:00004f50 00000008H .rtc$TAA                DATA
 0002:00004f58 00000008H .rtc$TZZ                DATA
 0002:00004f60 00003c6cH .xdata                  DATA
 0002:00008bcc 00000050H .idata$2                DATA
 0002:00008c1c 00000014H .idata$3                DATA
 0002:00008c30 00000568H .idata$4                DATA
 0002:00009198 00000b72H .idata$6                DATA
 0002:00009d10 00000584H .edata                  DATA
 0003:00000000 000019fcH .data                   DATA
 0003:00001a00 00002c24H .bss                    DATA
 0004:00000000 00002b74H .pdata                  DATA

  Address         Publics by Value              Rva+Base               Lib:Object

 0000:00000000       ___safe_se_handler_count   0000000000000000     <absolute>
 0000:00000000       ___safe_se_handler_table   0000000000000000     <absolute>
 0000:00000000       __ImageBase                0000000180000000     <linker-defined>
 0001:00000180       dynatrace_set              0000000180001180 f   dynatrace_adk.obj
 0001:000002b0       dynatrace_initialize       00000001800012b0 f   dynatrace_adk.obj
 0001:00000d10       dynatrace_reinitialize     0000000180001d10 f   dynatrace_adk.obj
 0001:00000f80       dynatrace_uninitialize     0000000180001f80 f   dynatrace_adk.obj
 0001:00001260       dynatrace_get_method_id    0000000180002260 f   dynatrace_adk.obj
 0001:000012b0       dynatrace_get_method_id_with_charset 00000001800022b0 f   dynatrace_adk.obj
 0001:00001340       dynatrace_get_serial_no    0000000180002340 f   dynatrace_adk.obj
 0001:00001370       dynatrace_enter            0000000180002370 f   dynatrace_adk.obj
 0001:000013a0       dynatrace_exit             00000001800023a0 f   dynatrace_adk.obj
 0001:000013d0       dynatrace_exit_exception   00000001800023d0 f   dynatrace_adk.obj
 0001:00001400       dynatrace_capture_bool     0000000180002400 f   dynatrace_adk.obj
 0001:00001440       dynatrace_capture_char     0000000180002440 f   dynatrace_adk.obj
 0001:00001480       dynatrace_capture_double   0000000180002480 f   dynatrace_adk.obj
 0001:000014c0       dynatrace_capture_float    00000001800024c0 f   dynatrace_adk.obj
 0001:00001500       dynatrace_capture_int16    0000000180002500 f   dynatrace_adk.obj
 0001:00001540       dynatrace_capture_int32    0000000180002540 f   dynatrace_adk.obj
 0001:00001580       dynatrace_capture_int64    0000000180002580 f   dynatrace_adk.obj
 0001:000015c0       dynatrace_capture_string_with_charset 00000001800025c0 f   dynatrace_adk.obj
 0001:00001610       dynatrace_capture_string   0000000180002610 f   dynatrace_adk.obj
 0001:00001660       dynatrace_exception_throw  0000000180002660 f   dynatrace_adk.obj
 0001:00001690       dynatrace_exception_throw_with_charset 0000000180002690 f   dynatrace_adk.obj
 0001:000016f0       dynatrace_custom_log       00000001800026f0 f   dynatrace_adk.obj
 0001:00001730       dynatrace_custom_log_with_charset 0000000180002730 f   dynatrace_adk.obj
 0001:000017a0       dynatrace_link_client_purepath 00000001800027a0 f   dynatrace_adk.obj
 0001:000017d0       dynatrace_link_client_purepath_by_string 00000001800027d0 f   dynatrace_adk.obj
 0001:00001800       dynatrace_link_client_purepath_by_customtag 0000000180002800 f   dynatrace_adk.obj
 0001:00001840       dynatrace_start_server_purepath 0000000180002840 f   dynatrace_adk.obj
 0001:00001870       dynatrace_end_server_purepath 0000000180002870 f   dynatrace_adk.obj
 0001:000018a0       dynatrace_get_tag_as_string 00000001800028a0 f   dynatrace_adk.obj
 0001:000018f0       dynatrace_set_tag_from_string 00000001800028f0 f   dynatrace_adk.obj
 0001:00001920       dynatrace_get_tag          0000000180002920 f   dynatrace_adk.obj
 0001:00001980       dynatrace_set_tag          0000000180002980 f   dynatrace_adk.obj
 0001:000019b0       dynatrace_set_customtag    00000001800029b0 f   dynatrace_adk.obj
 0001:000019e0       dynatrace_get_tag_size     00000001800029e0 f   dynatrace_adk.obj
 0001:00001a00       dynatrace_tag_to_string    0000000180002a00 f   dynatrace_adk.obj
 0001:00001a50       dynatrace_string_to_tag    0000000180002a50 f   dynatrace_adk.obj
 0001:00001ab0       dynatrace_is_tag_valid     0000000180002ab0 f   dynatrace_adk.obj
 0001:00001ae0       dynatrace_agent_log        0000000180002ae0 f   dynatrace_adk.obj
 0001:00001b10       apr_threadattr_create      0000000180002b10 f   apr-1:thread.obj
 0001:00001b70       apr_threadattr_detach_set  0000000180002b70 f   apr-1:thread.obj
 0001:00001b80       apr_threadattr_detach_get  0000000180002b80 f   apr-1:thread.obj
 0001:00001b90       apr_threadattr_stacksize_set 0000000180002b90 f   apr-1:thread.obj
 0001:00001ba0       apr_threadattr_guardsize_set 0000000180002ba0 f   apr-1:thread.obj
 0001:00001be0       apr_thread_create          0000000180002be0 f   apr-1:thread.obj
 0001:00001ce0       apr_thread_exit            0000000180002ce0 f   apr-1:thread.obj
 0001:00001d10       apr_thread_join            0000000180002d10 f   apr-1:thread.obj
 0001:00001db0       apr_thread_detach          0000000180002db0 f   apr-1:thread.obj
 0001:00001e00       apr_thread_yield           0000000180002e00 f   apr-1:thread.obj
 0001:00001e20       apr_thread_data_get        0000000180002e20 f   apr-1:thread.obj
 0001:00001e30       apr_thread_data_set        0000000180002e30 f   apr-1:thread.obj
 0001:00001e40       apr_os_thread_current      0000000180002e40 f   apr-1:thread.obj
 0001:00001ed0       apr_os_thread_get          0000000180002ed0 f   apr-1:thread.obj
 0001:00001ef0       apr_os_thread_put          0000000180002ef0 f   apr-1:thread.obj
 0001:00001f60       apr_thread_once_init       0000000180002f60 f   apr-1:thread.obj
 0001:00001f90       apr_thread_once            0000000180002f90 f   apr-1:thread.obj
 0001:00001fb0       apr_os_thread_equal        0000000180002fb0 f   apr-1:thread.obj
 0001:00001fc0       apr_thread_pool_get        0000000180002fc0 f   apr-1:thread.obj
 0001:000021e0       apr_time_ansi_put          00000001800031e0 f   apr-1:time.obj
 0001:000021f0       apr_time_now               00000001800031f0 f   apr-1:time.obj
 0001:00002240       apr_time_exp_gmt           0000000180003240 f   apr-1:time.obj
 0001:000022e0       apr_time_exp_tz            00000001800032e0 f   apr-1:time.obj
 0001:00002390       apr_time_exp_lt            0000000180003390 f   apr-1:time.obj
 0001:00002510       apr_time_exp_get           0000000180003510 f   apr-1:time.obj
 0001:00002600       apr_time_exp_gmt_get       0000000180003600 f   apr-1:time.obj
 0001:00002640       apr_os_imp_time_get        0000000180003640 f   apr-1:time.obj
 0001:00002670       apr_os_exp_time_get        0000000180003670 f   apr-1:time.obj
 0001:00002700       apr_os_imp_time_put        0000000180003700 f   apr-1:time.obj
 0001:00002750       apr_os_exp_time_put        0000000180003750 f   apr-1:time.obj
 0001:00002770       apr_sleep                  0000000180003770 f   apr-1:time.obj
 0001:00002800       apr_time_clock_hires       0000000180003800 f   apr-1:time.obj
 0001:00002880       apr_os_dso_handle_put      0000000180003880 f   apr-1:dso.obj
 0001:000028d0       apr_os_dso_handle_get      00000001800038d0 f   apr-1:dso.obj
 0001:00002930       apr_dso_load               0000000180003930 f   apr-1:dso.obj
 0001:00002a90       apr_dso_unload             0000000180003a90 f   apr-1:dso.obj
 0001:00002ab0       apr_dso_sym                0000000180003ab0 f   apr-1:dso.obj
 0001:00002b00       apr_dso_error              0000000180003b00 f   apr-1:dso.obj
 0001:00002b10       apr_cpystrn                0000000180003b10 f   apr-1:apr_cpystrn.obj
 0001:00002b40       apr_tokenize_to_argv       0000000180003b40 f   apr-1:apr_cpystrn.obj
 0001:00002da0       apr_filepath_name_get      0000000180003da0 f   apr-1:apr_cpystrn.obj
 0001:00002e00       apr_collapse_spaces        0000000180003e00 f   apr-1:apr_cpystrn.obj
 0001:00003980       apr_vformatter             0000000180004980 f   apr-1:apr_snprintf.obj
 0001:000049d0       apr_snprintf               00000001800059d0 f   apr-1:apr_snprintf.obj
 0001:00004a30       apr_vsnprintf              0000000180005a30 f   apr-1:apr_snprintf.obj
 0001:00004a90       apr_allocator_create       0000000180005a90 f   apr-1:apr_pools.obj
 0001:00004af0       apr_allocator_destroy      0000000180005af0 f   apr-1:apr_pools.obj
 0001:00004b60       apr_allocator_mutex_set    0000000180005b60 f   apr-1:apr_pools.obj
 0001:00004b70       apr_allocator_mutex_get    0000000180005b70 f   apr-1:apr_pools.obj
 0001:00004b80       apr_allocator_owner_set    0000000180005b80 f   apr-1:apr_pools.obj
 0001:00004b90       apr_allocator_owner_get    0000000180005b90 f   apr-1:apr_pools.obj
 0001:00004ba0       apr_allocator_max_free_set 0000000180005ba0 f   apr-1:apr_pools.obj
 0001:00004e70       apr_allocator_alloc        0000000180005e70 f   apr-1:apr_pools.obj
 0001:00004e80       apr_allocator_free         0000000180005e80 f   apr-1:apr_pools.obj
 0001:00004e90       apr_palloc                 0000000180005e90 f   apr-1:apr_pools.obj
 0001:00005000       apr_pcalloc                0000000180006000 f   apr-1:apr_pools.obj
 0001:00005040       apr_pool_create_ex         0000000180006040 f   apr-1:apr_pools.obj
 0001:00005180       apr_pool_create_unmanaged_ex 0000000180006180 f   apr-1:apr_pools.obj
 0001:00005400       apr_pvsprintf              0000000180006400 f   apr-1:apr_pools.obj
 0001:00005580       apr_psprintf               0000000180006580 f   apr-1:apr_pools.obj
 0001:000055b0       apr_pool_abort_set         00000001800065b0 f   apr-1:apr_pools.obj
 0001:000055c0       apr_pool_abort_get         00000001800065c0 f   apr-1:apr_pools.obj
 0001:000055d0       apr_pool_parent_get        00000001800065d0 f   apr-1:apr_pools.obj
 0001:000055e0       apr_pool_allocator_get     00000001800065e0 f   apr-1:apr_pools.obj
 0001:000055f0       apr_pool_is_ancestor       00000001800065f0 f   apr-1:apr_pools.obj
 0001:00005610       apr_pool_tag               0000000180006610 f   apr-1:apr_pools.obj
 0001:00005620       apr_pool_userdata_get      0000000180006620 f   apr-1:apr_pools.obj
 0001:00005660       apr_pool_cleanup_register  0000000180006660 f   apr-1:apr_pools.obj
 0001:000056e0       apr_pool_pre_cleanup_register 00000001800066e0 f   apr-1:apr_pools.obj
 0001:00005740       apr_pool_cleanup_kill      0000000180006740 f   apr-1:apr_pools.obj
 0001:000057c0       apr_pool_child_cleanup_set 00000001800067c0 f   apr-1:apr_pools.obj
 0001:000057f0       apr_pool_cleanup_run       00000001800067f0 f   apr-1:apr_pools.obj
 0001:00005840       apr_pool_cleanup_for_exec  0000000180006840 f   apr-1:apr_pools.obj
 0001:00005850       apr_pool_cleanup_null      0000000180006850 f   apr-1:apr_pools.obj
 0001:00005860       apr_pool_note_subprocess   0000000180006860 f   apr-1:apr_pools.obj
 0001:00005a10       apr_palloc_debug           0000000180006a10 f   apr-1:apr_pools.obj
 0001:00005a20       apr_pcalloc_debug          0000000180006a20 f   apr-1:apr_pools.obj
 0001:00005a30       apr_pool_create_ex_debug   0000000180006a30 f   apr-1:apr_pools.obj
 0001:00005a40       apr_pool_create_core_ex_debug 0000000180006a40 f   apr-1:apr_pools.obj
 0001:00005a50       apr_pool_create_unmanaged_ex_debug 0000000180006a50 f   apr-1:apr_pools.obj
 0001:00005a60       apr_pool_initialize        0000000180006a60 f   apr-1:apr_pools.obj
 0001:00005b60       apr_pool_destroy           0000000180006b60 f   apr-1:apr_pools.obj
 0001:00005c50       apr_pool_create_core_ex    0000000180006c50 f   apr-1:apr_pools.obj
 0001:00005c60       apr_pool_userdata_set      0000000180006c60 f   apr-1:apr_pools.obj
 0001:00005d00       apr_pool_userdata_setn     0000000180006d00 f   apr-1:apr_pools.obj
 0001:00005d80       apr_pool_destroy_debug     0000000180006d80 f   apr-1:apr_pools.obj
 0001:00005d90       apr_pool_terminate         0000000180006d90 f   apr-1:apr_pools.obj
 0001:00005dd0       apr_pool_clear             0000000180006dd0 f   apr-1:apr_pools.obj
 0001:00005e70       apr_pool_clear_debug       0000000180006e70 f   apr-1:apr_pools.obj
 0001:00006250       apr_strerror               0000000180007250 f   apr-1:errorcodes.obj
 0001:000063f0       apr_initialize             00000001800073f0 f   apr-1:start.obj
 0001:00006510       apr_terminate              0000000180007510 f   apr-1:start.obj
 0001:00006540       apr_terminate2             0000000180007540 f   apr-1:start.obj
 0001:00006550       apr_app_initialize         0000000180007550 f   apr-1:start.obj
 0001:00006900       apr_strnatcmp              0000000180007900 f   apr-1:apr_strnatcmp.obj
 0001:00006910       apr_strnatcasecmp          0000000180007910 f   apr-1:apr_strnatcmp.obj
 0001:00006920       apr_get_oslevel            0000000180007920 f   apr-1:misc.obj
 0001:00006a90       apr_load_dll_func          0000000180007a90 f   apr-1:misc.obj
 0001:00006b10       apr_dbg_log                0000000180007b10 f   apr-1:misc.obj
 0001:00006de0       utf8_to_unicode_path       0000000180007de0 f   apr-1:open.obj
 0001:00006f50       unicode_to_utf8_path       0000000180007f50 f   apr-1:open.obj
 0001:00007010       res_name_from_filename     0000000180008010 f   apr-1:open.obj
 0001:00007310       file_cleanup               0000000180008310 f   apr-1:open.obj
 0001:000073f0       apr_file_open              00000001800083f0 f   apr-1:open.obj
 0001:00007710       apr_file_close             0000000180008710 f   apr-1:open.obj
 0001:00007750       apr_file_remove            0000000180008750 f   apr-1:open.obj
 0001:000077e0       apr_file_rename            00000001800087e0 f   apr-1:open.obj
 0001:00007880       apr_os_file_get            0000000180008880 f   apr-1:open.obj
 0001:00007890       apr_os_file_put            0000000180008890 f   apr-1:open.obj
 0001:000079b0       apr_file_eof               00000001800089b0 f   apr-1:open.obj
 0001:000079c0       apr_file_open_flags_stderr 00000001800089c0 f   apr-1:open.obj
 0001:00007a30       apr_file_open_flags_stdout 0000000180008a30 f   apr-1:open.obj
 0001:00007aa0       apr_file_open_flags_stdin  0000000180008aa0 f   apr-1:open.obj
 0001:00007b10       apr_file_open_stderr       0000000180008b10 f   apr-1:open.obj
 0001:00007b20       apr_file_open_stdout       0000000180008b20 f   apr-1:open.obj
 0001:00007b30       apr_file_open_stdin        0000000180008b30 f   apr-1:open.obj
 0001:00007b40       apr_file_pool_get          0000000180008b40 f   apr-1:open.obj
 0001:00007b50       apr_file_inherit_set       0000000180008b50 f   apr-1:open.obj
 0001:00007b60       apr_file_inherit_unset     0000000180008b60 f   apr-1:open.obj
 0001:00007c50       apr_sockaddr_ip_getbuf     0000000180008c50 f   apr-1:sockaddr.obj
 0001:00007ca0       apr_sockaddr_ip_get        0000000180008ca0 f   apr-1:sockaddr.obj
 0001:00007ce0       apr_sockaddr_vars_set      0000000180008ce0 f   apr-1:sockaddr.obj
 0001:00007d50       apr_socket_addr_get        0000000180008d50 f   apr-1:sockaddr.obj
 0001:00007de0       apr_parse_addr_port        0000000180008de0 f   apr-1:sockaddr.obj
 0001:00008090       apr_sockaddr_info_get      0000000180009090 f   apr-1:sockaddr.obj
 0001:000080e0       apr_getnameinfo            00000001800090e0 f   apr-1:sockaddr.obj
 0001:00008150       apr_getservbyname          0000000180009150 f   apr-1:sockaddr.obj
 0001:000081e0       apr_sockaddr_equal         00000001800091e0 f   apr-1:sockaddr.obj
 0001:00008440       apr_ipsubnet_create        0000000180009440 f   apr-1:sockaddr.obj
 0001:00008550       apr_ipsubnet_test          0000000180009550 f   apr-1:sockaddr.obj
 0001:00008570       apr_pstrdup                0000000180009570 f   apr-1:apr_strings.obj
 0001:000085d0       apr_pstrndup               00000001800095d0 f   apr-1:apr_strings.obj
 0001:00008650       apr_pstrmemdup             0000000180009650 f   apr-1:apr_strings.obj
 0001:000086b0       apr_pmemdup                00000001800096b0 f   apr-1:apr_strings.obj
 0001:00008710       apr_pstrcat                0000000180009710 f   apr-1:apr_strings.obj
 0001:00008820       apr_pstrcatv               0000000180009820 f   apr-1:apr_strings.obj
 0001:000088c0       apr_strtoff                00000001800098c0 f   apr-1:apr_strings.obj
 0001:00008930       apr_strtoi64               0000000180009930 f   apr-1:apr_strings.obj
 0001:00008970       apr_atoi64                 0000000180009970 f   apr-1:apr_strings.obj
 0001:00008980       apr_itoa                   0000000180009980 f   apr-1:apr_strings.obj
 0001:00008a00       apr_ltoa                   0000000180009a00 f   apr-1:apr_strings.obj
 0001:00008a80       apr_off_t_toa              0000000180009a80 f   apr-1:apr_strings.obj
 0001:00008b10       apr_strfsize               0000000180009b10 f   apr-1:apr_strings.obj
 0001:00008cc0       apr_thread_mutex_create    0000000180009cc0 f   apr-1:thread_mutex.obj
 0001:00008d60       apr_thread_mutex_lock      0000000180009d60 f   apr-1:thread_mutex.obj
 0001:00008dc0       apr_thread_mutex_trylock   0000000180009dc0 f   apr-1:thread_mutex.obj
 0001:00008e30       apr_thread_mutex_unlock    0000000180009e30 f   apr-1:thread_mutex.obj
 0001:00008e90       apr_thread_mutex_destroy   0000000180009e90 f   apr-1:thread_mutex.obj
 0001:00008eb0       apr_thread_mutex_pool_get  0000000180009eb0 f   apr-1:thread_mutex.obj
 0001:00008f00       apr_hash_next              0000000180009f00 f   apr-1:apr_hash.obj
 0001:00008f50       apr_hash_first             0000000180009f50 f   apr-1:apr_hash.obj
 0001:00008f90       apr_hash_this              0000000180009f90 f   apr-1:apr_hash.obj
 0001:00009060       apr_hashfunc_default       000000018000a060 f   apr-1:apr_hash.obj
 0001:000091c0       apr_hash_copy              000000018000a1c0 f   apr-1:apr_hash.obj
 0001:000092e0       apr_hash_get               000000018000a2e0 f   apr-1:apr_hash.obj
 0001:00009310       apr_hash_set               000000018000a310 f   apr-1:apr_hash.obj
 0001:00009370       apr_hash_count             000000018000a370 f   apr-1:apr_hash.obj
 0001:00009380       apr_hash_clear             000000018000a380 f   apr-1:apr_hash.obj
 0001:000093e0       apr_hash_merge             000000018000a3e0 f   apr-1:apr_hash.obj
 0001:000096a0       apr_hash_pool_get          000000018000a6a0 f   apr-1:apr_hash.obj
 0001:000096b0       apr_hash_make              000000018000a6b0 f   apr-1:apr_hash.obj
 0001:00009710       apr_hash_make_custom       000000018000a710 f   apr-1:apr_hash.obj
 0001:00009730       apr_hash_overlay           000000018000a730 f   apr-1:apr_hash.obj
 0001:00009750       apr_proc_kill              000000018000a750 f   apr-1:signals.obj
 0001:000097a0       apr_signal_init            000000018000a7a0 f   apr-1:signals.obj
 0001:000097b0       apr_signal_description_get 000000018000a7b0 f   apr-1:signals.obj
 0001:000097c0       apr_signal_block           000000018000a7c0 f   apr-1:signals.obj
 0001:000097d0       apr_signal_unblock         000000018000a7d0 f   apr-1:signals.obj
 0001:00009920       apr_procattr_create        000000018000a920 f   apr-1:proc.obj
 0001:00009980       apr_procattr_io_set        000000018000a980 f   apr-1:proc.obj
 0001:00009a70       apr_procattr_child_in_set  000000018000aa70 f   apr-1:proc.obj
 0001:00009b10       apr_procattr_child_out_set 000000018000ab10 f   apr-1:proc.obj
 0001:00009bb0       apr_procattr_child_err_set 000000018000abb0 f   apr-1:proc.obj
 0001:00009c50       apr_procattr_dir_set       000000018000ac50 f   apr-1:proc.obj
 0001:00009c80       apr_procattr_cmdtype_set   000000018000ac80 f   apr-1:proc.obj
 0001:00009c90       apr_procattr_detach_set    000000018000ac90 f   apr-1:proc.obj
 0001:00009cd0       apr_procattr_user_set      000000018000acd0 f   apr-1:proc.obj
 0001:00009fa0       apr_procattr_group_set     000000018000afa0 f   apr-1:proc.obj
 0001:0000a090       apr_procattr_child_errfn_set 000000018000b090 f   apr-1:proc.obj
 0001:0000a0a0       apr_procattr_error_check_set 000000018000b0a0 f   apr-1:proc.obj
 0001:0000a0b0       apr_procattr_addrspace_set 000000018000b0b0 f   apr-1:proc.obj
 0001:0000a0e0       apr_threadproc_init        000000018000b0e0 f   apr-1:proc.obj
 0001:0000a120       apr_proc_create            000000018000b120 f   apr-1:proc.obj
 0001:0000ac70       apr_proc_wait_all_procs    000000018000bc70 f   apr-1:proc.obj
 0001:0000aff0       apr_proc_wait              000000018000bff0 f   apr-1:proc.obj
 0001:0000b0b0       apr_proc_detach            000000018000c0b0 f   apr-1:proc.obj
 0001:0000b0c0       apr_atomic_init            000000018000c0c0 f   apr-1:apr_atomic.obj
 0001:0000b0d0       apr_atomic_add32           000000018000c0d0 f   apr-1:apr_atomic.obj
 0001:0000b0e0       apr_atomic_sub32           000000018000c0e0 f   apr-1:apr_atomic.obj
 0001:0000b0f0       apr_atomic_inc32           000000018000c0f0 f   apr-1:apr_atomic.obj
 0001:0000b100       apr_atomic_dec32           000000018000c100 f   apr-1:apr_atomic.obj
 0001:0000b110       apr_atomic_set32           000000018000c110 f   apr-1:apr_atomic.obj
 0001:0000b120       apr_atomic_read32          000000018000c120 f   apr-1:apr_atomic.obj
 0001:0000b130       apr_atomic_cas32           000000018000c130 f   apr-1:apr_atomic.obj
 0001:0000b140       apr_atomic_casptr          000000018000c140 f   apr-1:apr_atomic.obj
 0001:0000b150       apr_atomic_xchg32          000000018000c150 f   apr-1:apr_atomic.obj
 0001:0000b160       apr_atomic_xchgptr         000000018000c160 f   apr-1:apr_atomic.obj
 0001:0000b170       apr_atomic_inc32_noreturn  000000018000c170 f   apr-1:apr_atomic.obj
 0001:0000b180       apr_atomic_dec32_noreturn  000000018000c180 f   apr-1:apr_atomic.obj
 0001:0000b190       apr_atomic_tas32           000000018000c190 f   apr-1:apr_atomic.obj
 0001:0000b1a0       apr_conv_utf8_to_ucs2      000000018000c1a0 f   apr-1:utf8.obj
 0001:0000b370       apr_conv_ucs2_to_utf8      000000018000c370 f   apr-1:utf8.obj
 0001:0000b500       apr_wastrtoastr            000000018000c500 f   apr-1:internal.obj
 0001:0000b8e0       apr_file_ungetc            000000018000c8e0 f   apr-1:readwrite.obj
 0001:0000b8f0       apr_file_flush             000000018000c8f0 f   apr-1:readwrite.obj
 0001:0000ba20       apr_file_printf            000000018000ca20 f   apr-1:readwrite.obj
 0001:0000bab0       apr_file_read              000000018000cab0 f   apr-1:readwrite.obj
 0001:0000bd00       apr_file_write             000000018000cd00 f   apr-1:readwrite.obj
 0001:0000c070       apr_file_writev            000000018000d070 f   apr-1:readwrite.obj
 0001:0000c0f0       apr_file_putc              000000018000d0f0 f   apr-1:readwrite.obj
 0001:0000c120       apr_file_getc              000000018000d120 f   apr-1:readwrite.obj
 0001:0000c170       apr_file_puts              000000018000d170 f   apr-1:readwrite.obj
 0001:0000c1b0       apr_file_gets              000000018000d1b0 f   apr-1:readwrite.obj
 0001:0000c250       apr_poll                   000000018000d250 f   apr-1:select.obj
 0001:0000c570       apr_pollset_create         000000018000d570 f   apr-1:select.obj
 0001:0000c650       apr_pollset_destroy        000000018000d650 f   apr-1:select.obj
 0001:0000c660       apr_pollset_add            000000018000d660 f   apr-1:select.obj
 0001:0000c7b0       apr_pollset_remove         000000018000d7b0 f   apr-1:select.obj
 0001:0000c9d0       apr_pollset_poll           000000018000d9d0 f   apr-1:select.obj
 0001:0000cca0       apr_pollcb_create          000000018000dca0 f   apr-1:select.obj
 0001:0000ccb0       apr_pollcb_add             000000018000dcb0 f   apr-1:select.obj
 0001:0000ccc0       apr_pollcb_remove          000000018000dcc0 f   apr-1:select.obj
 0001:0000ccd0       apr_pollcb_poll            000000018000dcd0 f   apr-1:select.obj
 0001:0000cdc0       apr_inet_ntop              000000018000ddc0 f   apr-1:inet_ntop.obj
 0001:0000ced0       apr_inet_pton              000000018000ded0 f   apr-1:inet_pton.obj
 0001:0000cf00       apr_file_pipe_timeout_set  000000018000df00 f   apr-1:pipe.obj
 0001:0000cf40       apr_file_pipe_timeout_get  000000018000df40 f   apr-1:pipe.obj
 0001:0000cf50       apr_file_pipe_create_ex    000000018000df50 f   apr-1:pipe.obj
 0001:0000d2e0       apr_file_namedpipe_create  000000018000e2e0 f   apr-1:pipe.obj
 0001:0000d2f0       apr_os_pipe_put_ex         000000018000e2f0 f   apr-1:pipe.obj
 0001:0000d3b0       apr_os_pipe_put            000000018000e3b0 f   apr-1:pipe.obj
 0001:0000d3c0       apr_file_pipe_create       000000018000e3c0 f   apr-1:pipe.obj
 0001:0000d3d0       apr_file_dup               000000018000e3d0 f   apr-1:filedup.obj
 0001:0000d510       apr_file_dup2              000000018000e510 f   apr-1:filedup.obj
 0001:0000d810       apr_file_setaside          000000018000e810 f   apr-1:filedup.obj
 0001:0000d940       apr_filepath_root          000000018000e940 f   apr-1:filepath.obj
 0001:0000de20       apr_filepath_merge         000000018000ee20 f   apr-1:filepath.obj
 0001:0000e8d0       apr_filepath_list_split    000000018000f8d0 f   apr-1:filepath.obj
 0001:0000e8e0       apr_filepath_list_merge    000000018000f8e0 f   apr-1:filepath.obj
 0001:0000e8f0       apr_filepath_encoding      000000018000f8f0 f   apr-1:filepath.obj
 0001:0000e900       filepath_root_test         000000018000f900 f   apr-1:filesys.obj
 0001:0000e9a0       filepath_drive_get         000000018000f9a0 f   apr-1:filesys.obj
 0001:0000eac0       filepath_root_case         000000018000fac0 f   apr-1:filesys.obj
 0001:0000eb90       apr_filepath_get           000000018000fb90 f   apr-1:filesys.obj
 0001:0000ec70       apr_filepath_set           000000018000fc70 f   apr-1:filesys.obj
 0001:0000ed00       apr_file_read_full         000000018000fd00 f   apr-1:fullrw.obj
 0001:0000ed70       apr_file_write_full        000000018000fd70 f   apr-1:fullrw.obj
 0001:0000ede0       apr_file_writev_full       000000018000fde0 f   apr-1:fullrw.obj
 0001:0000ef40       apr_file_lock              000000018000ff40 f   apr-1:flock.obj
 0001:0000f060       apr_file_unlock            0000000180010060 f   apr-1:flock.obj
 0001:0000f1d0       apr_file_seek              00000001800101d0 f   apr-1:seek.obj
 0001:0000f370       apr_file_trunc             0000000180010370 f   apr-1:seek.obj
 0001:0000f8e0       more_finfo                 00000001800108e0 f   apr-1:filestat.obj
 0001:0000fd00       fillin_fileinfo            0000000180010d00 f   apr-1:filestat.obj
 0001:0000fe70       apr_file_info_get          0000000180010e70 f   apr-1:filestat.obj
 0001:0000ff90       apr_file_perms_set         0000000180010f90 f   apr-1:filestat.obj
 0001:0000ffa0       apr_file_attrs_set         0000000180010fa0 f   apr-1:filestat.obj
 0001:00010070       apr_file_mtime_set         0000000180011070 f   apr-1:filestat.obj
 0001:00010290       apr_stat                   0000000180011290 f   apr-1:filestat.obj
 0001:00010560       apr_filepath_list_split_impl 0000000180011560 f   apr-1:filepath_util.obj
 0001:00010640       apr_filepath_list_merge_impl 0000000180011640 f   apr-1:filepath_util.obj
 0001:00010800       apr_is_empty_array         0000000180011800 f   apr-1:apr_tables.obj
 0001:00010820       apr_array_make             0000000180011820 f   apr-1:apr_tables.obj
 0001:00010880       apr_array_clear            0000000180011880 f   apr-1:apr_tables.obj
 0001:00010890       apr_array_pop              0000000180011890 f   apr-1:apr_tables.obj
 0001:000108c0       apr_array_push             00000001800118c0 f   apr-1:apr_tables.obj
 0001:000109e0       apr_array_cat              00000001800119e0 f   apr-1:apr_tables.obj
 0001:00010ac0       apr_array_copy             0000000180011ac0 f   apr-1:apr_tables.obj
 0001:00010b70       apr_array_copy_hdr         0000000180011b70 f   apr-1:apr_tables.obj
 0001:00010bc0       apr_array_append           0000000180011bc0 f   apr-1:apr_tables.obj
 0001:00010bf0       apr_array_pstrcat          0000000180011bf0 f   apr-1:apr_tables.obj
 0001:00010d20       apr_table_elts             0000000180011d20 f   apr-1:apr_tables.obj
 0001:00010d30       apr_is_empty_table         0000000180011d30 f   apr-1:apr_tables.obj
 0001:00010d50       apr_table_make             0000000180011d50 f   apr-1:apr_tables.obj
 0001:00010db0       apr_table_copy             0000000180011db0 f   apr-1:apr_tables.obj
 0001:00010ec0       apr_table_clear            0000000180011ec0 f   apr-1:apr_tables.obj
 0001:00010ed0       apr_table_get              0000000180011ed0 f   apr-1:apr_tables.obj
 0001:00010fb0       apr_table_set              0000000180011fb0 f   apr-1:apr_tables.obj
 0001:000111c0       apr_table_setn             00000001800121c0 f   apr-1:apr_tables.obj
 0001:000113a0       apr_table_unset            00000001800123a0 f   apr-1:apr_tables.obj
 0001:00011530       apr_table_merge            0000000180012530 f   apr-1:apr_tables.obj
 0001:00011680       apr_table_mergen           0000000180012680 f   apr-1:apr_tables.obj
 0001:000117b0       apr_table_add              00000001800127b0 f   apr-1:apr_tables.obj
 0001:00011890       apr_table_addn             0000000180012890 f   apr-1:apr_tables.obj
 0001:00011940       apr_table_overlay          0000000180012940 f   apr-1:apr_tables.obj
 0001:000119c0       apr_table_vdo              00000001800129c0 f   apr-1:apr_tables.obj
 0001:00011d50       apr_table_compress         0000000180012d50 f   apr-1:apr_tables.obj
 0001:000120a0       apr_table_overlap          00000001800130a0 f   apr-1:apr_tables.obj
 0001:000120e0       apr_table_clone            00000001800130e0 f   apr-1:apr_tables.obj
 0001:00012160       apr_table_do               0000000180013160 f   apr-1:apr_tables.obj
 0001:00012180       apr_strtok                 0000000180013180 f   apr-1:apr_strtok.obj
 0001:00012230       ntohl                      0000000180013230 f   wsock32:WSOCK32.dll
 0001:00012236       WSACleanup                 0000000180013236 f   wsock32:WSOCK32.dll
 0001:0001223c       WSAStartup                 000000018001323c f   wsock32:WSOCK32.dll
 0001:00012242       ntohs                      0000000180013242 f   wsock32:WSOCK32.dll
 0001:00012248       WSAGetLastError            0000000180013248 f   wsock32:WSOCK32.dll
 0001:0001224e       getsockname                000000018001324e f   wsock32:WSOCK32.dll
 0001:00012254       getpeername                0000000180013254 f   wsock32:WSOCK32.dll
 0001:0001225a       htons                      000000018001325a f   wsock32:WSOCK32.dll
 0001:00012260       gethostbyname              0000000180013260 f   wsock32:WSOCK32.dll
 0001:00012266       inet_addr                  0000000180013266 f   wsock32:WSOCK32.dll
 0001:0001226c       gethostbyaddr              000000018001326c f   wsock32:WSOCK32.dll
 0001:00012272       getservbyname              0000000180013272 f   wsock32:WSOCK32.dll
 0001:00012278       htonl                      0000000180013278 f   wsock32:WSOCK32.dll
 0001:0001227e       __WSAFDIsSet               000000018001327e f   wsock32:WSOCK32.dll
 0001:00012284       select                     0000000180013284 f   wsock32:WSOCK32.dll
 0001:0001228a       TlsSetValue                000000018001328a f   kernel32:KERNEL32.dll
 0001:00012290       CloseHandle                0000000180013290 f   kernel32:KERNEL32.dll
 0001:00012296       GetLastError               0000000180013296 f   kernel32:KERNEL32.dll
 0001:0001229c       WaitForSingleObject        000000018001329c f   kernel32:KERNEL32.dll
 0001:000122a2       SwitchToThread             00000001800132a2 f   kernel32:KERNEL32.dll
 0001:000122a8       DuplicateHandle            00000001800132a8 f   kernel32:KERNEL32.dll
 0001:000122ae       GetCurrentThread           00000001800132ae f   kernel32:KERNEL32.dll
 0001:000122b4       GetCurrentProcess          00000001800132b4 f   kernel32:KERNEL32.dll
 0001:000122ba       TlsGetValue                00000001800132ba f   kernel32:KERNEL32.dll
 0001:000122c0       SetLastError               00000001800132c0 f   kernel32:KERNEL32.dll
 0001:000122c6       GetTimeZoneInformation     00000001800132c6 f   kernel32:KERNEL32.dll
 0001:000122cc       GetSystemTimeAsFileTime    00000001800132cc f   kernel32:KERNEL32.dll
 0001:000122d2       FileTimeToSystemTime       00000001800132d2 f   kernel32:KERNEL32.dll
 0001:000122d8       SystemTimeToFileTime       00000001800132d8 f   kernel32:KERNEL32.dll
 0001:000122de       SystemTimeToTzSpecificLocalTime 00000001800132de f   kernel32:KERNEL32.dll
 0001:000122e4       Sleep                      00000001800132e4 f   kernel32:KERNEL32.dll
 0001:000122ea       FreeLibrary                00000001800132ea f   kernel32:KERNEL32.dll
 0001:000122f0       LoadLibraryExW             00000001800132f0 f   kernel32:KERNEL32.dll
 0001:000122f6       SetErrorMode               00000001800132f6 f   kernel32:KERNEL32.dll
 0001:000122fc       GetProcAddress             00000001800132fc f   kernel32:KERNEL32.dll
 0001:00012302       FormatMessageA             0000000180013302 f   kernel32:KERNEL32.dll
 0001:00012308       TlsAlloc                   0000000180013308 f   kernel32:KERNEL32.dll
 0001:0001230e       TlsFree                    000000018001330e f   kernel32:KERNEL32.dll
 0001:00012314       FreeEnvironmentStringsW    0000000180013314 f   kernel32:KERNEL32.dll
 0001:0001231a       GetEnvironmentStringsW     000000018001331a f   kernel32:KERNEL32.dll
 0001:00012320       GlobalFree                 0000000180013320 f   kernel32:KERNEL32.dll
 0001:00012326       GetCommandLineW            0000000180013326 f   kernel32:KERNEL32.dll
 0001:0001232c       GetVersionExA              000000018001332c f   kernel32:KERNEL32.dll
 0001:00012332       LoadLibraryA               0000000180013332 f   kernel32:KERNEL32.dll
 0001:00012338       LeaveCriticalSection       0000000180013338 f   kernel32:KERNEL32.dll
 0001:0001233e       WriteFile                  000000018001333e f   kernel32:KERNEL32.dll
 0001:00012344       EnterCriticalSection       0000000180013344 f   kernel32:KERNEL32.dll
 0001:0001234a       GetCurrentThreadId         000000018001334a f   kernel32:KERNEL32.dll
 0001:00012350       InitializeCriticalSection  0000000180013350 f   kernel32:KERNEL32.dll
 0001:00012356       CreateFileA                0000000180013356 f   kernel32:KERNEL32.dll
 0001:0001235c       GetCurrentProcessId        000000018001335c f   kernel32:KERNEL32.dll
 0001:00012362       GetModuleFileNameA         0000000180013362 f   kernel32:KERNEL32.dll
 0001:00012368       GetOverlappedResult        0000000180013368 f   kernel32:KERNEL32.dll
 0001:0001236e       CancelIo                   000000018001336e f   kernel32:KERNEL32.dll
 0001:00012374       DeviceIoControl            0000000180013374 f   kernel32:KERNEL32.dll
 0001:0001237a       GetFileInformationByHandle 000000018001337a f   kernel32:KERNEL32.dll
 0001:00012380       SetStdHandle               0000000180013380 f   kernel32:KERNEL32.dll
 0001:00012386       SetFilePointer             0000000180013386 f   kernel32:KERNEL32.dll
 0001:0001238c       CreateFileW                000000018001338c f   kernel32:KERNEL32.dll
 0001:00012392       DeleteFileW                0000000180013392 f   kernel32:KERNEL32.dll
 0001:00012398       MoveFileExW                0000000180013398 f   kernel32:KERNEL32.dll
 0001:0001239e       GetStdHandle               000000018001339e f   kernel32:KERNEL32.dll
 0001:000123a4       DeleteCriticalSection      00000001800133a4 f   kernel32:KERNEL32.dll
 0001:000123aa       CreateEventA               00000001800133aa f   kernel32:KERNEL32.dll
 0001:000123b0       TryEnterCriticalSection    00000001800133b0 f   kernel32:KERNEL32.dll
 0001:000123b6       ReleaseMutex               00000001800133b6 f   kernel32:KERNEL32.dll
 0001:000123bc       SetEvent                   00000001800133bc f   kernel32:KERNEL32.dll
 0001:000123c2       TerminateProcess           00000001800133c2 f   kernel32:KERNEL32.dll
 0001:000123c8       CreateProcessW             00000001800133c8 f   kernel32:KERNEL32.dll
 0001:000123ce       SetHandleInformation       00000001800133ce f   kernel32:KERNEL32.dll
 0001:000123d4       GetHandleInformation       00000001800133d4 f   kernel32:KERNEL32.dll
 0001:000123da       WaitForMultipleObjects     00000001800133da f   kernel32:KERNEL32.dll
 0001:000123e0       GetExitCodeProcess         00000001800133e0 f   kernel32:KERNEL32.dll
 0001:000123e6       OpenProcess                00000001800133e6 f   kernel32:KERNEL32.dll
 0001:000123ec       ReadFile                   00000001800133ec f   kernel32:KERNEL32.dll
 0001:000123f2       PeekNamedPipe              00000001800133f2 f   kernel32:KERNEL32.dll
 0001:000123f8       CreatePipe                 00000001800133f8 f   kernel32:KERNEL32.dll
 0001:000123fe       CreateNamedPipeA           00000001800133fe f   kernel32:KERNEL32.dll
 0001:00012404       GetDriveTypeA              0000000180013404 f   kernel32:KERNEL32.dll
 0001:0001240a       GetDriveTypeW              000000018001340a f   kernel32:KERNEL32.dll
 0001:00012410       GetFullPathNameW           0000000180013410 f   kernel32:KERNEL32.dll
 0001:00012416       GetCurrentDirectoryW       0000000180013416 f   kernel32:KERNEL32.dll
 0001:0001241c       SetCurrentDirectoryW       000000018001341c f   kernel32:KERNEL32.dll
 0001:00012422       LockFile                   0000000180013422 f   kernel32:KERNEL32.dll
 0001:00012428       LockFileEx                 0000000180013428 f   kernel32:KERNEL32.dll
 0001:0001242e       UnlockFile                 000000018001342e f   kernel32:KERNEL32.dll
 0001:00012434       UnlockFileEx               0000000180013434 f   kernel32:KERNEL32.dll
 0001:0001243a       SetEndOfFile               000000018001343a f   kernel32:KERNEL32.dll
 0001:00012440       LocalFree                  0000000180013440 f   kernel32:KERNEL32.dll
 0001:00012446       GetFileType                0000000180013446 f   kernel32:KERNEL32.dll
 0001:0001244c       SetFileAttributesW         000000018001344c f   kernel32:KERNEL32.dll
 0001:00012452       GetFileAttributesW         0000000180013452 f   kernel32:KERNEL32.dll
 0001:00012458       SetFileTime                0000000180013458 f   kernel32:KERNEL32.dll
 0001:0001245e       GetFileTime                000000018001345e f   kernel32:KERNEL32.dll
 0001:00012464       FindClose                  0000000180013464 f   kernel32:KERNEL32.dll
 0001:0001246a       FindFirstFileW             000000018001346a f   kernel32:KERNEL32.dll
 0001:00012470       GetFileAttributesExW       0000000180013470 f   kernel32:KERNEL32.dll
 0001:00012476       SetSecurityDescriptorDacl  0000000180013476 f   advapi32:ADVAPI32.dll
 0001:0001247c       InitializeSecurityDescriptor 000000018001347c f   advapi32:ADVAPI32.dll
 0001:00012482       DuplicateTokenEx           0000000180013482 f   advapi32:ADVAPI32.dll
 0001:00012488       LogonUserW                 0000000180013488 f   advapi32:ADVAPI32.dll
 0001:0001248e       RevertToSelf               000000018001348e f   advapi32:ADVAPI32.dll
 0001:00012494       CreateProcessAsUserW       0000000180013494 f   advapi32:ADVAPI32.dll
 0001:0001249a       ImpersonateLoggedOnUser    000000018001349a f   advapi32:ADVAPI32.dll
 0001:000124a0       FreeSid                    00000001800134a0 f   advapi32:ADVAPI32.dll
 0001:000124a6       GetEffectiveRightsFromAclW 00000001800134a6 f   advapi32:ADVAPI32.dll
 0001:000124ac       AllocateAndInitializeSid   00000001800134ac f   advapi32:ADVAPI32.dll
 0001:000124b2       GetSecurityInfo            00000001800134b2 f   advapi32:ADVAPI32.dll
 0001:000124b8       GetNamedSecurityInfoA      00000001800134b8 f   advapi32:ADVAPI32.dll
 0001:000124be       GetNamedSecurityInfoW      00000001800134be f   advapi32:ADVAPI32.dll
 0001:000124c4       CommandLineToArgvW         00000001800134c4 f   shell32:SHELL32.dll
 0001:00012600       _stat64i32                 0000000180013600 f   LIBCMT:stati32.obj
 0001:00012b00       __GSHandlerCheckCommon     0000000180013b00 f   LIBCMT:gshandler.obj
 0001:00012b64       __GSHandlerCheck           0000000180013b64 f   LIBCMT:gshandler.obj
 0001:00012ba0       __security_check_cookie    0000000180013ba0 f   LIBCMT:amdsecgs.obj
 0001:00012bc0       strchr                     0000000180013bc0 f   LIBCMT:strchr.obj
 0001:00012bf0       memset                     0000000180013bf0 f   LIBCMT:memset.obj
 0001:00012cdc       fprintf                    0000000180013cdc f   LIBCMT:fprintf.obj
 0001:00012e0c       _fprintf_l                 0000000180013e0c f   LIBCMT:fprintf.obj
 0001:00012e2c       _fprintf_s_l               0000000180013e2c f   LIBCMT:fprintf.obj
 0001:00012e4c       fprintf_s                  0000000180013e4c f   LIBCMT:fprintf.obj
 0001:00012e70       _fprintf_p_l               0000000180013e70 f   LIBCMT:fprintf.obj
 0001:00012e90       _fprintf_p                 0000000180013e90 f   LIBCMT:fprintf.obj
 0001:00012eb4       __iob_func                 0000000180013eb4 f   LIBCMT:_file.obj
 0001:00012ebc       __initstdio                0000000180013ebc f   LIBCMT:_file.obj
 0001:00012f9c       __endstdio                 0000000180013f9c f   LIBCMT:_file.obj
 0001:00012fc4       _lock_file                 0000000180013fc4 f   LIBCMT:_file.obj
 0001:00013028       _lock_file2                0000000180014028 f   LIBCMT:_file.obj
 0001:0001305c       _unlock_file               000000018001405c f   LIBCMT:_file.obj
 0001:000130a8       _unlock_file2              00000001800140a8 f   LIBCMT:_file.obj
 0001:000130c8       realloc                    00000001800140c8 f   LIBCMT:realloc.obj
 0001:0001319c       free                       000000018001419c f   LIBCMT:free.obj
 0001:000131dc       strstr                     00000001800141dc f   LIBCMT:strstr.obj
 0001:00013234       _invoke_watson_if_error    0000000180014234 f i LIBCMT:getenv.obj
 0001:00013268       _getenv_helper_nolock      0000000180014268 f   LIBCMT:getenv.obj
 0001:000134a4       getenv                     00000001800144a4 f   LIBCMT:getenv.obj
 0001:00013510       getenv_s                   0000000180014510 f   LIBCMT:getenv.obj
 0001:00013610       _dupenv_s                  0000000180014610 f   LIBCMT:getenv.obj
 0001:00013730       memmove                    0000000180014730     LIBCMT:memcpy.obj
 0001:00013730       memcpy                     0000000180014730 f   LIBCMT:memcpy.obj
 0001:00013a80       strncmp                    0000000180014a80 f   LIBCMT:strncmp.obj
 0001:00013b38       _heap_alloc                0000000180014b38 f i LIBCMT:malloc.obj
 0001:00013b88       malloc                     0000000180014b88 f   LIBCMT:malloc.obj
 0001:00013c40       _cfltcvt_init              0000000180014c40 f   LIBCMT:_fpinit_.obj
 0001:00013cc8       __setfflag                 0000000180014cc8 f   LIBCMT:_fpinit_.obj
 0001:00013cd8       _fpmath                    0000000180014cd8 f   LIBCMT:_fpinit_.obj
 0001:00013ce0       _CRT_INIT                  0000000180014ce0 f   LIBCMT:dllcrt0.obj
 0001:00013f50       _DllMainCRTStartup         0000000180014f50 f   LIBCMT:dllcrt0.obj
 0001:00013f90       _get_errno_from_oserr      0000000180014f90 f   LIBCMT:dosmap.obj
 0001:00013fd8       _errno                     0000000180014fd8 f   LIBCMT:dosmap.obj
 0001:00013ff8       __doserrno                 0000000180014ff8 f   LIBCMT:dosmap.obj
 0001:00014018       _dosmaperr                 0000000180015018 f   LIBCMT:dosmap.obj
 0001:00014060       _set_errno                 0000000180015060 f   LIBCMT:dosmap.obj
 0001:0001409c       _get_errno                 000000018001509c f   LIBCMT:dosmap.obj
 0001:000140d8       _set_doserrno              00000001800150d8 f   LIBCMT:dosmap.obj
 0001:00014114       _get_doserrno              0000000180015114 f   LIBCMT:dosmap.obj
 0001:00014150       _endthreadex               0000000180015150 f   LIBCMT:threadex.obj
 0001:00014220       _beginthreadex             0000000180015220 f   LIBCMT:threadex.obj
 0001:00014330       __chkstk                   0000000180015330 f   LIBCMT:chkstk.obj
 0001:00014330       _alloca_probe              0000000180015330     LIBCMT:chkstk.obj
 0001:00014380       strrchr                    0000000180015380 f   LIBCMT:strrchr.obj
 0001:000143a8       ??0_LocaleUpdate@@QEAA@PEAUlocaleinfo_struct@@@Z 00000001800153a8 f i LIBCMT:_ctype.obj
 0001:0001444c       ??1_LocaleUpdate@@QEAA@XZ  000000018001544c f i LIBCMT:_ctype.obj
 0001:00014460       ?GetLocaleT@_LocaleUpdate@@QEAAPEAUlocaleinfo_struct@@XZ 0000000180015460 f i LIBCMT:_ctype.obj
 0001:00014464       _isalpha_l                 0000000180015464 f i LIBCMT:_ctype.obj
 0001:000144cc       isalpha                    00000001800154cc f i LIBCMT:_ctype.obj
 0001:00014550       _isupper_l                 0000000180015550 f i LIBCMT:_ctype.obj
 0001:000145b4       isupper                    00000001800155b4 f i LIBCMT:_ctype.obj
 0001:00014634       _islower_l                 0000000180015634 f i LIBCMT:_ctype.obj
 0001:00014698       islower                    0000000180015698 f i LIBCMT:_ctype.obj
 0001:00014718       _isdigit_l                 0000000180015718 f i LIBCMT:_ctype.obj
 0001:0001477c       isdigit                    000000018001577c f i LIBCMT:_ctype.obj
 0001:000147fc       _isxdigit_l                00000001800157fc f i LIBCMT:_ctype.obj
 0001:00014864       isxdigit                   0000000180015864 f i LIBCMT:_ctype.obj
 0001:000148e8       _isspace_l                 00000001800158e8 f i LIBCMT:_ctype.obj
 0001:0001494c       isspace                    000000018001594c f i LIBCMT:_ctype.obj
 0001:000149cc       _ispunct_l                 00000001800159cc f i LIBCMT:_ctype.obj
 0001:00014a30       ispunct                    0000000180015a30 f i LIBCMT:_ctype.obj
 0001:00014ab0       _isalnum_l                 0000000180015ab0 f i LIBCMT:_ctype.obj
 0001:00014b18       isalnum                    0000000180015b18 f i LIBCMT:_ctype.obj
 0001:00014b9c       _isprint_l                 0000000180015b9c f i LIBCMT:_ctype.obj
 0001:00014c04       isprint                    0000000180015c04 f i LIBCMT:_ctype.obj
 0001:00014c88       _isgraph_l                 0000000180015c88 f i LIBCMT:_ctype.obj
 0001:00014cf0       isgraph                    0000000180015cf0 f i LIBCMT:_ctype.obj
 0001:00014d74       _iscntrl_l                 0000000180015d74 f i LIBCMT:_ctype.obj
 0001:00014dd8       iscntrl                    0000000180015dd8 f i LIBCMT:_ctype.obj
 0001:00014e58       __isascii                  0000000180015e58 f i LIBCMT:_ctype.obj
 0001:00014e64       __toascii                  0000000180015e64 f i LIBCMT:_ctype.obj
 0001:00014e6c       _iscsymf_l                 0000000180015e6c f i LIBCMT:_ctype.obj
 0001:00014ee4       __iscsymf                  0000000180015ee4 f i LIBCMT:_ctype.obj
 0001:00014f0c       _iscsym_l                  0000000180015f0c f i LIBCMT:_ctype.obj
 0001:00014f84       __iscsym                   0000000180015f84 f i LIBCMT:_ctype.obj
 0001:00014fac       modf                       0000000180015fac f   LIBCMT:_modf_.obj
 0001:0001506c       _get_sys_err_msg           000000018001606c f i LIBCMT:strerror.obj
 0001:000150a0       strerror                   00000001800160a0 f   LIBCMT:strerror.obj
 0001:0001513c       strerror_s                 000000018001613c f   LIBCMT:strerror.obj
 0001:000151cc       __crtCorExitProcess        00000001800161cc f   LIBCMT:crt0dat.obj
 0001:00015208       __crtExitProcess           0000000180016208 f   LIBCMT:crt0dat.obj
 0001:00015220       _lockexit                  0000000180016220 f   LIBCMT:crt0dat.obj
 0001:0001522c       _unlockexit                000000018001622c f   LIBCMT:crt0dat.obj
 0001:00015238       _init_pointers             0000000180016238 f   LIBCMT:crt0dat.obj
 0001:000152b0       _initterm_e                00000001800162b0 f   LIBCMT:crt0dat.obj
 0001:000152ec       _get_wpgmptr               00000001800162ec f   LIBCMT:crt0dat.obj
 0001:00015324       _get_pgmptr                0000000180016324 f   LIBCMT:crt0dat.obj
 0001:0001535c       _cinit                     000000018001635c f   LIBCMT:crt0dat.obj
 0001:0001559c       exit                       000000018001659c f   LIBCMT:crt0dat.obj
 0001:000155a8       _exit                      00000001800165a8 f   LIBCMT:crt0dat.obj
 0001:000155b4       _cexit                     00000001800165b4 f   LIBCMT:crt0dat.obj
 0001:000155c4       _c_exit                    00000001800165c4 f   LIBCMT:crt0dat.obj
 0001:000155d4       _amsg_exit                 00000001800165d4 f   LIBCMT:crt0dat.obj
 0001:000155fc       _toupper                   00000001800165fc f   LIBCMT:toupper.obj
 0001:00015600       _toupper_l                 0000000180016600 f   LIBCMT:toupper.obj
 0001:00015750       toupper                    0000000180016750 f   LIBCMT:toupper.obj
 0001:00015770       atol                       0000000180016770 f   LIBCMT:atox.obj
 0001:0001577c       _atol_l                    000000018001677c f   LIBCMT:atox.obj
 0001:0001578c       atoi                       000000018001678c f   LIBCMT:atox.obj
 0001:00015798       _atoi_l                    0000000180016798 f   LIBCMT:atox.obj
 0001:000157a8       _atoi64                    00000001800167a8 f   LIBCMT:atox.obj
 0001:000157b4       _atoi64_l                  00000001800167b4 f   LIBCMT:atox.obj
 0001:000157c4       sprintf                    00000001800167c4 f   LIBCMT:sprintf.obj
 0001:00015864       _sprintf_l                 0000000180016864 f   LIBCMT:sprintf.obj
 0001:00015884       sprintf_s                  0000000180016884 f   LIBCMT:sprintf.obj
 0001:000158a8       _sprintf_s_l               00000001800168a8 f   LIBCMT:sprintf.obj
 0001:000158c8       _snprintf_s                00000001800168c8 f   LIBCMT:sprintf.obj
 0001:000158ec       _snprintf_s_l              00000001800168ec f   LIBCMT:sprintf.obj
 0001:00015910       _sprintf_p                 0000000180016910 f   LIBCMT:sprintf.obj
 0001:00015934       _sprintf_p_l               0000000180016934 f   LIBCMT:sprintf.obj
 0001:00015954       _scprintf                  0000000180016954 f   LIBCMT:sprintf.obj
 0001:0001597c       _scprintf_p                000000018001697c f   LIBCMT:sprintf.obj
 0001:000159a4       _scprintf_l                00000001800169a4 f   LIBCMT:sprintf.obj
 0001:000159c8       _scprintf_p_l              00000001800169c8 f   LIBCMT:sprintf.obj
 0001:000159ec       _close_nolock              00000001800169ec f   LIBCMT:close.obj
 0001:00015aa8       _close                     0000000180016aa8 f   LIBCMT:close.obj
 0001:00015b6c       strspn                     0000000180016b6c f   LIBCMT:strspn.obj
 0001:00015c30       memcmp                     0000000180016c30 f   LIBCMT:memcmp.obj
 0001:00015f64       strtol                     0000000180016f64 f   LIBCMT:strtol.obj
 0001:00015f94       _strtol_l                  0000000180016f94 f   LIBCMT:strtol.obj
 0001:00015fb8       strtoul                    0000000180016fb8 f   LIBCMT:strtol.obj
 0001:00015fec       _strtoul_l                 0000000180016fec f   LIBCMT:strtol.obj
 0001:00016014       memchr                     0000000180017014 f   LIBCMT:memchr.obj
 0001:00016298       _strtoi64                  0000000180017298 f   LIBCMT:strtoq.obj
 0001:000162c8       _strtoi64_l                00000001800172c8 f   LIBCMT:strtoq.obj
 0001:000162ec       _strtoui64                 00000001800172ec f   LIBCMT:strtoq.obj
 0001:00016320       _strtoui64_l               0000000180017320 f   LIBCMT:strtoq.obj
 0001:00016348       wcschr                     0000000180017348 f   LIBCMT:wcschr.obj
 0001:00016368       _set_osfhnd                0000000180017368 f   LIBCMT:osfinfo.obj
 0001:00016418       _free_osfhnd               0000000180017418 f   LIBCMT:osfinfo.obj
 0001:000164c4       _get_osfhandle             00000001800174c4 f   LIBCMT:osfinfo.obj
 0001:00016538       __lock_fhandle             0000000180017538 f   LIBCMT:osfinfo.obj
 0001:000165e0       _unlock_fhandle            00000001800175e0 f   LIBCMT:osfinfo.obj
 0001:00016608       _alloc_osfhnd              0000000180017608 f   LIBCMT:osfinfo.obj
 0001:00016810       _open_osfhandle            0000000180017810 f   LIBCMT:osfinfo.obj
 0001:0001690c       _setmode_nolock            000000018001790c f   LIBCMT:setmode.obj
 0001:000169dc       _set_fmode                 00000001800179dc f   LIBCMT:setmode.obj
 0001:00016a1c       _get_fmode                 0000000180017a1c f   LIBCMT:setmode.obj
 0001:00016a4c       _setmode                   0000000180017a4c f   LIBCMT:setmode.obj
 0001:00016d50       _dup2                      0000000180017d50 f   LIBCMT:dup2.obj
 0001:00016ecc       _commit                    0000000180017ecc f   LIBCMT:commit.obj
 0001:00016fa4       setvbuf                    0000000180017fa4 f   LIBCMT:setvbuf.obj
 0001:000170b4       _flush                     00000001800180b4 f   LIBCMT:fflush.obj
 0001:00017130       _fflush_nolock             0000000180018130 f   LIBCMT:fflush.obj
 0001:00017268       fflush                     0000000180018268 f   LIBCMT:fflush.obj
 0001:000172ac       _flushall                  00000001800182ac f   LIBCMT:fflush.obj
 0001:000173ac       __onexitinit               00000001800183ac f   LIBCMT:onexit.obj
 0001:000173f0       _onexit                    00000001800183f0 f   LIBCMT:onexit.obj
 0001:000174fc       atexit                     00000001800184fc f   LIBCMT:onexit.obj
 0001:00017514       wcsncmp                    0000000180018514 f   LIBCMT:wcsncmp.obj
 0001:00017550       strlen                     0000000180018550 f   LIBCMT:strlen.obj
 0001:000175f8       _fullpath                  00000001800185f8 f   LIBCMT:fullpath.obj
 0001:00017724       __dtoxmode                 0000000180018724 f   LIBCMT:stat.obj
 0001:00017940       _stat32                    0000000180018940 f   LIBCMT:stat.obj
 0001:00017e38       _fstat64i32                0000000180018e38 f   LIBCMT:fstati32.obj
 0001:00018994       _open                      0000000180019994 f   LIBCMT:open.obj
 0001:00018a6c       _sopen_helper              0000000180019a6c f   LIBCMT:open.obj
 0001:00018b40       _sopen                     0000000180019b40 f   LIBCMT:open.obj
 0001:00018b84       _sopen_s                   0000000180019b84 f   LIBCMT:open.obj
 0001:00018bb8       __loctotime64_t            0000000180019bb8 f   LIBCMT:dtoxtm64.obj
 0001:00018e84       _getdrive                  0000000180019e84 f   LIBCMT:drive.obj
 0001:00018f74       _chdrive                   0000000180019f74 f   LIBCMT:drive.obj
 0001:00019010       _mbctolower_l              000000018001a010 f   LIBCMT:mbtolwr.obj
 0001:000190f4       _mbctolower                000000018001a0f4 f   LIBCMT:mbtolwr.obj
 0001:000190fc       _mbspbrk_l                 000000018001a0fc f   LIBCMT:mbspbrk.obj
 0001:000191f0       _mbspbrk                   000000018001a1f0 f   LIBCMT:mbspbrk.obj
 0001:000191f8       _initp_misc_invarg         000000018001a1f8 f   LIBCMT:invarg.obj
 0001:00019200       _call_reportfault          000000018001a200 f   LIBCMT:invarg.obj
 0001:0001934c       _set_invalid_parameter_handler 000000018001a34c f   LIBCMT:invarg.obj
 0001:00019388       _get_invalid_parameter_handler 000000018001a388 f   LIBCMT:invarg.obj
 0001:00019398       _invoke_watson             000000018001a398 f   LIBCMT:invarg.obj
 0001:000193cc       ?_invoke_watson@@YAXPEBG00I_K@Z 000000018001a3cc f   LIBCMT:invarg.obj
 0001:000193e0       _invalid_parameter         000000018001a3e0 f   LIBCMT:invarg.obj
 0001:00019450       _invalid_parameter_noinfo  000000018001a450 f   LIBCMT:invarg.obj
 0001:00019470       _invalid_parameter_noinfo_noreturn 000000018001a470 f   LIBCMT:invarg.obj
 0001:000194a0       ?_invalid_parameter@@YAXPEBG00I_K@Z 000000018001a4a0 f   LIBCMT:invarg.obj
 0001:000194b8       __report_gsfailure         000000018001a4b8 f   LIBCMT:gs_report.obj
 0001:00019604       __C_specific_handler       000000018001a604 f   LIBCMT:chandler.obj
 0001:00019804       _stbuf                     000000018001a804 f   LIBCMT:_sftbuf.obj
 0001:000198d8       _ftbuf                     000000018001a8d8 f   LIBCMT:_sftbuf.obj
 0001:00019a44       get_int_arg                000000018001aa44 f i LIBCMT:output.obj
 0001:00019a50       get_int64_arg              000000018001aa50 f i LIBCMT:output.obj
 0001:00019a5c       get_short_arg              000000018001aa5c f i LIBCMT:output.obj
 0001:00019a68       _output_l                  000000018001aa68 f   LIBCMT:output.obj
 0001:0001a514       _ioinit                    000000018001b514 f   LIBCMT:ioinit.obj
 0001:0001a7e8       _ioterm                    000000018001b7e8 f   LIBCMT:ioinit.obj
 0001:0001a85c       _fileno                    000000018001b85c f   LIBCMT:fileno.obj
 0001:0001a884       vfprintf_helper            000000018001b884 f   LIBCMT:vfprintf.obj
 0001:0001a9c8       _vfprintf_l                000000018001b9c8 f   LIBCMT:vfprintf.obj
 0001:0001a9ec       _vfprintf_s_l              000000018001b9ec f   LIBCMT:vfprintf.obj
 0001:0001aa10       _vfprintf_p_l              000000018001ba10 f   LIBCMT:vfprintf.obj
 0001:0001aa34       vfprintf                   000000018001ba34 f   LIBCMT:vfprintf.obj
 0001:0001aa58       vfprintf_s                 000000018001ba58 f   LIBCMT:vfprintf.obj
 0001:0001aa7c       _vfprintf_p                000000018001ba7c f   LIBCMT:vfprintf.obj
 0001:0001aaa0       wait_a_bit                 000000018001baa0 f i LIBCMT:crtheap.obj
 0001:0001aac8       _set_malloc_crt_max_wait   000000018001bac8 f   LIBCMT:crtheap.obj
 0001:0001aad8       _malloc_crt                000000018001bad8 f   LIBCMT:crtheap.obj
 0001:0001ab58       _calloc_crt                000000018001bb58 f   LIBCMT:crtheap.obj
 0001:0001abdc       _realloc_crt               000000018001bbdc f   LIBCMT:crtheap.obj
 0001:0001ac64       _recalloc_crt              000000018001bc64 f   LIBCMT:crtheap.obj
 0001:0001acec       _fcloseall                 000000018001bcec f   LIBCMT:closeall.obj
 0001:0001ad98       _mtinitlocks               000000018001bd98 f   LIBCMT:mlock.obj
 0001:0001ae1c       _mtdeletelocks             000000018001be1c f   LIBCMT:mlock.obj
 0001:0001aea4       _unlock                    000000018001bea4 f   LIBCMT:mlock.obj
 0001:0001aebc       _lockerr_exit              000000018001bebc f   LIBCMT:mlock.obj
 0001:0001aedc       _mtinitlocknum             000000018001bedc f   LIBCMT:mlock.obj
 0001:0001afc4       _lock                      000000018001bfc4 f   LIBCMT:mlock.obj
 0001:0001b008       _initp_heap_handler        000000018001c008 f   LIBCMT:handler.obj
 0001:0001b010       ?_set_new_handler@@YAP6AH_K@ZP6AH0@Z@Z 000000018001c010 f   LIBCMT:handler.obj
 0001:0001b060       ?_set_new_handler@@YAP6AH_K@ZH@Z 000000018001c060 f   LIBCMT:handler.obj
 0001:0001b068       ?_query_new_handler@@YAP6AH_K@ZXZ 000000018001c068 f   LIBCMT:handler.obj
 0001:0001b078       _callnewh                  000000018001c078 f   LIBCMT:handler.obj
 0001:0001b0ac       _heap_init                 000000018001c0ac f   LIBCMT:heapinit.obj
 0001:0001b104       _heap_term                 000000018001c104 f   LIBCMT:heapinit.obj
 0001:0001b124       _get_heap_handle           000000018001c124 f   LIBCMT:heapinit.obj
 0001:0001b12c       _mbsnbicoll_l              000000018001c12c f   LIBCMT:mbsnbico.obj
 0001:0001b230       _mbsnbicoll                000000018001c230 f   LIBCMT:mbsnbico.obj
 0001:0001b238       __wtomb_environ            000000018001c238 f   LIBCMT:wtombenv.obj
 0001:0001b32c       strcpy_s                   000000018001c32c f   LIBCMT:strcpy_s.obj
 0001:0001b390       calloc                     000000018001c390 f   LIBCMT:calloc.obj
 0001:0001b3d4       strnlen                    000000018001c3d4 f   LIBCMT:strlen_s.obj
 0001:0001b3f0       _GET_RTERRMSG              000000018001c3f0 f   LIBCMT:crt0msg.obj
 0001:0001b41c       _NMSG_WRITE                000000018001c41c f   LIBCMT:crt0msg.obj
 0001:0001b67c       _FF_MSGBANNER              000000018001c67c f   LIBCMT:crt0msg.obj
 0001:0001b6c0       ?strrchr@@YAPEADPEADH@Z    000000018001c6c0 f i LIBCMT:cvt.obj
 0001:0001b6c8       _forcdecpt_l               000000018001c6c8 f   LIBCMT:cvt.obj
 0001:0001b748       _cropzeros_l               000000018001c748 f   LIBCMT:cvt.obj
 0001:0001b7e8       _positive                  000000018001c7e8 f   LIBCMT:cvt.obj
 0001:0001b800       _fassign_l                 000000018001c800 f   LIBCMT:cvt.obj
 0001:0001b844       _fassign                   000000018001c844 f   LIBCMT:cvt.obj
 0001:0001b880       _forcdecpt                 000000018001c880 f   LIBCMT:cvt.obj
 0001:0001b888       _cropzeros                 000000018001c888 f   LIBCMT:cvt.obj
 0001:0001bac4       _cftoe_l                   000000018001cac4 f   LIBCMT:cvt.obj
 0001:0001bbbc       _cftoe                     000000018001cbbc f   LIBCMT:cvt.obj
 0001:0001bbd8       _cftoa_l                   000000018001cbd8 f   LIBCMT:cvt.obj
 0001:0001bfb8       _cftoa                     000000018001cfb8 f   LIBCMT:cvt.obj
 0001:0001c170       _cftof_l                   000000018001d170 f   LIBCMT:cvt.obj
 0001:0001c244       _cftof                     000000018001d244 f   LIBCMT:cvt.obj
 0001:0001c258       _cftog_l                   000000018001d258 f   LIBCMT:cvt.obj
 0001:0001c38c       _cftog                     000000018001d38c f   LIBCMT:cvt.obj
 0001:0001c3a8       _cfltcvt_l                 000000018001d3a8 f   LIBCMT:cvt.obj
 0001:0001c440       _cfltcvt                   000000018001d440 f   LIBCMT:cvt.obj
 0001:0001c464       _initp_misc_cfltcvt_tab    000000018001d464 f   LIBCMT:cmiscdat.obj
 0001:0001c49c       _encoded_null              000000018001d49c f   LIBCMT:tidtable.obj
 0001:0001c4a8       __fls_getvalue             000000018001d4a8 f   LIBCMT:tidtable.obj
 0001:0001c4b0       __get_flsindex             000000018001d4b0 f   LIBCMT:tidtable.obj
 0001:0001c4b8       __set_flsgetvalue          000000018001d4b8 f   LIBCMT:tidtable.obj
 0001:0001c4bc       __fls_setvalue             000000018001d4bc f   LIBCMT:tidtable.obj
 0001:0001c4c4       _mtterm                    000000018001d4c4 f   LIBCMT:tidtable.obj
 0001:0001c4ec       _initptd                   000000018001d4ec f   LIBCMT:tidtable.obj
 0001:0001c5a4       _getptd_noexit             000000018001d5a4 f   LIBCMT:tidtable.obj
 0001:0001c628       _getptd                    000000018001d628 f   LIBCMT:tidtable.obj
 0001:0001c64c       _freefls                   000000018001d64c f   LIBCMT:tidtable.obj
 0001:0001c780       _freeptd                   000000018001d780 f   LIBCMT:tidtable.obj
 0001:0001c7c0       __threadid                 000000018001d7c0 f   LIBCMT:tidtable.obj
 0001:0001c7c8       __threadhandle             000000018001d7c8 f   LIBCMT:tidtable.obj
 0001:0001c7d0       _mtinit                    000000018001d7d0 f   LIBCMT:tidtable.obj
 0001:0001c854       _setenvp                   000000018001d854 f   LIBCMT:stdenvp.obj
 0001:0001c984       _set_pgmptr                000000018001d984 f i LIBCMT:stdargv.obj
 0001:0001cb5c       _setargv                   000000018001db5c f   LIBCMT:stdargv.obj
 0001:0001cc54       __crtGetEnvironmentStringsA 000000018001dc54 f   LIBCMT:a_env.obj
 0001:0001cd48       _RTC_Initialize            000000018001dd48 f   LIBCMT:_initsect_.obj
 0001:0001cd80       _RTC_Terminate             000000018001dd80 f   LIBCMT:_initsect_.obj
 0001:0001cde8       _XcptFilter                000000018001dde8 f   LIBCMT:winxfltr.obj
 0001:0001cfb8       __CppXcptFilter            000000018001dfb8 f   LIBCMT:winxfltr.obj
 0001:0001cfcc       DllMain                    000000018001dfcc f   LIBCMT:dllmain.obj
 0001:0001cfd4       __security_init_cookie     000000018001dfd4 f   LIBCMT:gs_support.obj
 0001:0001d338       __updatetmbcinfo           000000018001e338 f   LIBCMT:mbctype.obj
 0001:0001d484       _setmbcp_nolock            000000018001e484 f   LIBCMT:mbctype.obj
 0001:0001d6fc       _getmbcp                   000000018001e6fc f   LIBCMT:mbctype.obj
 0001:0001d74c       _setmbcp                   000000018001e74c f   LIBCMT:mbctype.obj
 0001:0001d92c       __initmbctable             000000018001e92c f   LIBCMT:mbctype.obj
 0001:0001d954       __addlocaleref             000000018001e954 f   LIBCMT:localref.obj
 0001:0001d9e0       __removelocaleref          000000018001e9e0 f   LIBCMT:localref.obj
 0001:0001da84       __freetlocinfo             000000018001ea84 f   LIBCMT:localref.obj
 0001:0001dc00       _updatetlocinfoEx_nolock   000000018001ec00 f   LIBCMT:localref.obj
 0001:0001dc58       __updatetlocinfo           000000018001ec58 f   LIBCMT:localref.obj
 0001:0001dcd0       _isctype_l                 000000018001ecd0 f   LIBCMT:isctype.obj
 0001:0001ddb8       _isctype                   000000018001edb8 f   LIBCMT:isctype.obj
 0001:0001dddc       ___setlc_active_func       000000018001eddc f   LIBCMT:setlocal.obj
 0001:0001dde4       ___unguarded_readlc_active_add_func 000000018001ede4 f   LIBCMT:setlocal.obj
 0001:0001de20       _configthreadlocale        000000018001ee20 f   LIBCMT:setlocal.obj
 0001:0001debc       _free_locale               000000018001eebc f   LIBCMT:setlocal.obj
 0001:0001df64       __free_locale              000000018001ef64 f   LIBCMT:setlocal.obj
 0001:0001df6c       _get_current_locale        000000018001ef6c f   LIBCMT:setlocal.obj
 0001:0001e008       __get_current_locale       000000018001f008 f   LIBCMT:setlocal.obj
 0001:0001e010       __init_dummy               000000018001f010 f   LIBCMT:setlocal.obj
 0001:0001e014       _strcats                   000000018001f014 f   LIBCMT:setlocal.obj
 0001:0001e07c       __lc_strtolc               000000018001f07c f   LIBCMT:setlocal.obj
 0001:0001e22c       __lc_lctostr               000000018001f22c f   LIBCMT:setlocal.obj
 0001:0001e4a0       _expandlocale              000000018001f4a0 f   LIBCMT:setlocal.obj
 0001:0001ec10       _create_locale             000000018001fc10 f   LIBCMT:setlocal.obj
 0001:0001ed48       __create_locale            000000018001fd48 f   LIBCMT:setlocal.obj
 0001:0001ed50       setlocale                  000000018001fd50 f   LIBCMT:setlocal.obj
 0001:0001ef0c       __sys_nerr                 000000018001ff0c f   LIBCMT:syserr.obj
 0001:0001ef14       __sys_errlist              000000018001ff14 f   LIBCMT:syserr.obj
 0001:0001ef1c       strncpy_s                  000000018001ff1c f   LIBCMT:strncpy_s.obj
 0001:0001efdc       ?terminate@@YAXXZ          000000018001ffdc f   LIBCMT:hooks.obj
 0001:0001f000       ?unexpected@@YAXXZ         0000000180020000 f   LIBCMT:hooks.obj
 0001:0001f020       ?_inconsistency@@YAXXZ     0000000180020020 f   LIBCMT:hooks.obj
 0001:0001f048       _initp_eh_hooks            0000000180020048 f   LIBCMT:hooks.obj
 0001:0001f068       _initp_misc_winsig         0000000180020068 f   LIBCMT:winsig.obj
 0001:0001f158       __get_sigabrt              0000000180020158 f   LIBCMT:winsig.obj
 0001:0001f168       __fpecode                  0000000180020168 f   LIBCMT:winsig.obj
 0001:0001f17c       __pxcptinfoptrs            000000018002017c f   LIBCMT:winsig.obj
 0001:0001f190       signal                     0000000180020190 f   LIBCMT:winsig.obj
 0001:0001f450       raise                      0000000180020450 f   LIBCMT:winsig.obj
 0001:0001f684       _initp_misc_rand_s         0000000180020684 f   LIBCMT:rand_s.obj
 0001:0001f68c       rand_s                     000000018002068c f   LIBCMT:rand_s.obj
 0001:0001f790       __getlocaleinfo            0000000180020790 f   LIBCMT:inithelp.obj
 0001:0001f96c       _initp_misc_purevirt       000000018002096c f   LIBCMT:inithelp.obj
 0001:0001f980       _ValidateImageBase         0000000180020980 f   LIBCMT:pesect.obj
 0001:0001f9b0       _FindPESection             00000001800209b0 f   LIBCMT:pesect.obj
 0001:0001fa00       _IsNonwritableInCurrentImage 0000000180020a00 f   LIBCMT:pesect.obj
 0001:0001fa44       _MarkAllocaS               0000000180020a44 f i LIBCMT:a_map.obj
 0001:0001fa54       _freea                     0000000180020a54 f i LIBCMT:a_map.obj
 0001:0001fd5c       __crtLCMapStringA          0000000180020d5c f   LIBCMT:a_map.obj
 0001:0001fdf4       _isleadbyte_l              0000000180020df4 f i LIBCMT:_wctype.obj
 0001:0001fe3c       isleadbyte                 0000000180020e3c f i LIBCMT:_wctype.obj
 0001:0001fe84       _iswalpha_l                0000000180020e84 f i LIBCMT:_wctype.obj
 0001:0001fe90       iswalpha                   0000000180020e90 f i LIBCMT:_wctype.obj
 0001:0001fe9c       _iswupper_l                0000000180020e9c f i LIBCMT:_wctype.obj
 0001:0001fea8       iswupper                   0000000180020ea8 f i LIBCMT:_wctype.obj
 0001:0001feb4       _iswlower_l                0000000180020eb4 f i LIBCMT:_wctype.obj
 0001:0001fec0       iswlower                   0000000180020ec0 f i LIBCMT:_wctype.obj
 0001:0001fecc       _iswdigit_l                0000000180020ecc f i LIBCMT:_wctype.obj
 0001:0001fed8       iswdigit                   0000000180020ed8 f i LIBCMT:_wctype.obj
 0001:0001fee4       _iswxdigit_l               0000000180020ee4 f i LIBCMT:_wctype.obj
 0001:0001fef0       iswxdigit                  0000000180020ef0 f i LIBCMT:_wctype.obj
 0001:0001fefc       _iswspace_l                0000000180020efc f i LIBCMT:_wctype.obj
 0001:0001ff08       iswspace                   0000000180020f08 f i LIBCMT:_wctype.obj
 0001:0001ff14       _iswpunct_l                0000000180020f14 f i LIBCMT:_wctype.obj
 0001:0001ff20       iswpunct                   0000000180020f20 f i LIBCMT:_wctype.obj
 0001:0001ff2c       _iswalnum_l                0000000180020f2c f i LIBCMT:_wctype.obj
 0001:0001ff38       iswalnum                   0000000180020f38 f i LIBCMT:_wctype.obj
 0001:0001ff44       _iswprint_l                0000000180020f44 f i LIBCMT:_wctype.obj
 0001:0001ff50       iswprint                   0000000180020f50 f i LIBCMT:_wctype.obj
 0001:0001ff5c       _iswgraph_l                0000000180020f5c f i LIBCMT:_wctype.obj
 0001:0001ff68       iswgraph                   0000000180020f68 f i LIBCMT:_wctype.obj
 0001:0001ff74       _iswcntrl_l                0000000180020f74 f i LIBCMT:_wctype.obj
 0001:0001ff80       iswcntrl                   0000000180020f80 f i LIBCMT:_wctype.obj
 0001:0001ff8c       iswascii                   0000000180020f8c f i LIBCMT:_wctype.obj
 0001:0001ff9c       _iswcsym_l                 0000000180020f9c f i LIBCMT:_wctype.obj
 0001:0001ffc8       __iswcsym                  0000000180020fc8 f i LIBCMT:_wctype.obj
 0001:0001fff4       _iswcsymf_l                0000000180020ff4 f i LIBCMT:_wctype.obj
 0001:00020020       __iswcsymf                 0000000180021020 f i LIBCMT:_wctype.obj
 0001:0002004c       _flsbuf                    000000018002104c f   LIBCMT:_flsbuf.obj
 0001:000201dc       _vsprintf_l                00000001800211dc f   LIBCMT:vsprintf.obj
 0001:00020294       vsprintf                   0000000180021294 f   LIBCMT:vsprintf.obj
 0001:000202a0       _vscprintf_helper          00000001800212a0 f   LIBCMT:vsprintf.obj
 0001:00020330       _vscprintf                 0000000180021330 f   LIBCMT:vsprintf.obj
 0001:00020348       _vscprintf_l               0000000180021348 f   LIBCMT:vsprintf.obj
 0001:00020360       _vscprintf_p               0000000180021360 f   LIBCMT:vsprintf.obj
 0001:00020378       _vscprintf_p_l             0000000180021378 f   LIBCMT:vsprintf.obj
 0001:00020390       _vsnprintf_helper          0000000180021390 f   LIBCMT:vsnprnc.obj
 0001:00020478       _vsnprintf_c               0000000180021478 f   LIBCMT:vsnprnc.obj
 0001:000204ac       _vsnprintf_c_l             00000001800214ac f   LIBCMT:vsnprnc.obj
 0001:000204e4       _vsprintf_s_l              00000001800214e4 f   LIBCMT:vsnprnc.obj
 0001:00020554       vsprintf_s                 0000000180021554 f   LIBCMT:vsnprnc.obj
 0001:0002056c       _vsnprintf_s_l             000000018002156c f   LIBCMT:vsnprnc.obj
 0001:000206b4       _vsnprintf_s               00000001800216b4 f   LIBCMT:vsnprnc.obj
 0001:000206d4       _vsprintf_p                00000001800216d4 f   LIBCMT:vsnprnc.obj
 0001:00020708       _vsprintf_p_l              0000000180021708 f   LIBCMT:vsnprnc.obj
 0001:00020740       _freebuf                   0000000180021740 f   LIBCMT:_freebuf.obj
 0001:00020778       _write_nolock              0000000180021778 f   LIBCMT:write.obj
 0001:00020ed8       _write                     0000000180021ed8 f   LIBCMT:write.obj
 0001:00020fb8       _msize                     0000000180021fb8 f   LIBCMT:msize.obj
 0001:00020ff4       _validdrive                0000000180021ff4 f   LIBCMT:getcwd.obj
 0001:00021058       _getdcwd_nolock            0000000180022058 f   LIBCMT:getcwd.obj
 0001:00021184       _getcwd                    0000000180022184 f   LIBCMT:getcwd.obj
 0001:000211c8       _getdcwd                   00000001800221c8 f   LIBCMT:getcwd.obj
 0001:00021218       _mbsicmp_l                 0000000180022218 f   LIBCMT:mbsicmp.obj
 0001:00021424       _mbsicmp                   0000000180022424 f   LIBCMT:mbsicmp.obj
 0001:0002142c       _mbsrchr_l                 000000018002242c f   LIBCMT:mbsrchr.obj
 0001:0002150c       _mbsrchr                   000000018002250c f   LIBCMT:mbsrchr.obj
 0001:00021514       _fstat32                   0000000180022514 f   LIBCMT:fstat.obj
 0001:000218bc       __loctotime32_t            00000001800228bc f   LIBCMT:dtoxtime.obj
 0001:00021b70       __GSHandlerCheck_SEH       0000000180022b70 f   LIBCMT:gshandlerseh.obj
 0001:00021c04       _lseeki64_nolock           0000000180022c04 f   LIBCMT:lseeki64.obj
 0001:00021c9c       _lseeki64                  0000000180022c9c f   LIBCMT:lseeki64.obj
 0001:00021d80       _chsize_nolock             0000000180022d80 f   LIBCMT:chsize.obj
 0001:00021f18       _chsize_s                  0000000180022f18 f   LIBCMT:chsize.obj
 0001:00022008       _chsize                    0000000180023008 f   LIBCMT:chsize.obj
 0001:00022020       _read_nolock               0000000180023020 f   LIBCMT:read.obj
 0001:00022744       _read                      0000000180023744 f   LIBCMT:read.obj
 0001:00022860       _lseek_nolock              0000000180023860 f   LIBCMT:lseek.obj
 0001:000228f8       _lseek                     00000001800238f8 f   LIBCMT:lseek.obj
 0001:000229d8       _set_daylight              00000001800239d8 f i LIBCMT:tzset.obj
 0001:000229f0       _set_dstbias               00000001800239f0 f i LIBCMT:tzset.obj
 0001:00022a08       _set_timezone              0000000180023a08 f i LIBCMT:tzset.obj
 0001:00023420       __tzset                    0000000180024420 f   LIBCMT:tzset.obj
 0001:0002345c       _tzset                     000000018002445c f   LIBCMT:tzset.obj
 0001:00023480       _isindst                   0000000180024480 f   LIBCMT:tzset.obj
 0001:000234b0       _get_daylight              00000001800244b0 f   LIBCMT:timeset.obj
 0001:000234e0       _get_dstbias               00000001800244e0 f   LIBCMT:timeset.obj
 0001:00023510       _get_timezone              0000000180024510 f   LIBCMT:timeset.obj
 0001:00023540       _get_tzname                0000000180024540 f   LIBCMT:timeset.obj
 0001:000235f8       __daylight                 00000001800245f8 f   LIBCMT:timeset.obj
 0001:00023600       __dstbias                  0000000180024600 f   LIBCMT:timeset.obj
 0001:00023608       __timezone                 0000000180024608 f   LIBCMT:timeset.obj
 0001:00023610       __tzname                   0000000180024610 f   LIBCMT:timeset.obj
 0001:00023618       strpbrk                    0000000180024618 f   LIBCMT:strpbrk.obj
 0001:000236b4       __crt_debugger_hook        00000001800246b4 f   LIBCMT:dbghook.obj
 0001:000236d0       _local_unwind              00000001800246d0 f   LIBCMT:jmpuwind.obj
 0001:00023700       _NLG_Notify                0000000180024700 f   LIBCMT:jmpuwind.obj
 0001:00023720       __NLG_Dispatch2            0000000180024720 f   LIBCMT:jmpuwind.obj
 0001:00023730       __NLG_Return2              0000000180024730 f   LIBCMT:jmpuwind.obj
 0001:00023734       _isatty                    0000000180024734 f   LIBCMT:isatty.obj
 0001:00023794       printf                     0000000180024794 f   LIBCMT:printf.obj
 0001:00023840       _printf_l                  0000000180024840 f   LIBCMT:printf.obj
 0001:00023864       _printf_s_l                0000000180024864 f   LIBCMT:printf.obj
 0001:00023888       printf_s                   0000000180024888 f   LIBCMT:printf.obj
 0001:000238b0       _printf_p_l                00000001800248b0 f   LIBCMT:printf.obj
 0001:000238d4       _printf_p                  00000001800248d4 f   LIBCMT:printf.obj
 0001:000238fc       _set_printf_count_output   00000001800248fc f   LIBCMT:printf.obj
 0001:00023924       _get_printf_count_output   0000000180024924 f   LIBCMT:printf.obj
 0001:0002393c       _wctomb_s_l                000000018002493c f   LIBCMT:wctomb.obj
 0001:00023b00       wctomb_s                   0000000180024b00 f   LIBCMT:wctomb.obj
 0001:00023b14       _wctomb_l                  0000000180024b14 f   LIBCMT:wctomb.obj
 0001:00023b90       wctomb                     0000000180024b90 f   LIBCMT:wctomb.obj
 0001:00023d18       _output_s_l                0000000180024d18 f   LIBCMT:outputs.obj
 0001:000247e8       _validate_param_reuseA     00000001800257e8 f   LIBCMT:outputp.obj
 0001:00024a78       get_crtdouble_arg          0000000180025a78 f i LIBCMT:outputp.obj
 0001:00024a84       _output_p_l                0000000180025a84 f   LIBCMT:outputp.obj
 0001:00025bc0       _calloc_impl               0000000180026bc0 f   LIBCMT:calloc_impl.obj
 0001:00025c5c       _recalloc                  0000000180026c5c f   LIBCMT:recalloc.obj
 0001:00025ce4       _fclose_nolock             0000000180026ce4 f   LIBCMT:fclose.obj
 0001:00025d60       fclose                     0000000180026d60 f   LIBCMT:fclose.obj
 0001:00026128       __crtCompareStringA        0000000180027128 f   LIBCMT:a_cmp.obj
 0001:000261b4       _strnicoll_l               00000001800271b4 f   LIBCMT:strnicol.obj
 0001:000262b8       _strnicoll                 00000001800272b8 f   LIBCMT:strnicol.obj
 0001:000263dc       __crtsetenv                00000001800273dc f   LIBCMT:setenv.obj
 0001:00026778       __crtMessageBoxW           0000000180027778 f   LIBCMT:crtmboxw.obj
 0001:00026980       wcscat_s                   0000000180027980 f   LIBCMT:wcscat_s.obj
 0001:00026a08       wcsncpy_s                  0000000180027a08 f   LIBCMT:wcsncpy_s.obj
 0001:00026ad8       wcslen                     0000000180027ad8 f   LIBCMT:wcslen.obj
 0001:00026af4       wcscpy_s                   0000000180027af4 f   LIBCMT:wcscpy_s.obj
[...]
 0001:000030f0       apr_fcvt                   00000001800040f0 f   apr-1:apr_snprintf.obj
 0001:00003110       apr_gcvt                   0000000180004110 f   apr-1:apr_snprintf.obj
 0001:00003360       conv_10                    0000000180004360 f   apr-1:apr_snprintf.obj
 0001:000033c0       conv_10_quad               00000001800043c0 f   apr-1:apr_snprintf.obj
 0001:00003470       conv_in_addr               0000000180004470 f   apr-1:apr_snprintf.obj
 0001:00003540       conv_apr_sockaddr          0000000180004540 f   apr-1:apr_snprintf.obj
 0001:000035f0       conv_os_thread_t           00000001800045f0 f   apr-1:apr_snprintf.obj
 0001:00003620       conv_fp                    0000000180004620 f   apr-1:apr_snprintf.obj
 0001:00003850       conv_p2                    0000000180004850 f   apr-1:apr_snprintf.obj
 0001:000038c0       conv_p2_quad               00000001800048c0 f   apr-1:apr_snprintf.obj
 0001:00003950       conv_os_thread_t_hex       0000000180004950 f   apr-1:apr_snprintf.obj
 0001:000049c0       snprintf_flush             00000001800059c0 f   apr-1:apr_snprintf.obj
 0001:00004c10       allocator_alloc            0000000180005c10 f   apr-1:apr_pools.obj
 0001:00004db0       allocator_free             0000000180005db0 f   apr-1:apr_pools.obj
 0001:000052a0       psprintf_flush             00000001800062a0 f   apr-1:apr_pools.obj
 0001:00005810       run_cleanups               0000000180006810 f   apr-1:apr_pools.obj
 0001:000058b0       free_proc_chain            00000001800068b0 f   apr-1:apr_pools.obj
 0001:00005e80       stuffbuffer                0000000180006e80 f   apr-1:errorcodes.obj
 0001:00005ea0       apr_error_string           0000000180006ea0 f   apr-1:errorcodes.obj
 0001:00006110       apr_os_strerror            0000000180007110 f   apr-1:errorcodes.obj
 0001:00006210       native_strerror            0000000180007210 f   apr-1:errorcodes.obj
 0001:000062d0       apr_malloc_dbg             00000001800072d0 f   apr-1:start.obj
 0001:000062e0       apr_realloc_dbg            00000001800072e0 f   apr-1:start.obj
 0001:000062f0       warrsztoastr               00000001800072f0 f   apr-1:start.obj
 0001:00006660       compare_right              0000000180007660 f   apr-1:apr_strnatcmp.obj
 0001:00006720       compare_left               0000000180007720 f   apr-1:apr_strnatcmp.obj
 0001:000067b0       strnatcmp0                 00000001800077b0 f   apr-1:apr_strnatcmp.obj
 0001:00007170       make_sparse_file           0000000180008170 f   apr-1:open.obj
 0001:00007b70       get_local_addr             0000000180008b70 f   apr-1:sockaddr.obj
 0001:00007be0       get_remote_addr            0000000180008be0 f   apr-1:sockaddr.obj
 0001:00007ee0       find_addresses             0000000180008ee0 f   apr-1:sockaddr.obj
 0001:00008220       parse_network              0000000180009220 f   apr-1:sockaddr.obj
 0001:00008360       parse_ip                   0000000180009360 f   apr-1:sockaddr.obj
 0001:000083e0       looks_like_ip              00000001800093e0 f   apr-1:sockaddr.obj
 0001:00008430       fix_subnet                 0000000180009430 f   apr-1:sockaddr.obj
 0001:00008c70       thread_mutex_cleanup       0000000180009c70 f   apr-1:thread_mutex.obj
 0001:00008ec0       alloc_array                0000000180009ec0 f   apr-1:apr_hash.obj
 0001:00008fd0       expand_array               0000000180009fd0 f   apr-1:apr_hash.obj
 0001:000090d0       find_entry                 000000018000a0d0 f   apr-1:apr_hash.obj
 0001:000097e0       apr_winapi_CreateToolhelp32Snapshot 000000018000a7e0 f   apr-1:proc.obj
 0001:00009840       apr_winapi_Process32FirstW 000000018000a840 f   apr-1:proc.obj
 0001:000098b0       apr_winapi_Process32NextW  000000018000a8b0 f   apr-1:proc.obj
 0001:00009ca0       attr_cleanup               000000018000aca0 f   apr-1:proc.obj
 0001:00009fb0       has_space                  000000018000afb0 f   apr-1:proc.obj
 0001:00009ff0       apr_caret_escape_args      000000018000aff0 f   apr-1:proc.obj
 0001:0000a0c0       threadproc_global_cleanup  000000018000b0c0 f   apr-1:proc.obj
 0001:0000ac40       why_from_exit_code         000000018000bc40 f   apr-1:proc.obj
 0001:0000b4e0       apr_malloc_dbg             000000018000c4e0 f   apr-1:internal.obj
 0001:0000b4f0       apr_realloc_dbg            000000018000c4f0 f   apr-1:internal.obj
 0001:0000b690       read_with_timeout          000000018000c690 f   apr-1:readwrite.obj
 0001:0000b9e0       file_printf_flush          000000018000c9e0 f   apr-1:readwrite.obj
 0001:0000cce0       inet_ntop4                 000000018000dce0 f   apr-1:inet_ntop.obj
 0001:0000ce00       inet_pton4                 000000018000de00 f   apr-1:inet_pton.obj
 0001:0000f100       setptr                     0000000180010100 f   apr-1:seek.obj
 0001:0000f410       apr_winapi_GetCompressedFileSizeA 0000000180010410 f   apr-1:filestat.obj
 0001:0000f480       apr_winapi_GetCompressedFileSizeW 0000000180010480 f   apr-1:filestat.obj
 0001:0000f4f0       apr_winapi_ZwQueryInformationFile 00000001800104f0 f   apr-1:filestat.obj
 0001:0000f580       FileTimeToAprTime          0000000180010580 f   apr-1:filestat.obj
 0001:0000f5c0       AprTimeToFileTime          00000001800105c0 f   apr-1:filestat.obj
 0001:0000f5e0       test_safe_name             00000001800105e0 f   apr-1:filestat.obj
 0001:0000f660       free_localheap             0000000180010660 f   apr-1:filestat.obj
 0001:0000f680       free_world                 0000000180010680 f   apr-1:filestat.obj
 0001:0000f6b0       convert_prot               00000001800106b0 f   apr-1:filestat.obj
 0001:0000f6e0       resolve_prot               00000001800106e0 f   apr-1:filestat.obj
 0001:0000f890       guess_protection_bits      0000000180010890 f   apr-1:filestat.obj
 0001:00010140       resolve_ident              0000000180011140 f   apr-1:filestat.obj
 0001:00010760       make_array_core            0000000180011760 f   apr-1:apr_tables.obj
 0001:00010960       apr_array_push_noclear     0000000180011960 f   apr-1:apr_tables.obj
 0001:00010b50       copy_array_hdr_core        0000000180011b50 f   apr-1:apr_tables.obj
 0001:00010e60       table_reindex              0000000180011e60 f   apr-1:apr_tables.obj
 0001:00011b60       table_mergesort            0000000180012b60 f   apr-1:apr_tables.obj
 0001:00011fd0       apr_table_cat              0000000180012fd0 f   apr-1:apr_tables.obj
 0001:000124cc       IsRootUNCName              00000001800134cc f   LIBCMT:stati32.obj
 0001:00012568       _fullpath_helper           0000000180013568 f   LIBCMT:stati32.obj
 0001:0001330c       _getenv_s_helper           000000018001430c f   LIBCMT:getenv.obj
 0001:000133d0       _dupenv_s_helper           00000001800143d0 f   LIBCMT:getenv.obj
 0001:00013e34       __DllMainCRTStartup        0000000180014e34 f   LIBCMT:dllcrt0.obj
 0001:00014174       _callthreadstartex         0000000180015174 f   LIBCMT:threadex.obj
 0001:000141a0       _threadstartex             00000001800151a0 f   LIBCMT:threadex.obj
 0001:0001527c       _initterm                  000000018001627c f   LIBCMT:crt0dat.obj
 0001:0001540c       doexit                     000000018001640c f   LIBCMT:crt0dat.obj
 0001:00015cf8       ?strtoxl@@YAKPEAUlocaleinfo_struct@@PEBDPEAPEBDHH@Z 0000000180016cf8 f   LIBCMT:strtol.obj
 0001:00016030       ?strtoxq@@YA_KPEAUlocaleinfo_struct@@PEBDPEAPEBDHH@Z 0000000180017030 f   LIBCMT:strtoq.obj
 0001:00016b48       _dup2_nolock               0000000180017b48 f   LIBCMT:dup2.obj
 0001:00016cb0       extend_ioinfo_arrays       0000000180017cb0 f   LIBCMT:dup2.obj
 0001:0001717c       flsall                     000000018001817c f   LIBCMT:fflush.obj
 0001:000172b8       _onexit_nolock             00000001800182b8 f   LIBCMT:onexit.obj
 0001:0001780c       IsRootUNCName              000000018001880c f   LIBCMT:stat.obj
 0001:000178a8       _fullpath_helper           00000001800188a8 f   LIBCMT:stat.obj
 0001:000181ec       _tsopen_nolock             00000001800191ec f   LIBCMT:open.obj
 0001:00019910       write_char                 000000018001a910 f   LIBCMT:output.obj
 0001:00019958       write_multi_char           000000018001a958 f   LIBCMT:output.obj
 0001:000199ac       write_string               000000018001a9ac f   LIBCMT:output.obj
 0001:0001b84c       _shift                     000000018001c84c f   LIBCMT:cvt.obj
 0001:0001b890       _cftoe2_l                  000000018001c890 f   LIBCMT:cvt.obj
 0001:0001bfd4       _cftof2_l                  000000018001cfd4 f   LIBCMT:cvt.obj
 0001:0001c98c       parse_cmdline              000000018001d98c f   LIBCMT:stdargv.obj
 0001:0001cdb8       xcptlookup                 000000018001ddb8 f   LIBCMT:winxfltr.obj
 0001:0001d088       ?CPtoLCID@@YAHH@Z          000000018001e088 f   LIBCMT:mbctype.obj
 0001:0001d0bc       ?setSBCS@@YAXPEAUthreadmbcinfostruct@@@Z 000000018001e0bc f   LIBCMT:mbctype.obj
 0001:0001d148       ?setSBUpLow@@YAXPEAUthreadmbcinfostruct@@@Z 000000018001e148 f   LIBCMT:mbctype.obj
 0001:0001d3f4       ?getSystemCP@@YAHH@Z       000000018001e3f4 f   LIBCMT:mbctype.obj
 0001:0001ddec       _copytlocinfo_nolock       000000018001edec f   LIBCMT:setlocal.obj
 0001:0001de8c       sync_legacy_variables_lk   000000018001ee8c f   LIBCMT:setlocal.obj
 0001:0001e2c4       _setlocale_get_all         000000018001f2c4 f   LIBCMT:setlocal.obj
 0001:0001e6dc       _setlocale_set_cat         000000018001f6dc f   LIBCMT:setlocal.obj
 0001:0001e9ec       _setlocale_nolock          000000018001f9ec f   LIBCMT:setlocal.obj
 0001:0001f088       ctrlevent_capture          0000000180020088 f   LIBCMT:winsig.obj
 0001:0001f11c       siglookup                  000000018002011c f   LIBCMT:winsig.obj
 0001:0001fa74       ?strncnt@@YAHPEBDH@Z       0000000180020a74 f   LIBCMT:a_map.obj
 0001:0001fa90       ?__crtLCMapStringA_stat@@YAHPEAUlocaleinfo_struct@@KKPEBDHPEADHHH@Z 0000000180020a90 f   LIBCMT:a_map.obj
 0001:00022a20       _tzset_nolock              0000000180023a20 f   LIBCMT:tzset.obj
 0001:00022ea0       cvtdate                    0000000180023ea0 f   LIBCMT:tzset.obj
 0001:00023174       _isindst_nolock            0000000180024174 f   LIBCMT:tzset.obj
 0001:00023be4       write_char                 0000000180024be4 f   LIBCMT:outputs.obj
 0001:00023c2c       write_multi_char           0000000180024c2c f   LIBCMT:outputs.obj
 0001:00023c80       write_string               0000000180024c80 f   LIBCMT:outputs.obj
 0001:00024944       write_char                 0000000180025944 f   LIBCMT:outputp.obj
 0001:0002498c       write_multi_char           000000018002598c f   LIBCMT:outputp.obj
 0001:000249e0       write_string               00000001800259e0 f   LIBCMT:outputp.obj
 0001:00025dc8       ?strncnt@@YAHPEBDH@Z       0000000180026dc8 f   LIBCMT:a_cmp.obj
 0001:00025de4       ?__crtCompareStringA_stat@@YAHPEAUlocaleinfo_struct@@KKPEBDH1HH@Z 0000000180026de4 f   LIBCMT:a_cmp.obj
 0001:000262d0       findenv                    00000001800272d0 f   LIBCMT:setenv.obj
 0001:00026354       copy_environ               0000000180027354 f   LIBCMT:setenv.obj
 0001:000272cc       ?x_ismbbtype_l@@YAHPEAUlocaleinfo_struct@@IHH@Z 00000001800282cc f   LIBCMT:ismbbyte.obj
 0001:000275a0       ?__crtGetStringTypeA_stat@@YAHPEAUlocaleinfo_struct@@KPEBDHPEAGHHH@Z 00000001800285a0 f   LIBCMT:a_str.obj
 0001:00027780       _get_lc_time               0000000180028780 f   LIBCMT:inittime.obj
 0001:0002877c       fix_grouping               000000018002977c f   LIBCMT:initnum.obj
 0001:00028a8c       fix_grouping               0000000180029a8c f   LIBCMT:initmon.obj
 0001:000297f0       TranslateName              000000018002a7f0 f   LIBCMT:getqloc.obj
 0001:00029888       GetLcidFromDefault         000000018002a888 f   LIBCMT:getqloc.obj
 0001:000298ac       ProcessCodePage            000000018002a8ac f   LIBCMT:getqloc.obj
 0001:00029950       TestDefaultCountry         000000018002a950 f   LIBCMT:getqloc.obj
 0001:00029978       LcidFromHexString          000000018002a978 f   LIBCMT:getqloc.obj
 0001:000299b4       GetPrimaryLen              000000018002a9b4 f   LIBCMT:getqloc.obj
 0001:000299d0       CountryEnumProc            000000018002a9d0 f   LIBCMT:getqloc.obj
 0001:00029ab8       TestDefaultLanguage        000000018002aab8 f   LIBCMT:getqloc.obj
 0001:00029b48       LangCountryEnumProc        000000018002ab48 f   LIBCMT:getqloc.obj
 0001:00029e18       LanguageEnumProc           000000018002ae18 f   LIBCMT:getqloc.obj
 0001:00029f48       GetLcidFromCountry         000000018002af48 f   LIBCMT:getqloc.obj
 0001:00029f88       GetLcidFromLangCountry     000000018002af88 f   LIBCMT:getqloc.obj
 0001:0002a020       GetLcidFromLanguage        000000018002b020 f   LIBCMT:getqloc.obj
 0001:0002a3c8       ?__crtGetLocaleInfoA_stat@@YAHPEAUlocaleinfo_struct@@KKPEADH@Z 000000018002b3c8 f   LIBCMT:a_loc.obj
 0001:0002de80       xtoa_s                     000000018002ee80 f   LIBCMT:xtoas.obj
 0001:0002dfd4       x64toa_s                   000000018002efd4 f   LIBCMT:xtoas.obj
 0001:0002e4f0       fprintf$fin$0              000000018002f4f0 f   LIBCMT:fprintf.obj
 0001:0002e50a       getenv$fin$0               000000018002f50a f   LIBCMT:getenv.obj
 0001:0002e525       getenv_s$fin$0             000000018002f525 f   LIBCMT:getenv.obj
 0001:0002e540       _dupenv_s$fin$0            000000018002f540 f   LIBCMT:getenv.obj
 0001:0002e55b       _CRT_INIT$fin$0            000000018002f55b f   LIBCMT:dllcrt0.obj
 0001:0002e581       __DllMainCRTStartup$filt$0 000000018002f581 f   LIBCMT:dllcrt0.obj
 0001:0002e59f       _callthreadstartex$filt$0  000000018002f59f f   LIBCMT:threadex.obj
 0001:0002e5bd       doexit$fin$0               000000018002f5bd f   LIBCMT:crt0dat.obj
 0001:0002e5e1       _close$fin$0               000000018002f5e1 f   LIBCMT:close.obj
 0001:0002e5fa       __lock_fhandle$fin$0       000000018002f5fa f   LIBCMT:osfinfo.obj
 0001:0002e615       _alloc_osfhnd$fin$0        000000018002f615 f   LIBCMT:osfinfo.obj
 0001:0002e635       _alloc_osfhnd$fin$1        000000018002f635 f   LIBCMT:osfinfo.obj
 0001:0002e650       _open_osfhandle$fin$0      000000018002f650 f   LIBCMT:osfinfo.obj
 0001:0002e698       _setmode$fin$0             000000018002f698 f   LIBCMT:setmode.obj
 0001:0002e6b1       _dup2$fin$0                000000018002f6b1 f   LIBCMT:dup2.obj
 0001:0002e6d2       _commit$fin$0              000000018002f6d2 f   LIBCMT:commit.obj
 0001:0002e6eb       setvbuf$fin$0              000000018002f6eb f   LIBCMT:setvbuf.obj
 0001:0002e705       flsall$fin$0               000000018002f705 f   LIBCMT:fflush.obj
 0001:0002e735       flsall$fin$1               000000018002f735 f   LIBCMT:fflush.obj
 0001:0002e750       fflush$fin$0               000000018002f750 f   LIBCMT:fflush.obj
 0001:0002e76a       _onexit$fin$0              000000018002f76a f   LIBCMT:onexit.obj
 0001:0002e780       _fstat64i32$fin$0          000000018002f780 f   LIBCMT:fstati32.obj
 0001:0002e799       _open$fin$0                000000018002f799 f   LIBCMT:open.obj
 0001:0002e7e7       _sopen_helper$fin$0        000000018002f7e7 f   LIBCMT:open.obj
 0001:0002e830       _chdrive$fin$0             000000018002f830 f   LIBCMT:drive.obj
 0001:0002e84b       vfprintf_helper$fin$0      000000018002f84b f   LIBCMT:vfprintf.obj
 0001:0002e865       _fcloseall$fin$0           000000018002f865 f   LIBCMT:closeall.obj
 0001:0002e880       _mtinitlocknum$fin$0       000000018002f880 f   LIBCMT:mlock.obj
 0001:0002e89e       _initptd$fin$1             000000018002f89e f   LIBCMT:tidtable.obj
 0001:0002e8be       _initptd$fin$0             000000018002f8be f   LIBCMT:tidtable.obj
 0001:0002e8d9       _freefls$fin$1             000000018002f8d9 f   LIBCMT:tidtable.obj
 0001:0002e8f9       _freefls$fin$0             000000018002f8f9 f   LIBCMT:tidtable.obj
 0001:0002e914       __updatetmbcinfo$fin$0     000000018002f914 f   LIBCMT:mbctype.obj
 0001:0002e92f       _setmbcp$fin$0             000000018002f92f f   LIBCMT:mbctype.obj
 0001:0002e94a       __updatetlocinfo$fin$0     000000018002f94a f   LIBCMT:localref.obj
 0001:0002e965       _free_locale$fin$1         000000018002f965 f   LIBCMT:setlocal.obj
 0001:0002e985       _free_locale$fin$0         000000018002f985 f   LIBCMT:setlocal.obj
 0001:0002e9a0       _get_current_locale$fin$1  000000018002f9a0 f   LIBCMT:setlocal.obj
 0001:0002e9c0       _get_current_locale$fin$0  000000018002f9c0 f   LIBCMT:setlocal.obj
 0001:0002e9db       setlocale$fin$1            000000018002f9db f   LIBCMT:setlocal.obj
 0001:0002e9fb       setlocale$fin$0            000000018002f9fb f   LIBCMT:setlocal.obj
 0001:0002ea1b       setlocale$fin$2            000000018002fa1b f   LIBCMT:setlocal.obj
 0001:0002ea36       ctrlevent_capture$fin$0    000000018002fa36 f   LIBCMT:winsig.obj
 0001:0002ea4e       signal$fin$0               000000018002fa4e f   LIBCMT:winsig.obj
 0001:0002ea66       raise$fin$0                000000018002fa66 f   LIBCMT:winsig.obj
 0001:0002ea90       _IsNonwritableInCurrentImage$filt$0 000000018002fa90 f   LIBCMT:pesect.obj
 0001:0002eab2       _write$fin$0               000000018002fab2 f   LIBCMT:write.obj
 0001:0002eacb       _getcwd$fin$0              000000018002facb f   LIBCMT:getcwd.obj
 0001:0002eae6       _getdcwd$fin$0             000000018002fae6 f   LIBCMT:getcwd.obj
 0001:0002eb01       _fstat32$fin$0             000000018002fb01 f   LIBCMT:fstat.obj
 0001:0002eb1a       _lseeki64$fin$0            000000018002fb1a f   LIBCMT:lseeki64.obj
 0001:0002eb33       _chsize_s$fin$0            000000018002fb33 f   LIBCMT:chsize.obj
 0001:0002eb4c       _read$fin$0                000000018002fb4c f   LIBCMT:read.obj
 0001:0002eb65       _lseek$fin$0               000000018002fb65 f   LIBCMT:lseek.obj
 0001:0002eb7e       _tzset_nolock$fin$0        000000018002fb7e f   LIBCMT:tzset.obj
 0001:0002eb99       __tzset$fin$0              000000018002fb99 f   LIBCMT:tzset.obj
 0001:0002ebb4       _tzset$fin$0               000000018002fbb4 f   LIBCMT:tzset.obj
 0001:0002ebcf       _isindst$fin$0             000000018002fbcf f   LIBCMT:tzset.obj
 0001:0002ebea       printf$fin$0               000000018002fbea f   LIBCMT:printf.obj
 0001:0002ec11       fclose$fin$0               000000018002fc11 f   LIBCMT:fclose.obj
 0001:0002ec2b       _putwch$fin$0              000000018002fc2b f   LIBCMT:putwch.obj
 0001:0002ec46       vprintf_helper$fin$0       000000018002fc46 f   LIBCMT:vprintf.obj

 Exports

  ordinal    name

        1    dynatrace_agent_log
        2    dynatrace_capture_bool
        3    dynatrace_capture_char
        4    dynatrace_capture_double
        5    dynatrace_capture_float
        6    dynatrace_capture_int16
        7    dynatrace_capture_int32
        8    dynatrace_capture_int64
        9    dynatrace_capture_string
       10    dynatrace_capture_string_with_charset
       11    dynatrace_custom_log
       12    dynatrace_custom_log_with_charset
       13    dynatrace_end_server_purepath
       14    dynatrace_enter
       15    dynatrace_exception_throw
       16    dynatrace_exception_throw_with_charset
       17    dynatrace_exit
       18    dynatrace_exit_exception
       19    dynatrace_get_method_id
       20    dynatrace_get_method_id_with_charset
       21    dynatrace_get_serial_no
       22    dynatrace_get_tag
       23    dynatrace_get_tag_as_string
       24    dynatrace_get_tag_size
       25    dynatrace_initialize
       26    dynatrace_is_tag_valid
       27    dynatrace_link_client_purepath
       28    dynatrace_link_client_purepath_by_customtag
       29    dynatrace_link_client_purepath_by_string
       30    dynatrace_reinitialize
       31    dynatrace_set
       32    dynatrace_set_customtag
       33    dynatrace_set_tag
       34    dynatrace_set_tag_from_string
       35    dynatrace_start_server_purepath
       36    dynatrace_string_to_tag
       37    dynatrace_tag_to_string
       38    dynatrace_uninitialize
